Component: ARM Compiler 5.05 update 2 (build 169) Tool: armlink [4d0f33]

==============================================================================

Section Cross References

    main.o(i.main) refers to ddl.o(i.delay1ms) for delay1ms
    main.o(i.main) refers to sys_user.o(i.SysInit) for SysInit
    main.o(i.main) refers to flash_user.o(i.Flash_Power_Init) for Flash_Power_Init
    main.o(i.main) refers to uart_user.o(i.BleAnd4GLpUartInit) for BleAnd4GLpUartInit
    main.o(i.main) refers to sensor_user.o(i.GetK) for GetK
    main.o(i.main) refers to timer_user.o(i.Timer0Init) for Timer0Init
    main.o(i.main) refers to ethernet_user.o(i.Ethernet_Init) for Ethernet_Init
    main.o(i.main) refers to ble_user.o(i.BLE_Init) for BLE_Init
    main.o(i.main) refers to adc_user.o(i.Battery_Init) for Battery_Init
    main.o(i.main) refers to timer_user.o(i.LPTimer0Init) for LPTimer0Init
    main.o(i.main) refers to adc_user.o(i.Battery_Scan) for Battery_Scan
    main.o(i.main) refers to sensor_user.o(i.SensorScan) for SensorScan
    main.o(i.main) refers to ble_user.o(i.BLE_Analysis) for BLE_Analysis
    main.o(i.main) refers to lcd_user.o(i.LCD_General) for LCD_General
    main.o(i.main) refers to ethernet_user.o(i.Ethernet_Send_Time) for Ethernet_Send_Time
    adc_user.o(i.ADC_User_Start) refers to bgr.o(i.Bgr_BgrEnable) for Bgr_BgrEnable
    adc_user.o(i.ADC_User_Start) refers to adc.o(i.Adc_Enable) for Adc_Enable
    adc_user.o(i.ADC_User_Start) refers to ddl.o(i.delay1ms) for delay1ms
    adc_user.o(i.ADC_User_Start) refers to adc.o(i.Adc_SGL_Start) for Adc_SGL_Start
    adc_user.o(i.Adc_IRQHandler) refers to adc.o(i.Adc_ClrIrqStatus) for Adc_ClrIrqStatus
    adc_user.o(i.Adc_IRQHandler) refers to adc.o(i.Adc_GetSglResult) for Adc_GetSglResult
    adc_user.o(i.Adc_IRQHandler) refers to aeabi_sdiv.o(.text) for __aeabi_uidivmod
    adc_user.o(i.Adc_IRQHandler) refers to dflti.o(.text) for __aeabi_ui2d
    adc_user.o(i.Adc_IRQHandler) refers to ddiv.o(.text) for __aeabi_ddiv
    adc_user.o(i.Adc_IRQHandler) refers to dmul.o(.text) for __aeabi_dmul
    adc_user.o(i.Adc_IRQHandler) refers to dfixui.o(.text) for __aeabi_d2uiz
    adc_user.o(i.Adc_IRQHandler) refers to adc.o(i.Adc_SGL_Stop) for Adc_SGL_Stop
    adc_user.o(i.Adc_IRQHandler) refers to bgr.o(i.Bgr_BgrDisable) for Bgr_BgrDisable
    adc_user.o(i.Adc_IRQHandler) refers to adc.o(i.Adc_Disable) for Adc_Disable
    adc_user.o(i.Adc_IRQHandler) refers to adc.o(i.Adc_SGL_Start) for Adc_SGL_Start
    adc_user.o(i.Adc_IRQHandler) refers to sys_user.o(.bss) for System_Data
    adc_user.o(i.Adc_IRQHandler) refers to adc_user.o(.bss) for batteryAD
    adc_user.o(i.App_AdcInit) refers to ddl.o(i.ddl_memclr) for ddl_memclr
    adc_user.o(i.App_AdcInit) refers to sysctrl.o(i.Sysctrl_SetPeripheralGate) for Sysctrl_SetPeripheralGate
    adc_user.o(i.App_AdcInit) refers to bgr.o(i.Bgr_BgrEnable) for Bgr_BgrEnable
    adc_user.o(i.App_AdcInit) refers to adc.o(i.Adc_Enable) for Adc_Enable
    adc_user.o(i.App_AdcInit) refers to ddl.o(i.delay1ms) for delay1ms
    adc_user.o(i.App_AdcInit) refers to adc.o(i.Adc_Init) for Adc_Init
    adc_user.o(i.App_AdcPortDeInit) refers to ddl.o(i.ddl_memclr) for ddl_memclr
    adc_user.o(i.App_AdcPortDeInit) refers to sysctrl.o(i.Sysctrl_SetPeripheralGate) for Sysctrl_SetPeripheralGate
    adc_user.o(i.App_AdcPortDeInit) refers to gpio.o(i.Gpio_Init) for Gpio_Init
    adc_user.o(i.App_AdcPortInit) refers to sysctrl.o(i.Sysctrl_SetPeripheralGate) for Sysctrl_SetPeripheralGate
    adc_user.o(i.App_AdcPortInit) refers to gpio.o(i.Gpio_SetAnalogMode) for Gpio_SetAnalogMode
    adc_user.o(i.App_AdcSglCfg) refers to adc.o(i.Adc_CfgSglChannel) for Adc_CfgSglChannel
    adc_user.o(i.App_AdcSglCfg) refers to adc.o(i.Adc_EnableIrq) for Adc_EnableIrq
    adc_user.o(i.App_AdcSglCfg) refers to interrupts_hc32l17x.o(i.EnableNvic) for EnableNvic
    adc_user.o(i.Battery_Init) refers to adc_user.o(i.App_AdcPortInit) for App_AdcPortInit
    adc_user.o(i.Battery_Init) refers to adc_user.o(i.App_AdcInit) for App_AdcInit
    adc_user.o(i.Battery_Init) refers to adc_user.o(i.App_AdcSglCfg) for App_AdcSglCfg
    adc_user.o(i.Battery_Init) refers to sys_user.o(.bss) for System_Data
    adc_user.o(i.Battery_Scan) refers to adc_user.o(i.ADC_User_Start) for ADC_User_Start
    adc_user.o(i.Battery_Scan) refers to sys_user.o(.bss) for System_Data
    ble_user.o(i.BLE_ADPTIM) refers to ble_user.o(i.BLE_Judgment) for BLE_Judgment
    ble_user.o(i.BLE_ADPTIM) refers to ble_user.o(i.BLE_Restart) for BLE_Restart
    ble_user.o(i.BLE_Analysis) refers to ble_user.o(i.BLE_LED_State) for BLE_LED_State
    ble_user.o(i.BLE_Analysis) refers to ble_user.o(i.BLE_Clear_Buffer) for BLE_Clear_Buffer
    ble_user.o(i.BLE_Analysis) refers to ble_user.o(i.__ARM_common_switch8) for __ARM_common_switch8
    ble_user.o(i.BLE_Analysis) refers to ble_user.o(i.BLE_SysData_Read) for BLE_SysData_Read
    ble_user.o(i.BLE_Analysis) refers to ble_user.o(i.BLE_PData_Read) for BLE_PData_Read
[...]
    i.Flash_WriteHalfWord                    0x00003358   Section        0  flash.o(i.Flash_WriteHalfWord)
    i.Flash_WriteWord                        0x00003408   Section        0  flash.o(i.Flash_WriteWord)
    i.GetBit                                 0x000034b8   Section        0  ddl.o(i.GetBit)
    i.GetK                                   0x000034c4   Section        0  sensor_user.o(i.GetK)
    i.GetPTADC                               0x000034d4   Section        0  sensor_user.o(i.GetPTADC)
    GetPTADC                                 0x000034d5   Thumb Code    62  sensor_user.o(i.GetPTADC)
    i.GetPTValue                             0x00003518   Section        0  sensor_user.o(i.GetPTValue)
    i.Gpio_ClearIrq                          0x000035ec   Section        0  gpio.o(i.Gpio_ClearIrq)
    i.Gpio_ClrIO                             0x00003608   Section        0  gpio.o(i.Gpio_ClrIO)
    i.Gpio_EnableIrq                         0x00003624   Section        0  gpio.o(i.Gpio_EnableIrq)
    i.Gpio_GetInputIO                        0x00003648   Section        0  gpio.o(i.Gpio_GetInputIO)
    i.Gpio_GetIrqStatus                      0x00003660   Section        0  gpio.o(i.Gpio_GetIrqStatus)
    i.Gpio_Init                              0x00003678   Section        0  gpio.o(i.Gpio_Init)
    i.Gpio_SetAfMode                         0x00003714   Section        0  gpio.o(i.Gpio_SetAfMode)
    i.Gpio_SetAnalogMode                     0x00003728   Section        0  gpio.o(i.Gpio_SetAnalogMode)
    i.Gpio_SetIO                             0x00003744   Section        0  gpio.o(i.Gpio_SetIO)
    i.HardFault_Handler                      0x00003760   Section        0  interrupts_hc32l17x.o(i.HardFault_Handler)
    i.I2C0_IRQHandler                        0x00003770   Section        0  interrupts_hc32l17x.o(i.I2C0_IRQHandler)
    i.I2C1_IRQHandler                        0x00003778   Section        0  interrupts_hc32l17x.o(i.I2C1_IRQHandler)
    i.LCDIICDeInit                           0x00003780   Section        0  iic_user.o(i.LCDIICDeInit)
    i.LCDIICInit                             0x000037b2   Section        0  iic_user.o(i.LCDIICInit)
    i.LCD_4GSignal                           0x000037e8   Section        0  lcd_user.o(i.LCD_4GSignal)
    i.LCD_Battery                            0x00003834   Section        0  lcd_user.o(i.LCD_Battery)
    i.LCD_BigNumber                          0x00003880   Section        0  lcd_user.o(i.LCD_BigNumber)
    i.LCD_CheckAsk                           0x000038e2   Section        0  iic_user.o(i.LCD_CheckAsk)
    LCD_CheckAsk                             0x000038e3   Thumb Code    70  iic_user.o(i.LCD_CheckAsk)
    i.LCD_General                            0x00003928   Section        0  lcd_user.o(i.LCD_General)
    i.LCD_IRQHandler                         0x00003a18   Section        0  interrupts_hc32l17x.o(i.LCD_IRQHandler)
    i.LCD_Init                               0x00003a20   Section        0  lcd_user.o(i.LCD_Init)
    i.LCD_Mizi_Four                          0x00003a6c   Section        0  lcd_user.o(i.LCD_Mizi_Four)
    LCD_Mizi_Four                            0x00003a6d   Thumb Code   370  lcd_user.o(i.LCD_Mizi_Four)
    i.LCD_Mizi_Number                        0x00003be4   Section        0  lcd_user.o(i.LCD_Mizi_Number)
    i.LCD_Mizi_One                           0x00003d28   Section        0  lcd_user.o(i.LCD_Mizi_One)
    LCD_Mizi_One                             0x00003d29   Thumb Code   370  lcd_user.o(i.LCD_Mizi_One)
    i.LCD_Mizi_Point                         0x00003ea0   Section        0  lcd_user.o(i.LCD_Mizi_Point)
    i.LCD_Pressure                           0x00003ef8   Section        0  lcd_user.o(i.LCD_Pressure)
    i.LCD_Range                              0x0000405c   Section        0  lcd_user.o(i.LCD_Range)
    i.LCD_Refresh                            0x00004210   Section        0  lcd_user.o(i.LCD_Refresh)
    LCD_Refresh                              0x00004211   Thumb Code    52  lcd_user.o(i.LCD_Refresh)
    i.LCD_SDA_IN                             0x00004248   Section        0  iic_user.o(i.LCD_SDA_IN)
    LCD_SDA_IN                               0x00004249   Thumb Code    28  iic_user.o(i.LCD_SDA_IN)
    i.LCD_SDA_OUT                            0x00004264   Section        0  iic_user.o(i.LCD_SDA_OUT)
    LCD_SDA_OUT                              0x00004265   Thumb Code    26  iic_user.o(i.LCD_SDA_OUT)
    i.LCD_SendByte                           0x0000427e   Section        0  iic_user.o(i.LCD_SendByte)
    LCD_SendByte                             0x0000427f   Thumb Code    64  iic_user.o(i.LCD_SendByte)
    i.LCD_SmallNumber                        0x000042c0   Section        0  lcd_user.o(i.LCD_SmallNumber)
    i.LCD_Start                              0x00004500   Section        0  iic_user.o(i.LCD_Start)
    LCD_Start                                0x00004501   Thumb Code    36  iic_user.o(i.LCD_Start)
    i.LCD_Stop                               0x00004524   Section        0  iic_user.o(i.LCD_Stop)
    LCD_Stop                                 0x00004525   Thumb Code    32  iic_user.o(i.LCD_Stop)
    i.LCD_Symbols                            0x00004544   Section        0  lcd_user.o(i.LCD_Symbols)
    i.LCD_Temperature                        0x000045d8   Section        0  lcd_user.o(i.LCD_Temperature)
    i.LCD_Timeout                            0x000045ec   Section        0  lcd_user.o(i.LCD_Timeout)
    i.LCD_Unit                               0x00004628   Section        0  lcd_user.o(i.LCD_Unit)
    i.LCD_Write                              0x000046a8   Section        0  iic_user.o(i.LCD_Write)
    i.LPTIM0_1_IRQHandler                    0x000046f2   Section        0  interrupts_hc32l17x.o(i.LPTIM0_1_IRQHandler)
    i.LPTimer0Init                           0x00004700   Section        0  timer_user.o(i.LPTimer0Init)
    i.LPUART0_IRQHandler                     0x00004764   Section        0  interrupts_hc32l17x.o(i.LPUART0_IRQHandler)
    i.LPUART1_IRQHandler                     0x0000476c   Section        0  interrupts_hc32l17x.o(i.LPUART1_IRQHandler)
    i.LPUart_ClrStatus                       0x00004774   Section        0  lpuart.o(i.LPUart_ClrStatus)
    i.LPUart_DisableIrq                      0x0000478a   Section        0  lpuart.o(i.LPUart_DisableIrq)
    i.LPUart_EnableFunc                      0x0000479e   Section        0  lpuart.o(i.LPUart_EnableFunc)
    i.LPUart_EnableIrq                       0x000047b2   Section        0  lpuart.o(i.LPUart_EnableIrq)
    i.LPUart_GetStatus                       0x000047c6   Section        0  lpuart.o(i.LPUart_GetStatus)
    i.LPUart_Init                            0x000047e0   Section        0  lpuart.o(i.LPUart_Init)
    i.LPUart_ReceiveData                     0x00004878   Section        0  lpuart.o(i.LPUart_ReceiveData)
    i.LPUart_SendData                        0x00004880   Section        0  lpuart.o(i.LPUart_SendData)
    i.LVD_IRQHandler                         0x000048ba   Section        0  interrupts_hc32l17x.o(i.LVD_IRQHandler)
    i.LpTim0_IRQHandler                      0x000048c4   Section        0  timer_user.o(i.LpTim0_IRQHandler)
    i.LpUart0_IRQHandler                     0x0000492c   Section        0  uart_user.o(i.LpUart0_IRQHandler)
    i.LpUart1_IRQHandler                     0x00004978   Section        0  uart_user.o(i.LpUart1_IRQHandler)
    i.LpUartTimeOut                          0x00004a34   Section        0  uart_user.o(i.LpUartTimeOut)
    i.Lptim_ClrItStatus                      0x00004a74   Section        0  lptim.o(i.Lptim_ClrItStatus)
    i.Lptim_Cmd                              0x00004a86   Section        0  lptim.o(i.Lptim_Cmd)
    i.Lptim_ConfIt                           0x00004a9a   Section        0  lptim.o(i.Lptim_ConfIt)
    i.Lptim_GetItStatus                      0x00004aae   Section        0  lptim.o(i.Lptim_GetItStatus)
    i.Lptim_Init                             0x00004abe   Section        0  lptim.o(i.Lptim_Init)
    i.NVIC_SetPriority                       0x00004b80   Section        0  interrupts_hc32l17x.o(i.NVIC_SetPriority)
    NVIC_SetPriority                         0x00004b81   Thumb Code   110  interrupts_hc32l17x.o(i.NVIC_SetPriority)
    i.Number_To_Char                         0x00004bf8   Section        0  ethernet_user.o(i.Number_To_Char)
    Number_To_Char                           0x00004bf9   Thumb Code   278  ethernet_user.o(i.Number_To_Char)
    i.PCA_IRQHandler                         0x00004d14   Section        0  interrupts_hc32l17x.o(i.PCA_IRQHandler)
    i.PCNT_IRQHandler                        0x00004d1c   Section        0  interrupts_hc32l17x.o(i.PCNT_IRQHandler)
    i.PORTA_IRQHandler                       0x00004d24   Section        0  interrupts_hc32l17x.o(i.PORTA_IRQHandler)
    i.PORTB_IRQHandler                       0x00004d2c   Section        0  interrupts_hc32l17x.o(i.PORTB_IRQHandler)
    i.PORTC_E_IRQHandler                     0x00004d34   Section        0  interrupts_hc32l17x.o(i.PORTC_E_IRQHandler)
    i.PORTD_F_IRQHandler                     0x00004d40   Section        0  interrupts_hc32l17x.o(i.PORTD_F_IRQHandler)
    i.PortB_IRQHandler                       0x00004d4c   Section        0  sys_user.o(i.PortB_IRQHandler)
    i.RTC_IRQHandler                         0x00004db4   Section        0  interrupts_hc32l17x.o(i.RTC_IRQHandler)
    i.ReadSensor                             0x00004dbc   Section        0  iic_user.o(i.ReadSensor)
    i.SPI0_IRQHandler                        0x00004e24   Section        0  interrupts_hc32l17x.o(i.SPI0_IRQHandler)
    i.SPI1_IRQHandler                        0x00004e2c   Section        0  interrupts_hc32l17x.o(i.SPI1_IRQHandler)
    i.SensorIICDeInit                        0x00004e34   Section        0  iic_user.o(i.SensorIICDeInit)
    i.SensorIICInit                          0x00004e66   Section        0  iic_user.o(i.SensorIICInit)
    i.SensorScan                             0x00004ea8   Section        0  sensor_user.o(i.SensorScan)
    i.Sensor_CheckAsk                        0x00004ee8   Section        0  iic_user.o(i.Sensor_CheckAsk)
    Sensor_CheckAsk                          0x00004ee9   Thumb Code    70  iic_user.o(i.Sensor_CheckAsk)
    i.Sensor_GetByte                         0x00004f2e   Section        0  iic_user.o(i.Sensor_GetByte)
    Sensor_GetByte                           0x00004f2f   Thumb Code    70  iic_user.o(i.Sensor_GetByte)
    i.Sensor_SDA_IN                          0x00004f74   Section        0  iic_user.o(i.Sensor_SDA_IN)
    Sensor_SDA_IN                            0x00004f75   Thumb Code    28  iic_user.o(i.Sensor_SDA_IN)
    i.Sensor_SDA_OUT                         0x00004f90   Section        0  iic_user.o(i.Sensor_SDA_OUT)
    Sensor_SDA_OUT                           0x00004f91   Thumb Code    26  iic_user.o(i.Sensor_SDA_OUT)
    i.Sensor_SendAsk                         0x00004faa   Section        0  iic_user.o(i.Sensor_SendAsk)
    Sensor_SendAsk                           0x00004fab   Thumb Code    36  iic_user.o(i.Sensor_SendAsk)
    i.Sensor_SendByte                        0x00004fce   Section        0  iic_user.o(i.Sensor_SendByte)
    Sensor_SendByte                          0x00004fcf   Thumb Code    64  iic_user.o(i.Sensor_SendByte)
    i.Sensor_Start                           0x0000500e   Section        0  iic_user.o(i.Sensor_Start)
    Sensor_Start                             0x0000500f   Thumb Code    36  iic_user.o(i.Sensor_Start)
    i.Sensor_Stop                            0x00005032   Section        0  iic_user.o(i.Sensor_Stop)
    Sensor_Stop                              0x00005033   Thumb Code    32  iic_user.o(i.Sensor_Stop)
    i.SetBit                                 0x00005052   Section        0  ddl.o(i.SetBit)
    i.SysInit                                0x00005070   Section        0  sys_user.o(i.SysInit)
    i.SysTick_Handler                        0x000050f4   Section        0  interrupts_hc32l17x.o(i.SysTick_Handler)
    i.Sysctrl_ClkInit                        0x000050fc   Section        0  sysctrl.o(i.Sysctrl_ClkInit)
    i.Sysctrl_ClkSourceEnable                0x00005168   Section        0  sysctrl.o(i.Sysctrl_ClkSourceEnable)
    i.Sysctrl_GetHClkFreq                    0x000052d4   Section        0  sysctrl.o(i.Sysctrl_GetHClkFreq)
    i.Sysctrl_GetPClkFreq                    0x00005448   Section        0  sysctrl.o(i.Sysctrl_GetPClkFreq)
    i.Sysctrl_SetHCLKDiv                     0x00005468   Section        0  sysctrl.o(i.Sysctrl_SetHCLKDiv)
    i.Sysctrl_SetPCLKDiv                     0x00005490   Section        0  sysctrl.o(i.Sysctrl_SetPCLKDiv)
    i.Sysctrl_SetPLLStableTime               0x000054b8   Section        0  sysctrl.o(i.Sysctrl_SetPLLStableTime)
    i.Sysctrl_SetPeripheralGate              0x000054dc   Section        0  sysctrl.o(i.Sysctrl_SetPeripheralGate)
    i.Sysctrl_SetRCLStableTime               0x0000552c   Section        0  sysctrl.o(i.Sysctrl_SetRCLStableTime)
    i.Sysctrl_SetRCLTrim                     0x00005550   Section        0  sysctrl.o(i.Sysctrl_SetRCLTrim)
    i.Sysctrl_SetXTHStableTime               0x00005578   Section        0  sysctrl.o(i.Sysctrl_SetXTHStableTime)
    i.Sysctrl_SetXTLStableTime               0x00005598   Section        0  sysctrl.o(i.Sysctrl_SetXTLStableTime)
    i.Sysctrl_SysClkSwitch                   0x000055b8   Section        0  sysctrl.o(i.Sysctrl_SysClkSwitch)
    i.Sysctrl_XTHDriverCfg                   0x000055e4   Section        0  sysctrl.o(i.Sysctrl_XTHDriverCfg)
    i.Sysctrl_XTLDriverCfg                   0x00005600   Section        0  sysctrl.o(i.Sysctrl_XTLDriverCfg)
    i.SystemCoreClockUpdate                  0x00005634   Section        0  system_hc32l17x_1.o(i.SystemCoreClockUpdate)
    i.SystemInit                             0x00005636   Section        0  system_hc32l17x_1.o(i.SystemInit)
    i.TIM0_IRQHandler                        0x0000563e   Section        0  interrupts_hc32l17x.o(i.TIM0_IRQHandler)
    i.TIM1_IRQHandler                        0x00005646   Section        0  interrupts_hc32l17x.o(i.TIM1_IRQHandler)
    i.TIM2_IRQHandler                        0x0000564e   Section        0  interrupts_hc32l17x.o(i.TIM2_IRQHandler)
    i.TIM3_IRQHandler                        0x00005656   Section        0  interrupts_hc32l17x.o(i.TIM3_IRQHandler)
    i.TIM4_IRQHandler                        0x0000565e   Section        0  interrupts_hc32l17x.o(i.TIM4_IRQHandler)
    i.TIM5_IRQHandler                        0x00005666   Section        0  interrupts_hc32l17x.o(i.TIM5_IRQHandler)
    i.TIM6_IRQHandler                        0x0000566e   Section        0  interrupts_hc32l17x.o(i.TIM6_IRQHandler)
    i.Tim0_IRQHandler                        0x00005678   Section        0  timer_user.o(i.Tim0_IRQHandler)
    i.Timer0Init                             0x000056ac   Section        0  timer_user.o(i.Timer0Init)
    i.UART0_2_IRQHandler                     0x00005718   Section        0  interrupts_hc32l17x.o(i.UART0_2_IRQHandler)
    i.UART1_3_IRQHandler                     0x00005724   Section        0  interrupts_hc32l17x.o(i.UART1_3_IRQHandler)
    i.VC0_IRQHandler                         0x00005730   Section        0  interrupts_hc32l17x.o(i.VC0_IRQHandler)
    i.VC1_2_IRQHandler                       0x00005738   Section        0  interrupts_hc32l17x.o(i.VC1_2_IRQHandler)
    i.WDT_IRQHandler                         0x00005744   Section        0  interrupts_hc32l17x.o(i.WDT_IRQHandler)
    i._SysctrlUnlock                         0x0000574c   Section        0  sysctrl.o(i._SysctrlUnlock)
    _SysctrlUnlock                           0x0000574d   Thumb Code    12  sysctrl.o(i._SysctrlUnlock)
    i.__ARM_common_switch8                   0x00005764   Section        0  ble_user.o(i.__ARM_common_switch8)
    i.bubbleSort_Signed                      0x00005780   Section        0  sensor_user.o(i.bubbleSort_Signed)
    bubbleSort_Signed                        0x00005781   Thumb Code    76  sensor_user.o(i.bubbleSort_Signed)
    i.ddl_memclr                             0x000057cc   Section        0  ddl.o(i.ddl_memclr)
    i.delay10us                              0x000057ec   Section        0  ddl.o(i.delay10us)
    i.delay1ms                               0x00005848   Section        0  ddl.o(i.delay1ms)
    i.main                                   0x000058a0   Section        0  main.o(i.main)
    x$fpl$fadd                               0x000058f4   Section      140  faddsub.o(x$fpl$fadd)
    _fadd1                                   0x00005901   Thumb Code     0  faddsub.o(x$fpl$fadd)
    x$fpl$fmul                               0x00005980   Section      176  fmul.o(x$fpl$fmul)
    x$fpl$fsub                               0x00005a30   Section      208  faddsub.o(x$fpl$fsub)
    _fsub1                                   0x00005a3d   Thumb Code     0  faddsub.o(x$fpl$fsub)
    .constdata                               0x00005b00   Section       20  ble_user.o(.constdata)
    x$fpl$usenofp                            0x00005b00   Section        0  usenofp.o(x$fpl$usenofp)
    .constdata                               0x00005b14   Section      512  uart_user.o(.constdata)
    .constdata                               0x00005d14   Section       66  ethernet_user.o(.constdata)
    .constdata                               0x00005d58   Section       32  flash.o(.constdata)
    .constdata                               0x00005d78   Section       12  lpuart.o(.constdata)
    .constdata                               0x00005d84   Section       24  sysctrl.o(.constdata)
    .constdata                               0x00005d9c   Section      128  ddiv.o(.constdata)
    ddiv_reciptbl                            0x00005d9c   Data         128  ddiv.o(.constdata)
    .constdata                               0x00005e1c   Section       64  fdiv.o(.constdata)
    fdiv_tab                                 0x00005e1c   Data          64  fdiv.o(.constdata)
    .data                                    0x20000000   Section        1  sysctrl.o(.data)
    bDacPeriBac                              0x20000000   Data           1  sysctrl.o(.data)
    .data                                    0x20000004   Section        4  system_hc32l17x_1.o(.data)
    .bss                                     0x20000008   Section       40  adc_user.o(.bss)
    .bss                                     0x20000030   Section      128  ble_user.o(.bss)
    .bss                                     0x200000b0   Section      124  sys_user.o(.bss)
    .bss                                     0x2000012c   Section      192  uart_user.o(.bss)
    .bss                                     0x200001ec   Section     1024  ethernet_user.o(.bss)
    .bss                                     0x200005ec   Section       16  lcd_user.o(.bss)
    .bss                                     0x200005fc   Section       32  flash.o(.bss)
    .bss                                     0x2000061c   Section       96  libspace.o(.bss)
    HEAP                                     0x20000680   Section      512  startup_hc32l17x.o(HEAP)
    Heap_Mem                                 0x20000680   Data         512  startup_hc32l17x.o(HEAP)
    STACK                                    0x20000880   Section     1024  startup_hc32l17x.o(STACK)
    Stack_Mem                                0x20000880   Data        1024  startup_hc32l17x.o(STACK)
    __initial_sp                             0x20000c80   Data           0  startup_hc32l17x.o(STACK)

    Global Symbols

    Symbol Name                              Value     Ov Type        Size  Object(Section)

    BuildAttributes$$THM_ISAv3M$S$PE$A:L22$X:L11$S22$IEEE1$IW$USESV6$~STKCKD$USESV7$~SHL$OSPACE$ROPI$EBA8$UX$STANDARDLIB$REQ8$PRES8$EABIv2 0x00000000   Number         0  anon$$obj.o ABSOLUTE
    __ARM_use_no_argv                        0x00000000   Number         0  main.o ABSOLUTE
    __Vectors                                0x00000000   Data           0  startup_hc32l17x.o(RESET)
    ClkTrim_IRQHandler                        - Undefined Weak Reference
    Dac_IRQHandler                            - Undefined Weak Reference
    Dmac_IRQHandler                           - Undefined Weak Reference
    Flash_IRQHandler                          - Undefined Weak Reference
    I2c0_IRQHandler                           - Undefined Weak Reference
    I2c1_IRQHandler                           - Undefined Weak Reference
    Lcd_IRQHandler                            - Undefined Weak Reference
    LpTim1_IRQHandler                         - Undefined Weak Reference
    Lvd_IRQHandler                            - Undefined Weak Reference
    Pca_IRQHandler                            - Undefined Weak Reference
    Pcnt_IRQHandler                           - Undefined Weak Reference
    PortA_IRQHandler                          - Undefined Weak Reference
    PortC_IRQHandler                          - Undefined Weak Reference
    PortD_IRQHandler                          - Undefined Weak Reference
    PortE_IRQHandler                          - Undefined Weak Reference
    PortF_IRQHandler                          - Undefined Weak Reference
    Ram_IRQHandler                            - Undefined Weak Reference
    Rtc_IRQHandler                            - Undefined Weak Reference
    Spi0_IRQHandler                           - Undefined Weak Reference
    Spi1_IRQHandler                           - Undefined Weak Reference
    SysTick_IRQHandler                        - Undefined Weak Reference
    Tim1_IRQHandler                           - Undefined Weak Reference
    Tim2_IRQHandler                           - Undefined Weak Reference
    Tim3_IRQHandler                           - Undefined Weak Reference
    Tim4_IRQHandler                           - Undefined Weak Reference
    Tim5_IRQHandler                           - Undefined Weak Reference
    Tim6_IRQHandler                           - Undefined Weak Reference
    Uart0_IRQHandler                          - Undefined Weak Reference
    Uart1_IRQHandler                          - Undefined Weak Reference
    Uart2_IRQHandler                          - Undefined Weak Reference
    Uart3_IRQHandler                          - Undefined Weak Reference
    Vc0_IRQHandler                            - Undefined Weak Reference
    Vc1_IRQHandler                            - Undefined Weak Reference
    Vc2_IRQHandler                            - Undefined Weak Reference
    Wdt_IRQHandler                            - Undefined Weak Reference
    __ARM_exceptions_init                     - Undefined Weak Reference
    __alloca_initialize                       - Undefined Weak Reference
    __arm_preinit_                            - Undefined Weak Reference
    __cpp_initialize__aeabi_                  - Undefined Weak Reference
    __cxa_finalize                            - Undefined Weak Reference
    __rt_locale                               - Undefined Weak Reference
    __sigvec_lookup                           - Undefined Weak Reference
    _atexit_init                              - Undefined Weak Reference
    _call_atexit_fns                          - Undefined Weak Reference
    _clock_init                               - Undefined Weak Reference
    _fp_trap_init                             - Undefined Weak Reference
    _fp_trap_shutdown                         - Undefined Weak Reference
    _get_lc_collate                           - Undefined Weak Reference
    _get_lc_ctype                             - Undefined Weak Reference
    _get_lc_monetary                          - Undefined Weak Reference
    _get_lc_numeric                           - Undefined Weak Reference
    _get_lc_time                              - Undefined Weak Reference
    _getenv_init                              - Undefined Weak Reference
    _handle_redirection                       - Undefined Weak Reference
    _init_alloc                               - Undefined Weak Reference
    _init_user_alloc                          - Undefined Weak Reference
    _initio                                   - Undefined Weak Reference
    _rand_init                                - Undefined Weak Reference
    _signal_finish                            - Undefined Weak Reference
    _signal_init                              - Undefined Weak Reference
    _terminate_alloc                          - Undefined Weak Reference
    _terminate_user_alloc                     - Undefined Weak Reference
    _terminateio                              - Undefined Weak Reference
    __Vectors_End                            0x000000c0   Data           0  startup_hc32l17x.o(RESET)
    __Vectors_Size                           0x000000c0   Number         0  startup_hc32l17x.o ABSOLUTE
    __main                                   0x000000c1   Thumb Code     8  __main.o(!!!main)
    __scatterload                            0x000000c9   Thumb Code     0  __scatter.o(!!!scatter)
    __scatterload_rt2                        0x000000c9   Thumb Code    52  __scatter.o(!!!scatter)
    __scatterload_rt2_thumb_only             0x000000c9   Thumb Code     0  __scatter.o(!!!scatter)
    __scatterload_null                       0x000000d9   Thumb Code     0  __scatter.o(!!!scatter)
    __scatterload_copy                       0x00000105   Thumb Code    26  __scatter_copy.o(!!handler_copy)
    __scatterload_zeroinit                   0x00000121   Thumb Code    28  __scatter_zi.o(!!handler_zi)
    __rt_lib_init                            0x0000013d   Thumb Code     0  libinit.o(.ARM.Collect$$libinit$$00000000)
    __rt_lib_init_alloca_1                   0x0000013f   Thumb Code     0  libinit2.o(.ARM.Collect$$libinit$$0000002E)
    __rt_lib_init_argv_1                     0x0000013f   Thumb Code     0  libinit2.o(.ARM.Collect$$libinit$$0000002C)
    __rt_lib_init_atexit_1                   0x0000013f   Thumb Code     0  libinit2.o(.ARM.Collect$$libinit$$0000001B)
    __rt_lib_init_clock_1                    0x0000013f   Thumb Code     0  libinit2.o(.ARM.Collect$$libinit$$00000021)
    __rt_lib_init_cpp_1                      0x0000013f   Thumb Code     0  libinit2.o(.ARM.Collect$$libinit$$00000032)
    __rt_lib_init_exceptions_1               0x0000013f   Thumb Code     0  libinit2.o(.ARM.Collect$$libinit$$00000030)
    __rt_lib_init_fp_1                       0x0000013f   Thumb Code     0  libinit2.o(.ARM.Collect$$libinit$$00000002)
    __rt_lib_init_fp_trap_1                  0x0000013f   Thumb Code     0  libinit2.o(.ARM.Collect$$libinit$$0000001F)
    __rt_lib_init_getenv_1                   0x0000013f   Thumb Code     0  libinit2.o(.ARM.Collect$$libinit$$00000023)
    __rt_lib_init_heap_1                     0x0000013f   Thumb Code     0  libinit2.o(.ARM.Collect$$libinit$$0000000A)
    __rt_lib_init_lc_collate_1               0x0000013f   Thumb Code     0  libinit2.o(.ARM.Collect$$libinit$$00000011)
    __rt_lib_init_lc_ctype_1                 0x0000013f   Thumb Code     0  libinit2.o(.ARM.Collect$$libinit$$00000013)
    __rt_lib_init_lc_monetary_1              0x0000013f   Thumb Code     0  libinit2.o(.ARM.Collect$$libinit$$00000015)
    __rt_lib_init_lc_numeric_1               0x0000013f   Thumb Code     0  libinit2.o(.ARM.Collect$$libinit$$00000017)
    __rt_lib_init_lc_time_1                  0x0000013f   Thumb Code     0  libinit2.o(.ARM.Collect$$libinit$$00000019)
    __rt_lib_init_preinit_1                  0x0000013f   Thumb Code     0  libinit2.o(.ARM.Collect$$libinit$$00000004)
    __rt_lib_init_rand_1                     0x0000013f   Thumb Code     0  libinit2.o(.ARM.Collect$$libinit$$0000000E)
    __rt_lib_init_return                     0x0000013f   Thumb Code     0  libinit2.o(.ARM.Collect$$libinit$$00000033)
    __rt_lib_init_signal_1                   0x0000013f   Thumb Code     0  libinit2.o(.ARM.Collect$$libinit$$0000001D)
    __rt_lib_init_stdio_1                    0x0000013f   Thumb Code     0  libinit2.o(.ARM.Collect$$libinit$$00000025)
    __rt_lib_init_user_alloc_1               0x0000013f   Thumb Code     0  libinit2.o(.ARM.Collect$$libinit$$0000000C)
    __rt_lib_shutdown                        0x00000141   Thumb Code     0  libshutdown.o(.ARM.Collect$$libshutdown$$00000000)
    __rt_lib_shutdown_fp_trap_1              0x00000143   Thumb Code     0  libshutdown2.o(.ARM.Collect$$libshutdown$$00000006)
    __rt_lib_shutdown_heap_1                 0x00000143   Thumb Code     0  libshutdown2.o(.ARM.Collect$$libshutdown$$0000000E)
    __rt_lib_shutdown_return                 0x00000143   Thumb Code     0  libshutdown2.o(.ARM.Collect$$libshutdown$$0000000F)
    __rt_lib_shutdown_signal_1               0x00000143   Thumb Code     0  libshutdown2.o(.ARM.Collect$$libshutdown$$00000009)
    __rt_lib_shutdown_stdio_1                0x00000143   Thumb Code     0  libshutdown2.o(.ARM.Collect$$libshutdown$$00000003)
    __rt_lib_shutdown_user_alloc_1           0x00000143   Thumb Code     0  libshutdown2.o(.ARM.Collect$$libshutdown$$0000000B)
    __rt_entry                               0x00000145   Thumb Code     0  __rtentry.o(.ARM.Collect$$rtentry$$00000000)
    __rt_entry_presh_1                       0x00000145   Thumb Code     0  __rtentry2.o(.ARM.Collect$$rtentry$$00000002)
    __rt_entry_sh                            0x00000145   Thumb Code     0  __rtentry4.o(.ARM.Collect$$rtentry$$00000004)
    __rt_entry_li                            0x0000014b   Thumb Code     0  __rtentry2.o(.ARM.Collect$$rtentry$$0000000A)
    __rt_entry_postsh_1                      0x0000014b   Thumb Code     0  __rtentry2.o(.ARM.Collect$$rtentry$$00000009)
    __rt_entry_main                          0x0000014f   Thumb Code     0  __rtentry2.o(.ARM.Collect$$rtentry$$0000000D)
    __rt_entry_postli_1                      0x0000014f   Thumb Code     0  __rtentry2.o(.ARM.Collect$$rtentry$$0000000C)
    __rt_exit                                0x00000157   Thumb Code     0  rtexit.o(.ARM.Collect$$rtexit$$00000000)
    __rt_exit_ls                             0x00000159   Thumb Code     0  rtexit2.o(.ARM.Collect$$rtexit$$00000003)
    __rt_exit_prels_1                        0x00000159   Thumb Code     0  rtexit2.o(.ARM.Collect$$rtexit$$00000002)
    __rt_exit_exit                           0x0000015d   Thumb Code     0  rtexit2.o(.ARM.Collect$$rtexit$$00000004)
    __aeabi_memcpy4                          0x00000165   Thumb Code    56  rt_memcpy.o(.emb_text)
    __aeabi_memcpy8                          0x00000165   Thumb Code     0  rt_memcpy.o(.emb_text)
    Reset_Handler                            0x0000019d   Thumb Code    26  startup_hc32l17x.o(.text)
    NMI_Handler                              0x000001b7   Thumb Code     2  startup_hc32l17x.o(.text)
    SVC_Handler                              0x000001bb   Thumb Code     2  startup_hc32l17x.o(.text)
    PendSV_Handler                           0x000001bd   Thumb Code     2  startup_hc32l17x.o(.text)
    CAN_IRQHandler                           0x000001c1   Thumb Code     0  startup_hc32l17x.o(.text)
    CLKTRIM_CTS_IRQHandler                   0x000001c1   Thumb Code     0  startup_hc32l17x.o(.text)
    SPI0_I2S0_IRQHandler                     0x000001c1   Thumb Code     0  startup_hc32l17x.o(.text)
    SPI1_I2S1_IRQHandler                     0x000001c1   Thumb Code     0  startup_hc32l17x.o(.text)
    USBFS_IRQHandler                         0x000001c1   Thumb Code     0  startup_hc32l17x.o(.text)
    VC0_1_2_LVD_IRQHandler                   0x000001c1   Thumb Code     0  startup_hc32l17x.o(.text)
    __user_initial_stackheap                 0x000001c5   Thumb Code     0  startup_hc32l17x.o(.text)
    _memset_w                                0x000001f5   Thumb Code    26  rt_memclr.o(.text)
    _memset                                  0x0000020f   Thumb Code    30  rt_memclr.o(.text)
    __aeabi_memclr                           0x0000022d   Thumb Code     4  rt_memclr.o(.text)
    __rt_memclr                              0x0000022d   Thumb Code     0  rt_memclr.o(.text)
    __aeabi_memclr4                          0x00000231   Thumb Code     0  rt_memclr.o(.text)
    __aeabi_memclr8                          0x00000231   Thumb Code     0  rt_memclr.o(.text)
    __rt_memclr_w                            0x00000231   Thumb Code     4  rt_memclr.o(.text)
    __aeabi_uidiv                            0x00000235   Thumb Code     0  aeabi_sdiv.o(.text)
    __aeabi_uidivmod                         0x00000235   Thumb Code    20  aeabi_sdiv.o(.text)
    __aeabi_idiv                             0x00000249   Thumb Code     0  aeabi_sdiv.o(.text)
    __aeabi_idivmod                          0x00000249   Thumb Code   326  aeabi_sdiv.o(.text)
    __use_two_region_memory                  0x0000038f   Thumb Code     2  heapauxi.o(.text)
    __rt_heap_escrow$2region                 0x00000391   Thumb Code     2  heapauxi.o(.text)
    __rt_heap_expand$2region                 0x00000393   Thumb Code     2  heapauxi.o(.text)
    __aeabi_dadd                             0x0000068d   Thumb Code     0  daddsub.o(.text)
    _dadd                                    0x0000068d   Thumb Code    26  daddsub.o(.text)
    __aeabi_dsub                             0x000006a7   Thumb Code     0  daddsub.o(.text)
    _dsub                                    0x000006a7   Thumb Code    22  daddsub.o(.text)
    __aeabi_drsub                            0x000006bd   Thumb Code     0  daddsub.o(.text)
    _drsb                                    0x000006bd   Thumb Code    28  daddsub.o(.text)
    __aeabi_ddiv                             0x000006ed   Thumb Code     0  ddiv.o(.text)
    _ddiv                                    0x000006ed   Thumb Code  1072  ddiv.o(.text)
    _drdiv                                   0x00000b1d   Thumb Code    20  ddiv.o(.text)
    __aeabi_d2iz                             0x00000b35   Thumb Code     0  dfixi.o(.text)
    _dfix                                    0x00000b35   Thumb Code    98  dfixi.o(.text)
    __aeabi_d2uiz                            0x00000ba1   Thumb Code     0  dfixui.o(.text)
    _dfixu                                   0x00000ba1   Thumb Code    68  dfixui.o(.text)
    __aeabi_i2d_normalise                    0x00000be9   Thumb Code    66  dflti.o(.text)
    __aeabi_i2d                              0x00000c2b   Thumb Code    16  dflti.o(.text)
    _dflt                                    0x00000c2b   Thumb Code     0  dflti.o(.text)
    __aeabi_ui2d                             0x00000c3b   Thumb Code     6  dflti.o(.text)
    _dfltu                                   0x00000c3b   Thumb Code     0  dflti.o(.text)
    __aeabi_dmul                             0x00000c41   Thumb Code     0  dmul.o(.text)
    _dmul                                    0x00000c41   Thumb Code   558  dmul.o(.text)
    __aeabi_fdiv                             0x00000e89   Thumb Code     0  fdiv.o(.text)
    _fdiv                                    0x00000e89   Thumb Code   334  fdiv.o(.text)
    _frdiv                                   0x00000fd7   Thumb Code     8  fdiv.o(.text)
    __aeabi_f2iz                             0x00000fe9   Thumb Code     0  ffixi.o(.text)
    _ffix                                    0x00000fe9   Thumb Code    76  ffixi.o(.text)
    __aeabi_f2uiz                            0x00001035   Thumb Code     0  ffixui.o(.text)
    _ffixu                                   0x00001035   Thumb Code    48  ffixui.o(.text)
    __aeabi_i2f_normalise                    0x00001065   Thumb Code    72  fflti.o(.text)
    __aeabi_i2f                              0x000010ad   Thumb Code    16  fflti.o(.text)
    _fflt                                    0x000010ad   Thumb Code     0  fflti.o(.text)
    __aeabi_ui2f                             0x000010bd   Thumb Code     6  fflti.o(.text)
    _ffltu                                   0x000010bd   Thumb Code     0  fflti.o(.text)
    __user_setup_stackheap                   0x000010c3   Thumb Code    62  sys_stackheap_outer.o(.text)
    exit                                     0x00001101   Thumb Code    12  exit.o(.text)
    __user_libspace                          0x0000110d   Thumb Code     8  libspace.o(.text)
    __user_perproc_libspace                  0x0000110d   Thumb Code     0  libspace.o(.text)
    __user_perthread_libspace                0x0000110d   Thumb Code     0  libspace.o(.text)
    _sys_exit                                0x00001115   Thumb Code     8  sys_exit.o(.text)
    __I$use$semihosting                      0x00001121   Thumb Code     0  use_no_semi.o(.text)
    __use_no_semihosting_swi                 0x00001121   Thumb Code     2  use_no_semi.o(.text)
    ADC_DAC_IRQHandler                       0x00001123   Thumb Code    12  interrupts_hc32l17x.o(i.ADC_DAC_IRQHandler)
    __semihosting_library_function           0x00001123   Thumb Code     0  indicate_semi.o(.text)
    ADC_User_Start                           0x0000112f   Thumb Code    22  adc_user.o(i.ADC_User_Start)
    Adc_CfgSglChannel                        0x00001145   Thumb Code    30  adc.o(i.Adc_CfgSglChannel)
    Adc_ClrIrqStatus                         0x00001169   Thumb Code    12  adc.o(i.Adc_ClrIrqStatus)
    Adc_Disable                              0x00001179   Thumb Code    14  adc.o(i.Adc_Disable)
    Adc_Enable                               0x0000118d   Thumb Code    16  adc.o(i.Adc_Enable)
    Adc_EnableIrq                            0x000011a1   Thumb Code    18  adc.o(i.Adc_EnableIrq)
    Adc_GetSglResult                         0x000011b9   Thumb Code     6  adc.o(i.Adc_GetSglResult)
    Adc_IRQHandler                           0x000011c5   Thumb Code   164  adc_user.o(i.Adc_IRQHandler)
    Adc_Init                                 0x00001281   Thumb Code   102  adc.o(i.Adc_Init)
    Adc_SGL_Start                            0x000012ed   Thumb Code     8  adc.o(i.Adc_SGL_Start)
    Adc_SGL_Stop                             0x000012f9   Thumb Code     8  adc.o(i.Adc_SGL_Stop)
    App_AdcInit                              0x00001305   Thumb Code    68  adc_user.o(i.App_AdcInit)
    App_AdcPortInit                          0x00001349   Thumb Code    20  adc_user.o(i.App_AdcPortInit)
    App_AdcSglCfg                            0x0000135d   Thumb Code    24  adc_user.o(i.App_AdcSglCfg)
    App_LpUart0Cfg                           0x00001375   Thumb Code   134  uart_user.o(i.App_LpUart0Cfg)
    App_LpUart0PortCfg                       0x00001401   Thumb Code    72  uart_user.o(i.App_LpUart0PortCfg)
    App_LpUart1Cfg                           0x00001449   Thumb Code   144  uart_user.o(i.App_LpUart1Cfg)
    App_LpUart1DeInit                        0x000014e1   Thumb Code    66  uart_user.o(i.App_LpUart1DeInit)
    App_LpUart1PortCfg                       0x00001523   Thumb Code    88  uart_user.o(i.App_LpUart1PortCfg)
    BLE_Analysis                             0x0000160d   Thumb Code   300  ble_user.o(i.BLE_Analysis)
    BLE_DEEPSLEEP                            0x0000179d   Thumb Code    20  ble_user.o(i.BLE_DEEPSLEEP)
    BLE_ID_Set                               0x000017e5   Thumb Code    94  ble_user.o(i.BLE_ID_Set)
    BLE_Init                                 0x000018f9   Thumb Code   110  ble_user.o(i.BLE_Init)
    BLE_Link_Timeout                         0x00001abd   Thumb Code    24  ble_user.o(i.BLE_Link_Timeout)
    BLE_Start                                0x00001c85   Thumb Code    18  ble_user.o(i.BLE_Start)
    BLE_WAKE                                 0x00001ee1   Thumb Code    26  ble_user.o(i.BLE_WAKE)
    Battery_Init                             0x00001f21   Thumb Code    22  adc_user.o(i.Battery_Init)
    Battery_Scan                             0x00001f3d   Thumb Code    34  adc_user.o(i.Battery_Scan)
    Bgr_BgrDisable                           0x00001f65   Thumb Code    14  bgr.o(i.Bgr_BgrDisable)
    Bgr_BgrEnable                            0x00001f79   Thumb Code    22  bgr.o(i.Bgr_BgrEnable)
    BleAnd4GLpUartInit                       0x00001f95   Thumb Code    34  uart_user.o(i.BleAnd4GLpUartInit)
    Bt_ClearIntFlag                          0x00001fb9   Thumb Code    22  bt.o(i.Bt_ClearIntFlag)
    Bt_M0_ARRSet                             0x00001fd5   Thumb Code    26  bt.o(i.Bt_M0_ARRSet)
    Bt_M0_Cnt16Set                           0x00001ff5   Thumb Code    26  bt.o(i.Bt_M0_Cnt16Set)
    Bt_M0_Run                                0x00002015   Thumb Code    24  bt.o(i.Bt_M0_Run)
    Bt_Mode0_EnableIrq                       0x00002031   Thumb Code    24  bt.o(i.Bt_Mode0_EnableIrq)
    Bt_Mode0_Init                            0x0000204d   Thumb Code   148  bt.o(i.Bt_Mode0_Init)
    CLKTRIM_IRQHandler                       0x000020e5   Thumb Code     8  interrupts_hc32l17x.o(i.CLKTRIM_IRQHandler)
    CRC16                                    0x000020ed   Thumb Code    46  uart_user.o(i.CRC16)
    DMAC_IRQHandler                          0x00002125   Thumb Code     8  interrupts_hc32l17x.o(i.DMAC_IRQHandler)
    Default_Setting                          0x0000212d   Thumb Code   218  flash_user.o(i.Default_Setting)
    EnableNvic                               0x00002215   Thumb Code    76  interrupts_hc32l17x.o(i.EnableNvic)
    Ethernet_Analysis                        0x00002341   Thumb Code   294  ethernet_user.o(i.Ethernet_Analysis)
    Ethernet_Init                            0x000026a9   Thumb Code   166  ethernet_user.o(i.Ethernet_Init)
    Ethernet_Send_Time                       0x000028bd   Thumb Code  1222  ethernet_user.o(i.Ethernet_Send_Time)
    FLASH_RAM_IRQHandler                     0x00002fc5   Thumb Code    12  interrupts_hc32l17x.o(i.FLASH_RAM_IRQHandler)
    Flash_Init                               0x00002fd1   Thumb Code   164  flash.o(i.Flash_Init)
    Flash_LockAll                            0x0000308d   Thumb Code    28  flash.o(i.Flash_LockAll)
    Flash_PData_Read                         0x000030b5   Thumb Code    28  flash_user.o(i.Flash_PData_Read)
    Flash_PData_Write                        0x000030d1   Thumb Code    92  flash_user.o(i.Flash_PData_Write)
    Flash_Power_Init                         0x00003131   Thumb Code    38  flash_user.o(i.Flash_Power_Init)
    Flash_SectorErase                        0x00003159   Thumb Code   158  flash.o(i.Flash_SectorErase)
    Flash_UnlockAll                          0x00003209   Thumb Code    32  flash.o(i.Flash_UnlockAll)
    Flash_User_Read                          0x00003235   Thumb Code    52  flash_user.o(i.Flash_User_Read)
    Flash_User_Write                         0x0000326d   Thumb Code    56  flash_user.o(i.Flash_User_Write)
    Flash_WriteByte                          0x000032a9   Thumb Code   158  flash.o(i.Flash_WriteByte)
    Flash_WriteHalfWord                      0x00003359   Thumb Code   158  flash.o(i.Flash_WriteHalfWord)
    Flash_WriteWord                          0x00003409   Thumb Code   158  flash.o(i.Flash_WriteWord)
    GetBit                                   0x000034b9   Thumb Code    12  ddl.o(i.GetBit)
    GetK                                     0x000034c5   Thumb Code     8  sensor_user.o(i.GetK)
    GetPTValue                               0x00003519   Thumb Code   186  sensor_user.o(i.GetPTValue)
    Gpio_ClearIrq                            0x000035ed   Thumb Code    22  gpio.o(i.Gpio_ClearIrq)
    Gpio_ClrIO                               0x00003609   Thumb Code    22  gpio.o(i.Gpio_ClrIO)
    Gpio_EnableIrq                           0x00003625   Thumb Code    30  gpio.o(i.Gpio_EnableIrq)
    Gpio_GetInputIO                          0x00003649   Thumb Code    18  gpio.o(i.Gpio_GetInputIO)
    Gpio_GetIrqStatus                        0x00003661   Thumb Code    18  gpio.o(i.Gpio_GetIrqStatus)
    Gpio_Init                                0x00003679   Thumb Code   144  gpio.o(i.Gpio_Init)
    Gpio_SetAfMode                           0x00003715   Thumb Code    16  gpio.o(i.Gpio_SetAfMode)
    Gpio_SetAnalogMode                       0x00003729   Thumb Code    22  gpio.o(i.Gpio_SetAnalogMode)
    Gpio_SetIO                               0x00003745   Thumb Code    22  gpio.o(i.Gpio_SetIO)
    HardFault_Handler                        0x00003761   Thumb Code    16  interrupts_hc32l17x.o(i.HardFault_Handler)
    I2C0_IRQHandler                          0x00003771   Thumb Code     8  interrupts_hc32l17x.o(i.I2C0_IRQHandler)
    I2C1_IRQHandler                          0x00003779   Thumb Code     8  interrupts_hc32l17x.o(i.I2C1_IRQHandler)
    LCDIICDeInit                             0x00003781   Thumb Code    50  iic_user.o(i.LCDIICDeInit)
    LCDIICInit                               0x000037b3   Thumb Code    52  iic_user.o(i.LCDIICInit)
    LCD_4GSignal                             0x000037e9   Thumb Code    70  lcd_user.o(i.LCD_4GSignal)
    LCD_Battery                              0x00003835   Thumb Code    70  lcd_user.o(i.LCD_Battery)
    LCD_BigNumber                            0x00003881   Thumb Code    98  lcd_user.o(i.LCD_BigNumber)
    LCD_General                              0x00003929   Thumb Code   226  lcd_user.o(i.LCD_General)
    LCD_IRQHandler                           0x00003a19   Thumb Code     8  interrupts_hc32l17x.o(i.LCD_IRQHandler)
    LCD_Init                                 0x00003a21   Thumb Code    72  lcd_user.o(i.LCD_Init)
    LCD_Mizi_Number                          0x00003be5   Thumb Code   318  lcd_user.o(i.LCD_Mizi_Number)
    LCD_Mizi_Point                           0x00003ea1   Thumb Code    82  lcd_user.o(i.LCD_Mizi_Point)
    LCD_Pressure                             0x00003ef9   Thumb Code   338  lcd_user.o(i.LCD_Pressure)
    LCD_Range                                0x0000405d   Thumb Code   388  lcd_user.o(i.LCD_Range)
    LCD_SmallNumber                          0x000042c1   Thumb Code   568  lcd_user.o(i.LCD_SmallNumber)
    LCD_Symbols                              0x00004545   Thumb Code   142  lcd_user.o(i.LCD_Symbols)
    LCD_Temperature                          0x000045d9   Thumb Code    20  lcd_user.o(i.LCD_Temperature)
    LCD_Timeout                              0x000045ed   Thumb Code    48  lcd_user.o(i.LCD_Timeout)
    LCD_Unit                                 0x00004629   Thumb Code   122  lcd_user.o(i.LCD_Unit)
    LCD_Write                                0x000046a9   Thumb Code    74  iic_user.o(i.LCD_Write)
    LPTIM0_1_IRQHandler                      0x000046f3   Thumb Code    12  interrupts_hc32l17x.o(i.LPTIM0_1_IRQHandler)
    LPTimer0Init                             0x00004701   Thumb Code    90  timer_user.o(i.LPTimer0Init)
    LPUART0_IRQHandler                       0x00004765   Thumb Code     8  interrupts_hc32l17x.o(i.LPUART0_IRQHandler)
    LPUART1_IRQHandler                       0x0000476d   Thumb Code     8  interrupts_hc32l17x.o(i.LPUART1_IRQHandler)
    LPUart_ClrStatus                         0x00004775   Thumb Code    22  lpuart.o(i.LPUart_ClrStatus)
    LPUart_DisableIrq                        0x0000478b   Thumb Code    20  lpuart.o(i.LPUart_DisableIrq)
    LPUart_EnableFunc                        0x0000479f   Thumb Code    20  lpuart.o(i.LPUart_EnableFunc)
    LPUart_EnableIrq                         0x000047b3   Thumb Code    20  lpuart.o(i.LPUart_EnableIrq)
    LPUart_GetStatus                         0x000047c7   Thumb Code    24  lpuart.o(i.LPUart_GetStatus)
    LPUart_Init                              0x000047e1   Thumb Code   148  lpuart.o(i.LPUart_Init)
    LPUart_ReceiveData                       0x00004879   Thumb Code     8  lpuart.o(i.LPUart_ReceiveData)
    LPUart_SendData                          0x00004881   Thumb Code    58  lpuart.o(i.LPUart_SendData)
    LVD_IRQHandler                           0x000048bb   Thumb Code     8  interrupts_hc32l17x.o(i.LVD_IRQHandler)
    LpTim0_IRQHandler                        0x000048c5   Thumb Code    92  timer_user.o(i.LpTim0_IRQHandler)
    LpUart0_IRQHandler                       0x0000492d   Thumb Code    62  uart_user.o(i.LpUart0_IRQHandler)
    LpUart1_IRQHandler                       0x00004979   Thumb Code   172  uart_user.o(i.LpUart1_IRQHandler)
    LpUartTimeOut                            0x00004a35   Thumb Code    60  uart_user.o(i.LpUartTimeOut)
    Lptim_ClrItStatus                        0x00004a75   Thumb Code    18  lptim.o(i.Lptim_ClrItStatus)
    Lptim_Cmd                                0x00004a87   Thumb Code    20  lptim.o(i.Lptim_Cmd)
    Lptim_ConfIt                             0x00004a9b   Thumb Code    20  lptim.o(i.Lptim_ConfIt)
    Lptim_GetItStatus                        0x00004aaf   Thumb Code    16  lptim.o(i.Lptim_GetItStatus)
    Lptim_Init                               0x00004abf   Thumb Code   192  lptim.o(i.Lptim_Init)
    PCA_IRQHandler                           0x00004d15   Thumb Code     8  interrupts_hc32l17x.o(i.PCA_IRQHandler)
    PCNT_IRQHandler                          0x00004d1d   Thumb Code     8  interrupts_hc32l17x.o(i.PCNT_IRQHandler)
    PORTA_IRQHandler                         0x00004d25   Thumb Code     8  interrupts_hc32l17x.o(i.PORTA_IRQHandler)
    PORTB_IRQHandler                         0x00004d2d   Thumb Code     8  interrupts_hc32l17x.o(i.PORTB_IRQHandler)
    PORTC_E_IRQHandler                       0x00004d35   Thumb Code    12  interrupts_hc32l17x.o(i.PORTC_E_IRQHandler)
    PORTD_F_IRQHandler                       0x00004d41   Thumb Code    12  interrupts_hc32l17x.o(i.PORTD_F_IRQHandler)
    PortB_IRQHandler                         0x00004d4d   Thumb Code    96  sys_user.o(i.PortB_IRQHandler)
    RTC_IRQHandler                           0x00004db5   Thumb Code     8  interrupts_hc32l17x.o(i.RTC_IRQHandler)
    ReadSensor                               0x00004dbd   Thumb Code   104  iic_user.o(i.ReadSensor)
    SPI0_IRQHandler                          0x00004e25   Thumb Code     8  interrupts_hc32l17x.o(i.SPI0_IRQHandler)
    SPI1_IRQHandler                          0x00004e2d   Thumb Code     8  interrupts_hc32l17x.o(i.SPI1_IRQHandler)
    SensorIICDeInit                          0x00004e35   Thumb Code    50  iic_user.o(i.SensorIICDeInit)
    SensorIICInit                            0x00004e67   Thumb Code    66  iic_user.o(i.SensorIICInit)
    SensorScan                               0x00004ea9   Thumb Code    56  sensor_user.o(i.SensorScan)
    SetBit                                   0x00005053   Thumb Code    30  ddl.o(i.SetBit)
    SysInit                                  0x00005071   Thumb Code   120  sys_user.o(i.SysInit)
    SysTick_Handler                          0x000050f5   Thumb Code     8  interrupts_hc32l17x.o(i.SysTick_Handler)
    Sysctrl_ClkInit                          0x000050fd   Thumb Code   106  sysctrl.o(i.Sysctrl_ClkInit)
    Sysctrl_ClkSourceEnable                  0x00005169   Thumb Code   348  sysctrl.o(i.Sysctrl_ClkSourceEnable)
    Sysctrl_GetHClkFreq                      0x000052d5   Thumb Code   354  sysctrl.o(i.Sysctrl_GetHClkFreq)
    Sysctrl_GetPClkFreq                      0x00005449   Thumb Code    28  sysctrl.o(i.Sysctrl_GetPClkFreq)
    Sysctrl_SetHCLKDiv                       0x00005469   Thumb Code    36  sysctrl.o(i.Sysctrl_SetHCLKDiv)
    Sysctrl_SetPCLKDiv                       0x00005491   Thumb Code    36  sysctrl.o(i.Sysctrl_SetPCLKDiv)
    Sysctrl_SetPLLStableTime                 0x000054b9   Thumb Code    32  sysctrl.o(i.Sysctrl_SetPLLStableTime)
    Sysctrl_SetPeripheralGate                0x000054dd   Thumb Code    72  sysctrl.o(i.Sysctrl_SetPeripheralGate)
    Sysctrl_SetRCLStableTime                 0x0000552d   Thumb Code    32  sysctrl.o(i.Sysctrl_SetRCLStableTime)
    Sysctrl_SetRCLTrim                       0x00005551   Thumb Code    32  sysctrl.o(i.Sysctrl_SetRCLTrim)
    Sysctrl_SetXTHStableTime                 0x00005579   Thumb Code    28  sysctrl.o(i.Sysctrl_SetXTHStableTime)
    Sysctrl_SetXTLStableTime                 0x00005599   Thumb Code    28  sysctrl.o(i.Sysctrl_SetXTLStableTime)
    Sysctrl_SysClkSwitch                     0x000055b9   Thumb Code    40  sysctrl.o(i.Sysctrl_SysClkSwitch)
    Sysctrl_XTHDriverCfg                     0x000055e5   Thumb Code    24  sysctrl.o(i.Sysctrl_XTHDriverCfg)
    Sysctrl_XTLDriverCfg                     0x00005601   Thumb Code    46  sysctrl.o(i.Sysctrl_XTLDriverCfg)
    SystemCoreClockUpdate                    0x00005635   Thumb Code     2  system_hc32l17x_1.o(i.SystemCoreClockUpdate)
    SystemInit                               0x00005637   Thumb Code     8  system_hc32l17x_1.o(i.SystemInit)
    TIM0_IRQHandler                          0x0000563f   Thumb Code     8  interrupts_hc32l17x.o(i.TIM0_IRQHandler)
    TIM1_IRQHandler                          0x00005647   Thumb Code     8  interrupts_hc32l17x.o(i.TIM1_IRQHandler)
    TIM2_IRQHandler                          0x0000564f   Thumb Code     8  interrupts_hc32l17x.o(i.TIM2_IRQHandler)
    TIM3_IRQHandler                          0x00005657   Thumb Code     8  interrupts_hc32l17x.o(i.TIM3_IRQHandler)
    TIM4_IRQHandler                          0x0000565f   Thumb Code     8  interrupts_hc32l17x.o(i.TIM4_IRQHandler)
    TIM5_IRQHandler                          0x00005667   Thumb Code     8  interrupts_hc32l17x.o(i.TIM5_IRQHandler)
    TIM6_IRQHandler                          0x0000566f   Thumb Code     8  interrupts_hc32l17x.o(i.TIM6_IRQHandler)
    Tim0_IRQHandler                          0x00005679   Thumb Code    48  timer_user.o(i.Tim0_IRQHandler)
    Timer0Init                               0x000056ad   Thumb Code   102  timer_user.o(i.Timer0Init)
    UART0_2_IRQHandler                       0x00005719   Thumb Code    12  interrupts_hc32l17x.o(i.UART0_2_IRQHandler)
    UART1_3_IRQHandler                       0x00005725   Thumb Code    12  interrupts_hc32l17x.o(i.UART1_3_IRQHandler)
    VC0_IRQHandler                           0x00005731   Thumb Code     8  interrupts_hc32l17x.o(i.VC0_IRQHandler)
    VC1_2_IRQHandler                         0x00005739   Thumb Code    12  interrupts_hc32l17x.o(i.VC1_2_IRQHandler)
    WDT_IRQHandler                           0x00005745   Thumb Code     8  interrupts_hc32l17x.o(i.WDT_IRQHandler)
    __ARM_common_switch8                     0x00005765   Thumb Code    28  ble_user.o(i.__ARM_common_switch8)
    ddl_memclr                               0x000057cd   Thumb Code    32  ddl.o(i.ddl_memclr)
    delay10us                                0x000057ed   Thumb Code    74  ddl.o(i.delay10us)
    delay1ms                                 0x00005849   Thumb Code    76  ddl.o(i.delay1ms)
    main                                     0x000058a1   Thumb Code    78  main.o(i.main)
    __aeabi_fadd                             0x000058f5   Thumb Code     0  faddsub.o(x$fpl$fadd)
    _fadd                                    0x000058f5   Thumb Code   134  faddsub.o(x$fpl$fadd)
    __aeabi_fmul                             0x00005981   Thumb Code     0  fmul.o(x$fpl$fmul)
    _fmul                                    0x00005981   Thumb Code   172  fmul.o(x$fpl$fmul)
    __aeabi_fsub                             0x00005a31   Thumb Code     0  faddsub.o(x$fpl$fsub)
    _fsub                                    0x00005a31   Thumb Code   204  faddsub.o(x$fpl$fsub)
    __I$use$fp                               0x00005b00   Number         0  usenofp.o(x$fpl$usenofp)
    auchCRCHi                                0x00005b14   Data         256  uart_user.o(.constdata)
    auchCRCLo                                0x00005c14   Data         256  uart_user.o(.constdata)
    pu32PcgTimer4M                           0x00005d58   Data          32  flash.o(.constdata)
    Region$$Table$$Base                      0x00005e5c   Number         0  anon$$obj.o(Region$$Table)
    Region$$Table$$Limit                     0x00005e7c   Number         0  anon$$obj.o(Region$$Table)
    SystemCoreClock                          0x20000004   Data           4  system_hc32l17x_1.o(.data)
    batteryAD                                0x20000008   Data          40  adc_user.o(.bss)
    BLE_SendDataBuffer                       0x20000030   Data         128  ble_user.o(.bss)
    External_Data                            0x200000b0   Data          84  sys_user.o(.bss)
    System_Data                              0x20000104   Data          40  sys_user.o(.bss)
    LpUart_4G_Buffer                         0x2000012c   Data          64  uart_user.o(.bss)
    LpUart_BLE_Buffer                        0x2000016c   Data          64  uart_user.o(.bss)
    Valid_Data                               0x200001ac   Data          64  uart_user.o(.bss)
    Ethernet_SendData                        0x200001ec   Data        1024  ethernet_user.o(.bss)
    LCD_Lattice                              0x200005ec   Data          16  lcd_user.o(.bss)
    user_u32PrgTimer                         0x200005fc   Data          32  flash.o(.bss)
    __libspace_start                         0x2000061c   Data          96  libspace.o(.bss)
    __temporary_stack_top$libspace           0x2000067c   Data           0  libspace.o(.bss)



==============================================================================

Memory Map of the image

  Image Entry point : 0x0000019d

  Load Region LR_1 (Base: 0x00000000, Size: 0x00005e84, Max: 0xffffffff, ABSOLUTE)

    Execution Region ER_RO (Base: 0x00000000, Size: 0x00005e7c, Max: 0xffffffff, ABSOLUTE)

    Base Addr    Size         Type   Attr      Idx    E Section Name        Object

    0x00000000   0x000000c0   Data   RO         4798    RESET               startup_hc32l17x.o
    0x000000c0   0x00000008   Code   RO         4841  * !!!main             c_p.l(__main.o)
    0x000000c8   0x0000003c   Code   RO         5040    !!!scatter          c_p.l(__scatter.o)
    0x00000104   0x0000001a   Code   RO         5042    !!handler_copy      c_p.l(__scatter_copy.o)
    0x0000011e   0x00000002   PAD
    0x00000120   0x0000001c   Code   RO         5044    !!handler_zi        c_p.l(__scatter_zi.o)
    0x0000013c   0x00000002   Code   RO         4910    .ARM.Collect$$libinit$$00000000  c_p.l(libinit.o)
    0x0000013e   0x00000000   Code   RO         4924    .ARM.Collect$$libinit$$00000002  c_p.l(libinit2.o)
    0x0000013e   0x00000000   Code   RO         4926    .ARM.Collect$$libinit$$00000004  c_p.l(libinit2.o)
    0x0000013e   0x00000000   Code   RO         4929    .ARM.Collect$$libinit$$0000000A  c_p.l(libinit2.o)
    0x0000013e   0x00000000   Code   RO         4931    .ARM.Collect$$libinit$$0000000C  c_p.l(libinit2.o)
    0x0000013e   0x00000000   Code   RO         4933    .ARM.Collect$$libinit$$0000000E  c_p.l(libinit2.o)
    0x0000013e   0x00000000   Code   RO         4936    .ARM.Collect$$libinit$$00000011  c_p.l(libinit2.o)
    0x0000013e   0x00000000   Code   RO         4938    .ARM.Collect$$libinit$$00000013  c_p.l(libinit2.o)
    0x0000013e   0x00000000   Code   RO         4940    .ARM.Collect$$libinit$$00000015  c_p.l(libinit2.o)
    0x0000013e   0x00000000   Code   RO         4942    .ARM.Collect$$libinit$$00000017  c_p.l(libinit2.o)
    0x0000013e   0x00000000   Code   RO         4944    .ARM.Collect$$libinit$$00000019  c_p.l(libinit2.o)
    0x0000013e   0x00000000   Code   RO         4946    .ARM.Collect$$libinit$$0000001B  c_p.l(libinit2.o)
    0x0000013e   0x00000000   Code   RO         4948    .ARM.Collect$$libinit$$0000001D  c_p.l(libinit2.o)
    0x0000013e   0x00000000   Code   RO         4950    .ARM.Collect$$libinit$$0000001F  c_p.l(libinit2.o)
    0x0000013e   0x00000000   Code   RO         4952    .ARM.Collect$$libinit$$00000021  c_p.l(libinit2.o)
    0x0000013e   0x00000000   Code   RO         4954    .ARM.Collect$$libinit$$00000023  c_p.l(libinit2.o)
    0x0000013e   0x00000000   Code   RO         4956    .ARM.Collect$$libinit$$00000025  c_p.l(libinit2.o)
    0x0000013e   0x00000000   Code   RO         4960    .ARM.Collect$$libinit$$0000002C  c_p.l(libinit2.o)
    0x0000013e   0x00000000   Code   RO         4962    .ARM.Collect$$libinit$$0000002E  c_p.l(libinit2.o)
    0x0000013e   0x00000000   Code   RO         4964    .ARM.Collect$$libinit$$00000030  c_p.l(libinit2.o)
    0x0000013e   0x00000000   Code   RO         4966    .ARM.Collect$$libinit$$00000032  c_p.l(libinit2.o)
    0x0000013e   0x00000002   Code   RO         4967    .ARM.Collect$$libinit$$00000033  c_p.l(libinit2.o)
    0x00000140   0x00000002   Code   RO         4998    .ARM.Collect$$libshutdown$$00000000  c_p.l(libshutdown.o)
    0x00000142   0x00000000   Code   RO         5025    .ARM.Collect$$libshutdown$$00000003  c_p.l(libshutdown2.o)
    0x00000142   0x00000000   Code   RO         5028    .ARM.Collect$$libshutdown$$00000006  c_p.l(libshutdown2.o)
    0x00000142   0x00000000   Code   RO         5031    .ARM.Collect$$libshutdown$$00000009  c_p.l(libshutdown2.o)
    0x00000142   0x00000000   Code   RO         5033    .ARM.Collect$$libshutdown$$0000000B  c_p.l(libshutdown2.o)
    0x00000142   0x00000000   Code   RO         5036    .ARM.Collect$$libshutdown$$0000000E  c_p.l(libshutdown2.o)
    0x00000142   0x00000002   Code   RO         5037    .ARM.Collect$$libshutdown$$0000000F  c_p.l(libshutdown2.o)
    0x00000144   0x00000000   Code   RO         4873    .ARM.Collect$$rtentry$$00000000  c_p.l(__rtentry.o)
    0x00000144   0x00000000   Code   RO         4880    .ARM.Collect$$rtentry$$00000002  c_p.l(__rtentry2.o)
    0x00000144   0x00000006   Code   RO         4892    .ARM.Collect$$rtentry$$00000004  c_p.l(__rtentry4.o)
    0x0000014a   0x00000000   Code   RO         4882    .ARM.Collect$$rtentry$$00000009  c_p.l(__rtentry2.o)
    0x0000014a   0x00000004   Code   RO         4883    .ARM.Collect$$rtentry$$0000000A  c_p.l(__rtentry2.o)
    0x0000014e   0x00000000   Code   RO         4885    .ARM.Collect$$rtentry$$0000000C  c_p.l(__rtentry2.o)
    0x0000014e   0x00000008   Code   RO         4886    .ARM.Collect$$rtentry$$0000000D  c_p.l(__rtentry2.o)
    0x00000156   0x00000002   Code   RO         4915    .ARM.Collect$$rtexit$$00000000  c_p.l(rtexit.o)
    0x00000158   0x00000000   Code   RO         4971    .ARM.Collect$$rtexit$$00000002  c_p.l(rtexit2.o)
    0x00000158   0x00000004   Code   RO         4972    .ARM.Collect$$rtexit$$00000003  c_p.l(rtexit2.o)
    0x0000015c   0x00000006   Code   RO         4973    .ARM.Collect$$rtexit$$00000004  c_p.l(rtexit2.o)
    0x00000162   0x00000002   PAD
    0x00000164   0x00000038   Code   RO         4829    .emb_text           c_p.l(rt_memcpy.o)
    0x0000019c   0x00000058   Code   RO         4799  * .text               startup_hc32l17x.o
    0x000001f4   0x00000040   Code   RO         4833    .text               c_p.l(rt_memclr.o)
    0x00000234   0x0000015a   Code   RO         4835    .text               c_p.l(aeabi_sdiv.o)
    0x0000038e   0x00000006   Code   RO         4839    .text               c_p.l(heapauxi.o)
    0x00000394   0x00000358   Code   RO         4843    .text               fz_ps.l(daddsub.o)
    0x000006ec   0x00000448   Code   RO         4845    .text               fz_ps.l(ddiv.o)
    0x00000b34   0x0000006c   Code   RO         4848    .text               fz_ps.l(dfixi.o)
    0x00000ba0   0x00000048   Code   RO         4850    .text               fz_ps.l(dfixui.o)
    0x00000be8   0x00000058   Code   RO         4852    .text               fz_ps.l(dflti.o)
    0x00000c40   0x00000248   Code   RO         4854    .text               fz_ps.l(dmul.o)
    0x00000e88   0x00000160   Code   RO         4862    .text               fz_ps.l(fdiv.o)
    0x00000fe8   0x0000004c   Code   RO         4865    .text               fz_ps.l(ffixi.o)
    0x00001034   0x00000030   Code   RO         4867    .text               fz_ps.l(ffixui.o)
    0x00001064   0x0000005e   Code   RO         4869    .text               fz_ps.l(fflti.o)
    0x000010c2   0x0000003e   Code   RO         4896    .text               c_p.l(sys_stackheap_outer.o)
    0x00001100   0x0000000c   Code   RO         4899    .text               c_p.l(exit.o)
    0x0000110c   0x00000008   Code   RO         4911    .text               c_p.l(libspace.o)
    0x00001114   0x0000000c   Code   RO         4968    .text               c_p.l(sys_exit.o)
    0x00001120   0x00000002   Code   RO         4987    .text               c_p.l(use_no_semi.o)
    0x00001122   0x00000000   Code   RO         4989    .text               c_p.l(indicate_semi.o)
    0x00001122   0x0000000c   Code   RO         4566    i.ADC_DAC_IRQHandler  interrupts_hc32l17x.o
    0x0000112e   0x00000016   Code   RO          113    i.ADC_User_Start    adc_user.o
    0x00001144   0x00000024   Code   RO         1045    i.Adc_CfgSglChannel  adc.o
    0x00001168   0x00000010   Code   RO         1048    i.Adc_ClrIrqStatus  adc.o
    0x00001178   0x00000014   Code   RO         1049    i.Adc_Disable       adc.o
    0x0000118c   0x00000014   Code   RO         1051    i.Adc_Enable        adc.o
    0x000011a0   0x00000018   Code   RO         1052    i.Adc_EnableIrq     adc.o
    0x000011b8   0x0000000c   Code   RO         1056    i.Adc_GetSglResult  adc.o
    0x000011c4   0x000000bc   Code   RO          114    i.Adc_IRQHandler    adc_user.o
    0x00001280   0x0000006c   Code   RO         1058    i.Adc_Init          adc.o
    0x000012ec   0x0000000c   Code   RO         1065    i.Adc_SGL_Start     adc.o
    0x000012f8   0x0000000c   Code   RO         1066    i.Adc_SGL_Stop      adc.o
    0x00001304   0x00000044   Code   RO          115    i.App_AdcInit       adc_user.o
    0x00001348   0x00000014   Code   RO          117    i.App_AdcPortInit   adc_user.o
    0x0000135c   0x00000018   Code   RO          118    i.App_AdcSglCfg     adc_user.o
    0x00001374   0x0000008c   Code   RO          662    i.App_LpUart0Cfg    uart_user.o
    0x00001400   0x00000048   Code   RO          663    i.App_LpUart0PortCfg  uart_user.o
    0x00001448   0x00000098   Code   RO          664    i.App_LpUart1Cfg    uart_user.o
    0x000014e0   0x00000042   Code   RO          665    i.App_LpUart1DeInit  uart_user.o
    0x00001522   0x00000058   Code   RO          666    i.App_LpUart1PortCfg  uart_user.o
    0x0000157a   0x00000048   Code   RO          557    i.App_SwitchInit    sys_user.o
    0x000015c2   0x00000020   Code   RO          558    i.App_SysClkInit    sys_user.o
    0x000015e2   0x00000002   PAD
    0x000015e4   0x00000028   Code   RO          187    i.BLE_ADPTIM        ble_user.o
    0x0000160c   0x00000134   Code   RO          188    i.BLE_Analysis      ble_user.o
    0x00001740   0x00000040   Code   RO          189    i.BLE_AutoTime_Write  ble_user.o
    0x00001780   0x0000001c   Code   RO          190    i.BLE_Clear_Buffer  ble_user.o
    0x0000179c   0x00000024   Code   RO          191    i.BLE_DEEPSLEEP     ble_user.o
    0x000017c0   0x00000024   Code   RO          192    i.BLE_ERROR_Return  ble_user.o
    0x000017e4   0x00000068   Code   RO          193    i.BLE_ID_Set        ble_user.o
    0x0000184c   0x00000034   Code   RO          194    i.BLE_ID_Write      ble_user.o
    0x00001880   0x0000003c   Code   RO          195    i.BLE_IP1_Write     ble_user.o
    0x000018bc   0x0000003c   Code   RO          196    i.BLE_IP2_Write     ble_user.o
    0x000018f8   0x00000074   Code   RO          197    i.BLE_Init          ble_user.o
    0x0000196c   0x00000050   Code   RO          198    i.BLE_Judgment      ble_user.o
    0x000019bc   0x00000018   Code   RO          199    i.BLE_LCD_Flag_Write  ble_user.o
    0x000019d4   0x0000002c   Code   RO          200    i.BLE_LCD_WakeUpTime_Write  ble_user.o
    0x00001a00   0x00000030   Code   RO          201    i.BLE_LED_State     ble_user.o
    0x00001a30   0x0000008c   Code   RO          202    i.BLE_Link          ble_user.o
    0x00001abc   0x0000001c   Code   RO          203    i.BLE_Link_Timeout  ble_user.o
    0x00001ad8   0x00000020   Code   RO          204    i.BLE_OutAT         ble_user.o
    0x00001af8   0x0000004c   Code   RO          205    i.BLE_PData_Read    ble_user.o
    0x00001b44   0x00000024   Code   RO          206    i.BLE_Passen        ble_user.o
    0x00001b68   0x0000005c   Code   RO          207    i.BLE_Restart       ble_user.o
    0x00001bc4   0x00000060   Code   RO          208    i.BLE_SMode         ble_user.o
    0x00001c24   0x00000024   Code   RO          209    i.BLE_SendData      ble_user.o
    0x00001c48   0x0000003c   Code   RO          210    i.BLE_Sensor_Write  ble_user.o
    0x00001c84   0x00000018   Code   RO          211    i.BLE_Start         ble_user.o
    0x00001c9c   0x000001f0   Code   RO          212    i.BLE_SysData_Read  ble_user.o
    0x00001e8c   0x00000020   Code   RO          213    i.BLE_TPL           ble_user.o
    0x00001eac   0x00000034   Code   RO          214    i.BLE_Uart          ble_user.o
    0x00001ee0   0x00000020   Code   RO          215    i.BLE_WAKE          ble_user.o
    0x00001f00   0x00000020   Code   RO          216    i.BLE_ZeroOffset_Write  ble_user.o
    0x00001f20   0x0000001c   Code   RO          119    i.Battery_Init      adc_user.o
    0x00001f3c   0x00000028   Code   RO          120    i.Battery_Scan      adc_user.o
    0x00001f64   0x00000014   Code   RO         1668    i.Bgr_BgrDisable    bgr.o
    0x00001f78   0x0000001c   Code   RO         1669    i.Bgr_BgrEnable     bgr.o
    0x00001f94   0x00000022   Code   RO          667    i.BleAnd4GLpUartInit  uart_user.o
    0x00001fb6   0x00000002   PAD
    0x00001fb8   0x0000001c   Code   RO         1707    i.Bt_ClearIntFlag   bt.o
    0x00001fd4   0x00000020   Code   RO         1709    i.Bt_M0_ARRSet      bt.o
    0x00001ff4   0x00000020   Code   RO         1711    i.Bt_M0_Cnt16Set    bt.o
    0x00002014   0x0000001c   Code   RO         1716    i.Bt_M0_Run         bt.o
    0x00002030   0x0000001c   Code   RO         1750    i.Bt_Mode0_EnableIrq  bt.o
    0x0000204c   0x00000098   Code   RO         1751    i.Bt_Mode0_Init     bt.o
    0x000020e4   0x00000008   Code   RO         4567    i.CLKTRIM_IRQHandler  interrupts_hc32l17x.o
    0x000020ec   0x00000038   Code   RO          668    i.CRC16             uart_user.o
    0x00002124   0x00000008   Code   RO         4568    i.DMAC_IRQHandler   interrupts_hc32l17x.o
    0x0000212c   0x000000e8   Code   RO          365    i.Default_Setting   flash_user.o
    0x00002214   0x00000054   Code   RO         4569    i.EnableNvic        interrupts_hc32l17x.o
    0x00002268   0x000000d8   Code   RO          784    i.Ethernet_ATCSQ    ethernet_user.o
    0x00002340   0x00000134   Code   RO          785    i.Ethernet_Analysis  ethernet_user.o
    0x00002474   0x000000ac   Code   RO          786    i.Ethernet_CGATT    ethernet_user.o
    0x00002520   0x0000001c   Code   RO          787    i.Ethernet_Clear_Buffer  ethernet_user.o
    0x0000253c   0x00000038   Code   RO          788    i.Ethernet_Close_Socket  ethernet_user.o
    0x00002574   0x000000ac   Code   RO          790    i.Ethernet_IMEI     ethernet_user.o
    0x00002620   0x00000088   Code   RO          791    i.Ethernet_IMSI     ethernet_user.o
    0x000026a8   0x000000ac   Code   RO          792    i.Ethernet_Init     ethernet_user.o
    0x00002754   0x0000009c   Code   RO          793    i.Ethernet_Judgment  ethernet_user.o
    0x000027f0   0x00000030   Code   RO          794    i.Ethernet_LED_State  ethernet_user.o
    0x00002820   0x0000007c   Code   RO          796    i.Ethernet_Power_On  ethernet_user.o
    0x0000289c   0x00000020   Code   RO          797    i.Ethernet_SendDataFun  ethernet_user.o
    0x000028bc   0x000004d0   Code   RO          798    i.Ethernet_Send_Time  ethernet_user.o
    0x00002d8c   0x0000004c   Code   RO          799    i.Ethernet_Senddata_Success  ethernet_user.o
    0x00002dd8   0x00000054   Code   RO          800    i.Ethernet_Server_Ready  ethernet_user.o
    0x00002e2c   0x000000d0   Code   RO          801    i.Ethernet_Set_Socket  ethernet_user.o
    0x00002efc   0x00000084   Code   RO          803    i.Ethernet_Socket_Create  ethernet_user.o
    0x00002f80   0x00000020   Code   RO          804    i.Ethernet_TTMode_Exit  ethernet_user.o
    0x00002fa0   0x00000024   Code   RO          805    i.Ethernet_Uart     ethernet_user.o
    0x00002fc4   0x0000000c   Code   RO         4570    i.FLASH_RAM_IRQHandler  interrupts_hc32l17x.o
    0x00002fd0   0x000000bc   Code   RO         2443    i.Flash_Init        flash.o
    0x0000308c   0x00000028   Code   RO         2444    i.Flash_LockAll     flash.o
    0x000030b4   0x0000001c   Code   RO          366    i.Flash_PData_Read  flash_user.o
    0x000030d0   0x00000060   Code   RO          367    i.Flash_PData_Write  flash_user.o
    0x00003130   0x00000026   Code   RO          368    i.Flash_Power_Init  flash_user.o
    0x00003156   0x00000002   PAD
    0x00003158   0x000000b0   Code   RO         2446    i.Flash_SectorErase  flash.o
    0x00003208   0x0000002c   Code   RO         2447    i.Flash_UnlockAll   flash.o
    0x00003234   0x00000038   Code   RO          369    i.Flash_User_Read   flash_user.o
    0x0000326c   0x0000003c   Code   RO          370    i.Flash_User_Write  flash_user.o
    0x000032a8   0x000000b0   Code   RO         2449    i.Flash_WriteByte   flash.o
    0x00003358   0x000000b0   Code   RO         2450    i.Flash_WriteHalfWord  flash.o
    0x00003408   0x000000b0   Code   RO         2451    i.Flash_WriteWord   flash.o
    0x000034b8   0x0000000c   Code   RO         2186    i.GetBit            ddl.o
    0x000034c4   0x00000010   Code   RO          741    i.GetK              sensor_user.o
    0x000034d4   0x00000044   Code   RO          742    i.GetPTADC          sensor_user.o
    0x00003518   0x000000d4   Code   RO          743    i.GetPTValue        sensor_user.o
    0x000035ec   0x0000001c   Code   RO         2540    i.Gpio_ClearIrq     gpio.o
    0x00003608   0x0000001c   Code   RO         2541    i.Gpio_ClrIO        gpio.o
    0x00003624   0x00000024   Code   RO         2544    i.Gpio_EnableIrq    gpio.o
    0x00003648   0x00000018   Code   RO         2546    i.Gpio_GetInputIO   gpio.o
    0x00003660   0x00000018   Code   RO         2547    i.Gpio_GetIrqStatus  gpio.o
    0x00003678   0x0000009c   Code   RO         2548    i.Gpio_Init         gpio.o
    0x00003714   0x00000014   Code   RO         2550    i.Gpio_SetAfMode    gpio.o
    0x00003728   0x0000001c   Code   RO         2552    i.Gpio_SetAnalogMode  gpio.o
    0x00003744   0x0000001c   Code   RO         2554    i.Gpio_SetIO        gpio.o
    0x00003760   0x00000010   Code   RO         4571    i.HardFault_Handler  interrupts_hc32l17x.o
    0x00003770   0x00000008   Code   RO         4572    i.I2C0_IRQHandler   interrupts_hc32l17x.o
    0x00003778   0x00000008   Code   RO         4573    i.I2C1_IRQHandler   interrupts_hc32l17x.o
    0x00003780   0x00000032   Code   RO          425    i.LCDIICDeInit      iic_user.o
    0x000037b2   0x00000034   Code   RO          426    i.LCDIICInit        iic_user.o
    0x000037e6   0x00000002   PAD
    0x000037e8   0x0000004c   Code   RO          921    i.LCD_4GSignal      lcd_user.o
    0x00003834   0x0000004c   Code   RO          922    i.LCD_Battery       lcd_user.o
    0x00003880   0x00000062   Code   RO          923    i.LCD_BigNumber     lcd_user.o
    0x000038e2   0x00000046   Code   RO          427    i.LCD_CheckAsk      iic_user.o
    0x00003928   0x000000f0   Code   RO          924    i.LCD_General       lcd_user.o
    0x00003a18   0x00000008   Code   RO         4574    i.LCD_IRQHandler    interrupts_hc32l17x.o
    0x00003a20   0x0000004c   Code   RO          925    i.LCD_Init          lcd_user.o
    0x00003a6c   0x00000178   Code   RO          926    i.LCD_Mizi_Four     lcd_user.o
    0x00003be4   0x00000144   Code   RO          927    i.LCD_Mizi_Number   lcd_user.o
    0x00003d28   0x00000178   Code   RO          928    i.LCD_Mizi_One      lcd_user.o
    0x00003ea0   0x00000058   Code   RO          929    i.LCD_Mizi_Point    lcd_user.o
    0x00003ef8   0x00000164   Code   RO          930    i.LCD_Pressure      lcd_user.o
    0x0000405c   0x000001b4   Code   RO          932    i.LCD_Range         lcd_user.o
    0x00004210   0x00000038   Code   RO          933    i.LCD_Refresh       lcd_user.o
    0x00004248   0x0000001c   Code   RO          428    i.LCD_SDA_IN        iic_user.o
    0x00004264   0x0000001a   Code   RO          429    i.LCD_SDA_OUT       iic_user.o
    0x0000427e   0x00000040   Code   RO          430    i.LCD_SendByte      iic_user.o
    0x000042be   0x00000002   PAD
    0x000042c0   0x00000240   Code   RO          934    i.LCD_SmallNumber   lcd_user.o
    0x00004500   0x00000024   Code   RO          431    i.LCD_Start         iic_user.o
    0x00004524   0x00000020   Code   RO          432    i.LCD_Stop          iic_user.o
    0x00004544   0x00000094   Code   RO          935    i.LCD_Symbols       lcd_user.o
    0x000045d8   0x00000014   Code   RO          936    i.LCD_Temperature   lcd_user.o
    0x000045ec   0x0000003c   Code   RO          937    i.LCD_Timeout       lcd_user.o
    0x00004628   0x00000080   Code   RO          938    i.LCD_Unit          lcd_user.o
    0x000046a8   0x0000004a   Code   RO          433    i.LCD_Write         iic_user.o
    0x000046f2   0x0000000c   Code   RO         4575    i.LPTIM0_1_IRQHandler  interrupts_hc32l17x.o
    0x000046fe   0x00000002   PAD
    0x00004700   0x00000064   Code   RO          597    i.LPTimer0Init      timer_user.o
    0x00004764   0x00000008   Code   RO         4576    i.LPUART0_IRQHandler  interrupts_hc32l17x.o
    0x0000476c   0x00000008   Code   RO         4577    i.LPUART1_IRQHandler  interrupts_hc32l17x.o
    0x00004774   0x00000016   Code   RO         2923    i.LPUart_ClrStatus  lpuart.o
    0x0000478a   0x00000014   Code   RO         2925    i.LPUart_DisableIrq  lpuart.o
    0x0000479e   0x00000014   Code   RO         2926    i.LPUart_EnableFunc  lpuart.o
    0x000047b2   0x00000014   Code   RO         2927    i.LPUart_EnableIrq  lpuart.o
    0x000047c6   0x00000018   Code   RO         2930    i.LPUart_GetStatus  lpuart.o
    0x000047de   0x00000002   PAD
    0x000047e0   0x00000098   Code   RO         2933    i.LPUart_Init       lpuart.o
    0x00004878   0x00000008   Code   RO         2934    i.LPUart_ReceiveData  lpuart.o
    0x00004880   0x0000003a   Code   RO         2936    i.LPUart_SendData   lpuart.o
    0x000048ba   0x00000008   Code   RO         4578    i.LVD_IRQHandler    interrupts_hc32l17x.o
    0x000048c2   0x00000002   PAD
    0x000048c4   0x00000068   Code   RO          599    i.LpTim0_IRQHandler  timer_user.o
    0x0000492c   0x0000004c   Code   RO          669    i.LpUart0_IRQHandler  uart_user.o
    0x00004978   0x000000bc   Code   RO          670    i.LpUart1_IRQHandler  uart_user.o
    0x00004a34   0x00000040   Code   RO          671    i.LpUartTimeOut     uart_user.o
    0x00004a74   0x00000012   Code   RO         2878    i.Lptim_ClrItStatus  lptim.o
    0x00004a86   0x00000014   Code   RO         2879    i.Lptim_Cmd         lptim.o
    0x00004a9a   0x00000014   Code   RO         2880    i.Lptim_ConfIt      lptim.o
    0x00004aae   0x00000010   Code   RO         2881    i.Lptim_GetItStatus  lptim.o
    0x00004abe   0x000000c0   Code   RO         2882    i.Lptim_Init        lptim.o
    0x00004b7e   0x00000002   PAD
    0x00004b80   0x00000078   Code   RO         4579    i.NVIC_SetPriority  interrupts_hc32l17x.o
    0x00004bf8   0x0000011c   Code   RO          806    i.Number_To_Char    ethernet_user.o
    0x00004d14   0x00000008   Code   RO         4580    i.PCA_IRQHandler    interrupts_hc32l17x.o
    0x00004d1c   0x00000008   Code   RO         4581    i.PCNT_IRQHandler   interrupts_hc32l17x.o
    0x00004d24   0x00000008   Code   RO         4582    i.PORTA_IRQHandler  interrupts_hc32l17x.o
    0x00004d2c   0x00000008   Code   RO         4583    i.PORTB_IRQHandler  interrupts_hc32l17x.o
    0x00004d34   0x0000000c   Code   RO         4584    i.PORTC_E_IRQHandler  interrupts_hc32l17x.o
    0x00004d40   0x0000000c   Code   RO         4585    i.PORTD_F_IRQHandler  interrupts_hc32l17x.o
    0x00004d4c   0x00000068   Code   RO          559    i.PortB_IRQHandler  sys_user.o
    0x00004db4   0x00000008   Code   RO         4586    i.RTC_IRQHandler    interrupts_hc32l17x.o
    0x00004dbc   0x00000068   Code   RO          434    i.ReadSensor        iic_user.o
    0x00004e24   0x00000008   Code   RO         4587    i.SPI0_IRQHandler   interrupts_hc32l17x.o
    0x00004e2c   0x00000008   Code   RO         4588    i.SPI1_IRQHandler   interrupts_hc32l17x.o
    0x00004e34   0x00000032   Code   RO          435    i.SensorIICDeInit   iic_user.o
    0x00004e66   0x00000042   Code   RO          436    i.SensorIICInit     iic_user.o
    0x00004ea8   0x00000040   Code   RO          744    i.SensorScan        sensor_user.o
    0x00004ee8   0x00000046   Code   RO          437    i.Sensor_CheckAsk   iic_user.o
    0x00004f2e   0x00000046   Code   RO          438    i.Sensor_GetByte    iic_user.o
    0x00004f74   0x0000001c   Code   RO          439    i.Sensor_SDA_IN     iic_user.o
    0x00004f90   0x0000001a   Code   RO          440    i.Sensor_SDA_OUT    iic_user.o
    0x00004faa   0x00000024   Code   RO          441    i.Sensor_SendAsk    iic_user.o
    0x00004fce   0x00000040   Code   RO          442    i.Sensor_SendByte   iic_user.o
    0x0000500e   0x00000024   Code   RO          443    i.Sensor_Start      iic_user.o
    0x00005032   0x00000020   Code   RO          444    i.Sensor_Stop       iic_user.o
    0x00005052   0x0000001e   Code   RO         2188    i.SetBit            ddl.o
    0x00005070   0x00000084   Code   RO          560    i.SysInit           sys_user.o
    0x000050f4   0x00000008   Code   RO         4589    i.SysTick_Handler   interrupts_hc32l17x.o
    0x000050fc   0x0000006a   Code   RO         3725    i.Sysctrl_ClkInit   sysctrl.o
    0x00005166   0x00000002   PAD
    0x00005168   0x0000016c   Code   RO         3726    i.Sysctrl_ClkSourceEnable  sysctrl.o
    0x000052d4   0x00000174   Code   RO         3727    i.Sysctrl_GetHClkFreq  sysctrl.o
    0x00005448   0x00000020   Code   RO         3728    i.Sysctrl_GetPClkFreq  sysctrl.o
    0x00005468   0x00000028   Code   RO         3731    i.Sysctrl_SetHCLKDiv  sysctrl.o
    0x00005490   0x00000028   Code   RO         3732    i.Sysctrl_SetPCLKDiv  sysctrl.o
    0x000054b8   0x00000024   Code   RO         3734    i.Sysctrl_SetPLLStableTime  sysctrl.o
    0x000054dc   0x00000050   Code   RO         3735    i.Sysctrl_SetPeripheralGate  sysctrl.o
    0x0000552c   0x00000024   Code   RO         3737    i.Sysctrl_SetRCLStableTime  sysctrl.o
    0x00005550   0x00000028   Code   RO         3738    i.Sysctrl_SetRCLTrim  sysctrl.o
    0x00005578   0x00000020   Code   RO         3741    i.Sysctrl_SetXTHStableTime  sysctrl.o
    0x00005598   0x00000020   Code   RO         3742    i.Sysctrl_SetXTLStableTime  sysctrl.o
    0x000055b8   0x0000002c   Code   RO         3743    i.Sysctrl_SysClkSwitch  sysctrl.o
    0x000055e4   0x0000001c   Code   RO         3744    i.Sysctrl_XTHDriverCfg  sysctrl.o
    0x00005600   0x00000034   Code   RO         3745    i.Sysctrl_XTLDriverCfg  sysctrl.o
    0x00005634   0x00000002   Code   RO         4803    i.SystemCoreClockUpdate  system_hc32l17x_1.o
    0x00005636   0x00000008   Code   RO         4804    i.SystemInit        system_hc32l17x_1.o
    0x0000563e   0x00000008   Code   RO         4590    i.TIM0_IRQHandler   interrupts_hc32l17x.o
    0x00005646   0x00000008   Code   RO         4591    i.TIM1_IRQHandler   interrupts_hc32l17x.o
    0x0000564e   0x00000008   Code   RO         4592    i.TIM2_IRQHandler   interrupts_hc32l17x.o
    0x00005656   0x00000008   Code   RO         4593    i.TIM3_IRQHandler   interrupts_hc32l17x.o
    0x0000565e   0x00000008   Code   RO         4594    i.TIM4_IRQHandler   interrupts_hc32l17x.o
    0x00005666   0x00000008   Code   RO         4595    i.TIM5_IRQHandler   interrupts_hc32l17x.o
    0x0000566e   0x00000008   Code   RO         4596    i.TIM6_IRQHandler   interrupts_hc32l17x.o
    0x00005676   0x00000002   PAD
    0x00005678   0x00000034   Code   RO          601    i.Tim0_IRQHandler   timer_user.o
    0x000056ac   0x0000006c   Code   RO          602    i.Timer0Init        timer_user.o
    0x00005718   0x0000000c   Code   RO         4597    i.UART0_2_IRQHandler  interrupts_hc32l17x.o
    0x00005724   0x0000000c   Code   RO         4598    i.UART1_3_IRQHandler  interrupts_hc32l17x.o
    0x00005730   0x00000008   Code   RO         4599    i.VC0_IRQHandler    interrupts_hc32l17x.o
    0x00005738   0x0000000c   Code   RO         4600    i.VC1_2_IRQHandler  interrupts_hc32l17x.o
    0x00005744   0x00000008   Code   RO         4601    i.WDT_IRQHandler    interrupts_hc32l17x.o
    0x0000574c   0x00000018   Code   RO         3746    i._SysctrlUnlock    sysctrl.o
    0x00005764   0x0000001c   Code   RO          357    i.__ARM_common_switch8  ble_user.o
    0x00005780   0x0000004c   Code   RO          745    i.bubbleSort_Signed  sensor_user.o
    0x000057cc   0x00000020   Code   RO         2189    i.ddl_memclr        ddl.o
    0x000057ec   0x0000005c   Code   RO         2191    i.delay10us         ddl.o
    0x00005848   0x00000058   Code   RO         2192    i.delay1ms          ddl.o
    0x000058a0   0x00000054   Code   RO            3    i.main              main.o
    0x000058f4   0x0000008c   Code   RO         4856    x$fpl$fadd          fz_ps.l(faddsub.o)
    0x00005980   0x000000b0   Code   RO         4871    x$fpl$fmul          fz_ps.l(fmul.o)
    0x00005a30   0x000000d0   Code   RO         4858    x$fpl$fsub          fz_ps.l(faddsub.o)
    0x00005b00   0x00000000   Code   RO         4878    x$fpl$usenofp       fz_ps.l(usenofp.o)
    0x00005b00   0x00000014   Data   RO          218    .constdata          ble_user.o
    0x00005b14   0x00000200   Data   RO          673    .constdata          uart_user.o
    0x00005d14   0x00000042   Data   RO          808    .constdata          ethernet_user.o
    0x00005d56   0x00000002   PAD
    0x00005d58   0x00000020   Data   RO         2453    .constdata          flash.o
    0x00005d78   0x0000000c   Data   RO         2941    .constdata          lpuart.o
    0x00005d84   0x00000018   Data   RO         3747    .constdata          sysctrl.o
    0x00005d9c   0x00000080   Data   RO         4846    .constdata          fz_ps.l(ddiv.o)
    0x00005e1c   0x00000040   Data   RO         4863    .constdata          fz_ps.l(fdiv.o)
    0x00005e5c   0x00000020   Data   RO         5038    Region$$Table       anon$$obj.o


    Execution Region ER_RW (Base: 0x20000000, Size: 0x00000008, Max: 0xffffffff, ABSOLUTE)

    Base Addr    Size         Type   Attr      Idx    E Section Name        Object

    0x20000000   0x00000001   Data   RW         3748    .data               sysctrl.o
    0x20000001   0x00000003   PAD
    0x20000004   0x00000004   Data   RW         4805    .data               system_hc32l17x_1.o


    Execution Region ER_ZI (Base: 0x20000008, Size: 0x00000c78, Max: 0xffffffff, ABSOLUTE)

    Base Addr    Size         Type   Attr      Idx    E Section Name        Object

    0x20000008   0x00000028   Zero   RW          121    .bss                adc_user.o
    0x20000030   0x00000080   Zero   RW          217    .bss                ble_user.o
    0x200000b0   0x0000007c   Zero   RW          561    .bss                sys_user.o
    0x2000012c   0x000000c0   Zero   RW          672    .bss                uart_user.o
    0x200001ec   0x00000400   Zero   RW          807    .bss                ethernet_user.o
    0x200005ec   0x00000010   Zero   RW          939    .bss                lcd_user.o
    0x200005fc   0x00000020   Zero   RW         2452    .bss                flash.o
    0x2000061c   0x00000060   Zero   RW         4912    .bss                c_p.l(libspace.o)
    0x2000067c   0x00000004   PAD
    0x20000680   0x00000200   Zero   RW         4797    HEAP                startup_hc32l17x.o
    0x20000880   0x00000400   Zero   RW         4796    STACK               startup_hc32l17x.o


==============================================================================

Image component sizes


      Code (inc. data)   RO Data    RW Data    ZI Data      Debug   Object Name

       260         46          0          0          0       4291   adc.o
       390         36          0          0         40      45108   adc_user.o
        48         12          0          0          0        849   bgr.o
      2392        324         20          0        128      15320   ble_user.o
       300         30          0          0          0       3891   bt.o
       254         30          0          0          0       2962   ddl.o
      3704        232         66          0       1024      13109   ethernet_user.o
       976        120         32          0         32       5703   flash.o
       510         26          0          0          0       3393   flash_user.o
       372         58          0          0          0       5363   gpio.o
      1014          0          0          0          0       9343   iic_user.o
       516         18          0          0          0      23773   interrupts_hc32l17x.o
      3510        204          0          0         16      10317   lcd_user.o
       266          0          0          0          0       2992   lptim.o
       324          4         12          0          0       4986   lpuart.o
        84          6          0          0          0     151019   main.o
       436         48          0          0          0       2645   sensor_user.o
        88         40        192          0       1536        668   startup_hc32l17x.o
       340         20          0          0        124       2093   sys_user.o
      1358        128         24          1          0      10444   sysctrl.o
        10          0          0          4          0       1211   system_hc32l17x_1.o
       364         32          0          0          0       8738   timer_user.o
       936         58        512          0        192       6101   uart_user.o

    ----------------------------------------------------------------------
     18474       1472        892          8       3092     334319   Object Totals
         0          0         32          0          0          0   (incl. Generated)
        22          0          2          3          0          0   (incl. Padding)

    ----------------------------------------------------------------------

      Code (inc. data)   RO Data    RW Data    ZI Data      Debug   Library Member Name

         8          0          0          0          0         68   __main.o
         0          0          0          0          0          0   __rtentry.o
        12          0          0          0          0          0   __rtentry2.o
         6          0          0          0          0          0   __rtentry4.o
        60          8          0          0          0          0   __scatter.o
        26          0          0          0          0          0   __scatter_copy.o
        28          0          0          0          0          0   __scatter_zi.o
       346          0          0          0          0         92   aeabi_sdiv.o
        12          0          0          0          0         64   exit.o
         6          0          0          0          0        136   heapauxi.o
         0          0          0          0          0          0   indicate_semi.o
         2          0          0          0          0          0   libinit.o
         2          0          0          0          0          0   libinit2.o
         2          0          0          0          0          0   libshutdown.o
         2          0          0          0          0          0   libshutdown2.o
         8          4          0          0         96         68   libspace.o
        64          0          0          0          0        108   rt_memclr.o
        56          0          0          0          0         68   rt_memcpy.o
         2          0          0          0          0          0   rtexit.o
        10          0          0          0          0          0   rtexit2.o
        12          4          0          0          0         60   sys_exit.o
        62          0          0          0          0         80   sys_stackheap_outer.o
         2          0          0          0          0         68   use_no_semi.o
       856         20          0          0          0        208   daddsub.o
      1096         26        128          0          0        112   ddiv.o
       108         10          0          0          0         72   dfixi.o
        72          4          0          0          0         68   dfixui.o
        88          0          0          0          0         92   dflti.o
       584         26          0          0          0         84   dmul.o
       348          8          0          0          0        160   faddsub.o
       352         10         64          0          0         92   fdiv.o
        76          0          0          0          0         68   ffixi.o
        48          0          0          0          0         60   ffixui.o
        94          0          0          0          0         92   fflti.o
       176          4          0          0          0         80   fmul.o
         0          0          0          0          0          0   usenofp.o

    ----------------------------------------------------------------------
      4630        124        192          0        100       2000   Library Totals
         4          0          0          0          4          0   (incl. Padding)

    ----------------------------------------------------------------------

      Code (inc. data)   RO Data    RW Data    ZI Data      Debug   Library Name

       728         16          0          0         96        812   c_p.l
      3898        108        192          0          0       1188   fz_ps.l

    ----------------------------------------------------------------------
      4630        124        192          0        100       2000   Library Totals

    ----------------------------------------------------------------------

==============================================================================


      Code (inc. data)   RO Data    RW Data    ZI Data      Debug   

     23104       1596       1084          8       3192     325583   Grand Totals
     23104       1596       1084          8       3192     325583   ELF Image Totals
     23104       1596       1084          8          0          0   ROM Totals

==============================================================================

    Total RO  Size (Code + RO Data)                24188 (  23.62kB)
    Total RW  Size (RW Data + ZI Data)              3200 (   3.13kB)
    Total ROM Size (Code + RO Data + RW Data)      24196 (  23.63kB)

==============================================================================

