<!doctype html public "-//w3c//dtd html 4.0 transitional//en">
<html><head>
<title>Static Call Graph - [.\Objects\Remote_meter.axf]</title></head>
<body><HR>
<H1>Static Call Graph for image .\Objects\Remote_meter.axf</H1><HR>
<BR><P>#&#060CALLGRAPH&#062# ARM Linker, 5050169: Last Updated: Mon Oct 23 09:40:31 2023
<BR><P>
<H3>Maximum Stack Usage =        240 bytes + Unknown(Functions without stacksize, Cycles, Untraceable Function Pointers)</H3><H3>
Call chain for Maximum Stack Depth:</H3>
__rt_entry_main &rArr; main &rArr; Ethernet_Send_Time &rArr; LCD_General &rArr; GetPTValue &rArr; GetPTADC &rArr; ReadSensor &rArr; Sensor_GetByte &rArr; Sensor_SDA_OUT &rArr; Gpio_Init &rArr; SetBit
<P>
<H3>
Functions with no stack information
</H3><UL>
 <LI><a href="#[2f]">__user_initial_stackheap</a>
</UL>
</UL>
<P>
<H3>
Mutually Recursive functions
</H3> <LI><a href="#[6]">NMI_Handler</a>&nbsp;&nbsp;&nbsp;&rArr;&nbsp;&nbsp;&nbsp;<a href="#[6]">NMI_Handler</a><BR>
 <LI><a href="#[8]">SVC_Handler</a>&nbsp;&nbsp;&nbsp;&rArr;&nbsp;&nbsp;&nbsp;<a href="#[8]">SVC_Handler</a><BR>
 <LI><a href="#[9]">PendSV_Handler</a>&nbsp;&nbsp;&nbsp;&rArr;&nbsp;&nbsp;&nbsp;<a href="#[9]">PendSV_Handler</a><BR>
 <LI><a href="#[27]">CAN_IRQHandler</a>&nbsp;&nbsp;&nbsp;&rArr;&nbsp;&nbsp;&nbsp;<a href="#[27]">CAN_IRQHandler</a><BR>
</UL>
<P>
<H3>
Function Pointers
</H3><UL>
 <LI><a href="#[23]">ADC_DAC_IRQHandler</a> from interrupts_hc32l17x.o(i.ADC_DAC_IRQHandler) referenced from startup_hc32l17x.o(RESET)
 <LI><a href="#[27]">CAN_IRQHandler</a> from startup_hc32l17x.o(.text) referenced from startup_hc32l17x.o(RESET)
 <LI><a href="#[2a]">CLKTRIM_CTS_IRQHandler</a> from startup_hc32l17x.o(.text) referenced from startup_hc32l17x.o(RESET)
 <LI><a href="#[f]">DMAC_IRQHandler</a> from interrupts_hc32l17x.o(i.DMAC_IRQHandler) referenced from startup_hc32l17x.o(RESET)
 <LI><a href="#[29]">FLASH_RAM_IRQHandler</a> from interrupts_hc32l17x.o(i.FLASH_RAM_IRQHandler) referenced from startup_hc32l17x.o(RESET)
 <LI><a href="#[7]">HardFault_Handler</a> from interrupts_hc32l17x.o(i.HardFault_Handler) referenced from startup_hc32l17x.o(RESET)
 <LI><a href="#[17]">I2C0_IRQHandler</a> from interrupts_hc32l17x.o(i.I2C0_IRQHandler) referenced from startup_hc32l17x.o(RESET)
 <LI><a href="#[18]">I2C1_IRQHandler</a> from interrupts_hc32l17x.o(i.I2C1_IRQHandler) referenced from startup_hc32l17x.o(RESET)
 <LI><a href="#[28]">LCD_IRQHandler</a> from interrupts_hc32l17x.o(i.LCD_IRQHandler) referenced from startup_hc32l17x.o(RESET)
 <LI><a href="#[1c]">LPTIM0_1_IRQHandler</a> from interrupts_hc32l17x.o(i.LPTIM0_1_IRQHandler) referenced from startup_hc32l17x.o(RESET)
 <LI><a href="#[13]">LPUART0_IRQHandler</a> from interrupts_hc32l17x.o(i.LPUART0_IRQHandler) referenced from startup_hc32l17x.o(RESET)
 <LI><a href="#[14]">LPUART1_IRQHandler</a> from interrupts_hc32l17x.o(i.LPUART1_IRQHandler) referenced from startup_hc32l17x.o(RESET)
 <LI><a href="#[6]">NMI_Handler</a> from startup_hc32l17x.o(.text) referenced from startup_hc32l17x.o(RESET)
 <LI><a href="#[20]">PCA_IRQHandler</a> from interrupts_hc32l17x.o(i.PCA_IRQHandler) referenced from startup_hc32l17x.o(RESET)
 <LI><a href="#[24]">PCNT_IRQHandler</a> from interrupts_hc32l17x.o(i.PCNT_IRQHandler) referenced from startup_hc32l17x.o(RESET)
 <LI><a href="#[b]">PORTA_IRQHandler</a> from interrupts_hc32l17x.o(i.PORTA_IRQHandler) referenced from startup_hc32l17x.o(RESET)
 <LI><a href="#[c]">PORTB_IRQHandler</a> from interrupts_hc32l17x.o(i.PORTB_IRQHandler) referenced from startup_hc32l17x.o(RESET)
 <LI><a href="#[d]">PORTC_E_IRQHandler</a> from interrupts_hc32l17x.o(i.PORTC_E_IRQHandler) referenced from startup_hc32l17x.o(RESET)
 <LI><a href="#[e]">PORTD_F_IRQHandler</a> from interrupts_hc32l17x.o(i.PORTD_F_IRQHandler) referenced from startup_hc32l17x.o(RESET)
 <LI><a href="#[9]">PendSV_Handler</a> from startup_hc32l17x.o(.text) referenced from startup_hc32l17x.o(RESET)
 <LI><a href="#[22]">RTC_IRQHandler</a> from interrupts_hc32l17x.o(i.RTC_IRQHandler) referenced from startup_hc32l17x.o(RESET)
 <LI><a href="#[2d]">Reset_Handler</a> from startup_hc32l17x.o(.text) referenced from startup_hc32l17x.o(RESET)
 <LI><a href="#[15]">SPI0_I2S0_IRQHandler</a> from startup_hc32l17x.o(.text) referenced from startup_hc32l17x.o(RESET)
 <LI><a href="#[16]">SPI1_I2S1_IRQHandler</a> from startup_hc32l17x.o(.text) referenced from startup_hc32l17x.o(RESET)
 <LI><a href="#[8]">SVC_Handler</a> from startup_hc32l17x.o(.text) referenced from startup_hc32l17x.o(RESET)
 <LI><a href="#[a]">SysTick_Handler</a> from interrupts_hc32l17x.o(i.SysTick_Handler) referenced from startup_hc32l17x.o(RESET)
 <LI><a href="#[2b]">SystemInit</a> from system_hc32l17x_1.o(i.SystemInit) referenced from startup_hc32l17x.o(.text)
 <LI><a href="#[19]">TIM0_IRQHandler</a> from interrupts_hc32l17x.o(i.TIM0_IRQHandler) referenced from startup_hc32l17x.o(RESET)
 <LI><a href="#[1a]">TIM1_IRQHandler</a> from interrupts_hc32l17x.o(i.TIM1_IRQHandler) referenced from startup_hc32l17x.o(RESET)
 <LI><a href="#[1b]">TIM2_IRQHandler</a> from interrupts_hc32l17x.o(i.TIM2_IRQHandler) referenced from startup_hc32l17x.o(RESET)
 <LI><a href="#[10]">TIM3_IRQHandler</a> from interrupts_hc32l17x.o(i.TIM3_IRQHandler) referenced from startup_hc32l17x.o(RESET)
 <LI><a href="#[1d]">TIM4_IRQHandler</a> from interrupts_hc32l17x.o(i.TIM4_IRQHandler) referenced from startup_hc32l17x.o(RESET)
 <LI><a href="#[1e]">TIM5_IRQHandler</a> from interrupts_hc32l17x.o(i.TIM5_IRQHandler) referenced from startup_hc32l17x.o(RESET)
 <LI><a href="#[1f]">TIM6_IRQHandler</a> from interrupts_hc32l17x.o(i.TIM6_IRQHandler) referenced from startup_hc32l17x.o(RESET)
 <LI><a href="#[11]">UART0_2_IRQHandler</a> from interrupts_hc32l17x.o(i.UART0_2_IRQHandler) referenced from startup_hc32l17x.o(RESET)
 <LI><a href="#[12]">UART1_3_IRQHandler</a> from interrupts_hc32l17x.o(i.UART1_3_IRQHandler) referenced from startup_hc32l17x.o(RESET)
 <LI><a href="#[26]">USBFS_IRQHandler</a> from startup_hc32l17x.o(.text) referenced from startup_hc32l17x.o(RESET)
 <LI><a href="#[25]">VC0_1_2_LVD_IRQHandler</a> from startup_hc32l17x.o(.text) referenced from startup_hc32l17x.o(RESET)
 <LI><a href="#[21]">WDT_IRQHandler</a> from interrupts_hc32l17x.o(i.WDT_IRQHandler) referenced from startup_hc32l17x.o(RESET)
 <LI><a href="#[2e]">__main</a> from __main.o(!!!main) referenced from startup_hc32l17x.o(.text)
</UL>
<P>
<H3>
Global Symbols
</H3>
<P><STRONG><a name="[2e]"></a>__main</STRONG> (Thumb, 8 bytes, Stack size 0 bytes, __main.o(!!!main))
<BR><BR>[Calls]<UL><LI><a href="#[3c]">&gt;&gt;</a>&nbsp;&nbsp;&nbsp;__scatterload
<LI><a href="#[3d]">&gt;&gt;</a>&nbsp;&nbsp;&nbsp;__rt_entry
</UL>

<P><STRONG><a name="[3c]"></a>__scatterload</STRONG> (Thumb, 0 bytes, Stack size unknown bytes, __scatter.o(!!!scatter))
<BR><BR>[Called By]<UL><LI><a href="#[2e]">&gt;&gt;</a>&nbsp;&nbsp;&nbsp;__main
</UL>

<P><STRONG><a name="[3e]"></a>__scatterload_rt2</STRONG> (Thumb, 52 bytes, Stack size unknown bytes, __scatter.o(!!!scatter), UNUSED)
<BR><BR>[Calls]<UL><LI><a href="#[3d]">&gt;&gt;</a>&nbsp;&nbsp;&nbsp;__rt_entry
</UL>

<P><STRONG><a name="[152]"></a>__scatterload_rt2_thumb_only</STRONG> (Thumb, 0 bytes, Stack size unknown bytes, __scatter.o(!!!scatter), UNUSED)

<P><STRONG><a name="[153]"></a>__scatterload_null</STRONG> (Thumb, 0 bytes, Stack size unknown bytes, __scatter.o(!!!scatter), UNUSED)

<P><STRONG><a name="[3f]"></a>__scatterload_copy</STRONG> (Thumb, 26 bytes, Stack size unknown bytes, __scatter_copy.o(!!handler_copy), UNUSED)
<BR><BR>[Calls]<UL><LI><a href="#[3f]">&gt;&gt;</a>&nbsp;&nbsp;&nbsp;__scatterload_copy
</UL>
<BR>[Called By]<UL><LI><a href="#[3f]">&gt;&gt;</a>&nbsp;&nbsp;&nbsp;__scatterload_copy
</UL>

<P><STRONG><a name="[154]"></a>__scatterload_zeroinit</STRONG> (Thumb, 28 bytes, Stack size unknown bytes, __scatter_zi.o(!!handler_zi), UNUSED)

<P><STRONG><a name="[43]"></a>__rt_lib_init</STRONG> (Thumb, 0 bytes, Stack size unknown bytes, libinit.o(.ARM.Collect$$libinit$$00000000))
<BR><BR>[Called By]<UL><LI><a href="#[42]">&gt;&gt;</a>&nbsp;&nbsp;&nbsp;__rt_entry_li
</UL>

<P><STRONG><a name="[155]"></a>__rt_lib_init_alloca_1</STRONG> (Thumb, 0 bytes, Stack size unknown bytes, libinit2.o(.ARM.Collect$$libinit$$0000002E))

<P><STRONG><a name="[156]"></a>__rt_lib_init_argv_1</STRONG> (Thumb, 0 bytes, Stack size unknown bytes, libinit2.o(.ARM.Collect$$libinit$$0000002C))

<P><STRONG><a name="[157]"></a>__rt_lib_init_atexit_1</STRONG> (Thumb, 0 bytes, Stack size unknown bytes, libinit2.o(.ARM.Collect$$libinit$$0000001B))

<P><STRONG><a name="[158]"></a>__rt_lib_init_clock_1</STRONG> (Thumb, 0 bytes, Stack size unknown bytes, libinit2.o(.ARM.Collect$$libinit$$00000021))

<P><STRONG><a name="[159]"></a>__rt_lib_init_cpp_1</STRONG> (Thumb, 0 bytes, Stack size unknown bytes, libinit2.o(.ARM.Collect$$libinit$$00000032))

<P><STRONG><a name="[15a]"></a>__rt_lib_init_exceptions_1</STRONG> (Thumb, 0 bytes, Stack size unknown bytes, libinit2.o(.ARM.Collect$$libinit$$00000030))

<P><STRONG><a name="[15b]"></a>__rt_lib_init_fp_1</STRONG> (Thumb, 0 bytes, Stack size unknown bytes, libinit2.o(.ARM.Collect$$libinit$$00000002))

<P><STRONG><a name="[15c]"></a>__rt_lib_init_fp_trap_1</STRONG> (Thumb, 0 bytes, Stack size unknown bytes, libinit2.o(.ARM.Collect$$libinit$$0000001F))

<P><STRONG><a name="[15d]"></a>__rt_lib_init_getenv_1</STRONG> (Thumb, 0 bytes, Stack size unknown bytes, libinit2.o(.ARM.Collect$$libinit$$00000023))

<P><STRONG><a name="[15e]"></a>__rt_lib_init_heap_1</STRONG> (Thumb, 0 bytes, Stack size unknown bytes, libinit2.o(.ARM.Collect$$libinit$$0000000A))

<P><STRONG><a name="[15f]"></a>__rt_lib_init_lc_collate_1</STRONG> (Thumb, 0 bytes, Stack size unknown bytes, libinit2.o(.ARM.Collect$$libinit$$00000011))

<P><STRONG><a name="[160]"></a>__rt_lib_init_lc_ctype_1</STRONG> (Thumb, 0 bytes, Stack size unknown bytes, libinit2.o(.ARM.Collect$$libinit$$00000013))

<P><STRONG><a name="[161]"></a>__rt_lib_init_lc_monetary_1</STRONG> (Thumb, 0 bytes, Stack size unknown bytes, libinit2.o(.ARM.Collect$$libinit$$00000015))

<P><STRONG><a name="[162]"></a>__rt_lib_init_lc_numeric_1</STRONG> (Thumb, 0 bytes, Stack size unknown bytes, libinit2.o(.ARM.Collect$$libinit$$00000017))

<P><STRONG><a name="[163]"></a>__rt_lib_init_lc_time_1</STRONG> (Thumb, 0 bytes, Stack size unknown bytes, libinit2.o(.ARM.Collect$$libinit$$00000019))

<P><STRONG><a name="[164]"></a>__rt_lib_init_preinit_1</STRONG> (Thumb, 0 bytes, Stack size unknown bytes, libinit2.o(.ARM.Collect$$libinit$$00000004))

<P><STRONG><a name="[165]"></a>__rt_lib_init_rand_1</STRONG> (Thumb, 0 bytes, Stack size unknown bytes, libinit2.o(.ARM.Collect$$libinit$$0000000E))

<P><STRONG><a name="[166]"></a>__rt_lib_init_return</STRONG> (Thumb, 0 bytes, Stack size unknown bytes, libinit2.o(.ARM.Collect$$libinit$$00000033))

<P><STRONG><a name="[167]"></a>__rt_lib_init_signal_1</STRONG> (Thumb, 0 bytes, Stack size unknown bytes, libinit2.o(.ARM.Collect$$libinit$$0000001D))

<P><STRONG><a name="[168]"></a>__rt_lib_init_stdio_1</STRONG> (Thumb, 0 bytes, Stack size unknown bytes, libinit2.o(.ARM.Collect$$libinit$$00000025))

<P><STRONG><a name="[169]"></a>__rt_lib_init_user_alloc_1</STRONG> (Thumb, 0 bytes, Stack size unknown bytes, libinit2.o(.ARM.Collect$$libinit$$0000000C))

<P><STRONG><a name="[48]"></a>__rt_lib_shutdown</STRONG> (Thumb, 0 bytes, Stack size unknown bytes, libshutdown.o(.ARM.Collect$$libshutdown$$00000000))
<BR><BR>[Called By]<UL><LI><a href="#[47]">&gt;&gt;</a>&nbsp;&nbsp;&nbsp;__rt_exit_ls
</UL>

<P><STRONG><a name="[16a]"></a>__rt_lib_shutdown_fp_trap_1</STRONG> (Thumb, 0 bytes, Stack size unknown bytes, libshutdown2.o(.ARM.Collect$$libshutdown$$00000006))

<P><STRONG><a name="[16b]"></a>__rt_lib_shutdown_heap_1</STRONG> (Thumb, 0 bytes, Stack size unknown bytes, libshutdown2.o(.ARM.Collect$$libshutdown$$0000000E))

<P><STRONG><a name="[16c]"></a>__rt_lib_shutdown_return</STRONG> (Thumb, 0 bytes, Stack size unknown bytes, libshutdown2.o(.ARM.Collect$$libshutdown$$0000000F))

<P><STRONG><a name="[16d]"></a>__rt_lib_shutdown_signal_1</STRONG> (Thumb, 0 bytes, Stack size unknown bytes, libshutdown2.o(.ARM.Collect$$libshutdown$$00000009))

<P><STRONG><a name="[16e]"></a>__rt_lib_shutdown_stdio_1</STRONG> (Thumb, 0 bytes, Stack size unknown bytes, libshutdown2.o(.ARM.Collect$$libshutdown$$00000003))

<P><STRONG><a name="[16f]"></a>__rt_lib_shutdown_user_alloc_1</STRONG> (Thumb, 0 bytes, Stack size unknown bytes, libshutdown2.o(.ARM.Collect$$libshutdown$$0000000B))

<P><STRONG><a name="[3d]"></a>__rt_entry</STRONG> (Thumb, 0 bytes, Stack size unknown bytes, __rtentry.o(.ARM.Collect$$rtentry$$00000000))
<BR><BR>[Called By]<UL><LI><a href="#[2e]">&gt;&gt;</a>&nbsp;&nbsp;&nbsp;__main
<LI><a href="#[3e]">&gt;&gt;</a>&nbsp;&nbsp;&nbsp;__scatterload_rt2
</UL>

<P><STRONG><a name="[170]"></a>__rt_entry_presh_1</STRONG> (Thumb, 0 bytes, Stack size unknown bytes, __rtentry2.o(.ARM.Collect$$rtentry$$00000002))

<P><STRONG><a name="[40]"></a>__rt_entry_sh</STRONG> (Thumb, 0 bytes, Stack size unknown bytes, __rtentry4.o(.ARM.Collect$$rtentry$$00000004))
<BR><BR>[Stack]<UL><LI>Max Depth = 8 + Unknown Stack Size
<LI>Call Chain = __rt_entry_sh &rArr; __user_setup_stackheap
</UL>
<BR>[Calls]<UL><LI><a href="#[41]">&gt;&gt;</a>&nbsp;&nbsp;&nbsp;__user_setup_stackheap
</UL>

<P><STRONG><a name="[42]"></a>__rt_entry_li</STRONG> (Thumb, 0 bytes, Stack size unknown bytes, __rtentry2.o(.ARM.Collect$$rtentry$$0000000A))
<BR><BR>[Calls]<UL><LI><a href="#[43]">&gt;&gt;</a>&nbsp;&nbsp;&nbsp;__rt_lib_init
</UL>

<P><STRONG><a name="[171]"></a>__rt_entry_postsh_1</STRONG> (Thumb, 0 bytes, Stack size unknown bytes, __rtentry2.o(.ARM.Collect$$rtentry$$00000009))

<P><STRONG><a name="[44]"></a>__rt_entry_main</STRONG> (Thumb, 0 bytes, Stack size unknown bytes, __rtentry2.o(.ARM.Collect$$rtentry$$0000000D))
<BR><BR>[Stack]<UL><LI>Max Depth = 240 + Unknown Stack Size
<LI>Call Chain = __rt_entry_main &rArr; main &rArr; Ethernet_Send_Time &rArr; LCD_General &rArr; GetPTValue &rArr; GetPTADC &rArr; ReadSensor &rArr; Sensor_GetByte &rArr; Sensor_SDA_OUT &rArr; Gpio_Init &rArr; SetBit
</UL>
<BR>[Calls]<UL><LI><a href="#[45]">&gt;&gt;</a>&nbsp;&nbsp;&nbsp;main
<LI><a href="#[46]">&gt;&gt;</a>&nbsp;&nbsp;&nbsp;exit
</UL>

<P><STRONG><a name="[172]"></a>__rt_entry_postli_1</STRONG> (Thumb, 0 bytes, Stack size unknown bytes, __rtentry2.o(.ARM.Collect$$rtentry$$0000000C))

<P><STRONG><a name="[60]"></a>__rt_exit</STRONG> (Thumb, 0 bytes, Stack size unknown bytes, rtexit.o(.ARM.Collect$$rtexit$$00000000))
<BR><BR>[Called By]<UL><LI><a href="#[46]">&gt;&gt;</a>&nbsp;&nbsp;&nbsp;exit
</UL>

<P><STRONG><a name="[47]"></a>__rt_exit_ls</STRONG> (Thumb, 0 bytes, Stack size unknown bytes, rtexit2.o(.ARM.Collect$$rtexit$$00000003))
<BR><BR>[Calls]<UL><LI><a href="#[48]">&gt;&gt;</a>&nbsp;&nbsp;&nbsp;__rt_lib_shutdown
</UL>

<P><STRONG><a name="[173]"></a>__rt_exit_prels_1</STRONG> (Thumb, 0 bytes, Stack size unknown bytes, rtexit2.o(.ARM.Collect$$rtexit$$00000002))

<P><STRONG><a name="[49]"></a>__rt_exit_exit</STRONG> (Thumb, 0 bytes, Stack size unknown bytes, rtexit2.o(.ARM.Collect$$rtexit$$00000004))
<BR><BR>[Calls]<UL><LI><a href="#[4a]">&gt;&gt;</a>&nbsp;&nbsp;&nbsp;_sys_exit
</UL>

<P><STRONG><a name="[a7]"></a>__aeabi_memcpy4</STRONG> (Thumb, 56 bytes, Stack size 0 bytes, rt_memcpy.o(.emb_text))
<BR><BR>[Called By]<UL><LI><a href="#[dc]">&gt;&gt;</a>&nbsp;&nbsp;&nbsp;Flash_User_Read
<LI><a href="#[a5]">&gt;&gt;</a>&nbsp;&nbsp;&nbsp;Flash_User_Write
<LI><a href="#[9f]">&gt;&gt;</a>&nbsp;&nbsp;&nbsp;BLE_ID_Set
<LI><a href="#[aa]">&gt;&gt;</a>&nbsp;&nbsp;&nbsp;BLE_Uart
<LI><a href="#[cf]">&gt;&gt;</a>&nbsp;&nbsp;&nbsp;Ethernet_Set_Socket
<LI><a href="#[136]">&gt;&gt;</a>&nbsp;&nbsp;&nbsp;Sysctrl_GetHClkFreq
</UL>

<P><STRONG><a name="[174]"></a>__aeabi_memcpy8</STRONG> (Thumb, 0 bytes, Stack size 0 bytes, rt_memcpy.o(.emb_text), UNUSED)

<P><STRONG><a name="[2d]"></a>Reset_Handler</STRONG> (Thumb, 26 bytes, Stack size 0 bytes, startup_hc32l17x.o(.text))

<P><STRONG><a name="[6]"></a>NMI_Handler</STRONG> (Thumb, 2 bytes, Stack size 0 bytes, startup_hc32l17x.o(.text))
<BR><BR>[Calls]<UL><LI><a href="#[6]">&gt;&gt;</a>&nbsp;&nbsp;&nbsp;NMI_Handler
</UL>
<BR>[Called By]<UL><LI><a href="#[6]">&gt;&gt;</a>&nbsp;&nbsp;&nbsp;NMI_Handler
</UL>
<BR>[Address Reference Count : 1]<UL><LI> startup_hc32l17x.o(RESET)
</UL>
<P><STRONG><a name="[8]"></a>SVC_Handler</STRONG> (Thumb, 2 bytes, Stack size 0 bytes, startup_hc32l17x.o(.text))
<BR><BR>[Calls]<UL><LI><a href="#[8]">&gt;&gt;</a>&nbsp;&nbsp;&nbsp;SVC_Handler
</UL>
<BR>[Called By]<UL><LI><a href="#[8]">&gt;&gt;</a>&nbsp;&nbsp;&nbsp;SVC_Handler
</UL>
<BR>[Address Reference Count : 1]<UL><LI> startup_hc32l17x.o(RESET)
</UL>
<P><STRONG><a name="[9]"></a>PendSV_Handler</STRONG> (Thumb, 2 bytes, Stack size 0 bytes, startup_hc32l17x.o(.text))
<BR><BR>[Calls]<UL><LI><a href="#[9]">&gt;&gt;</a>&nbsp;&nbsp;&nbsp;PendSV_Handler
</UL>
<BR>[Called By]<UL><LI><a href="#[9]">&gt;&gt;</a>&nbsp;&nbsp;&nbsp;PendSV_Handler
</UL>
<BR>[Address Reference Count : 1]<UL><LI> startup_hc32l17x.o(RESET)
</UL>
<P><STRONG><a name="[27]"></a>CAN_IRQHandler</STRONG> (Thumb, 0 bytes, Stack size 0 bytes, startup_hc32l17x.o(.text))
<BR><BR>[Calls]<UL><LI><a href="#[27]">&gt;&gt;</a>&nbsp;&nbsp;&nbsp;CAN_IRQHandler
</UL>
<BR>[Called By]<UL><LI><a href="#[27]">&gt;&gt;</a>&nbsp;&nbsp;&nbsp;CAN_IRQHandler
</UL>
<BR>[Address Reference Count : 1]<UL><LI> startup_hc32l17x.o(RESET)
</UL>
<P><STRONG><a name="[2a]"></a>CLKTRIM_CTS_IRQHandler</STRONG> (Thumb, 0 bytes, Stack size 0 bytes, startup_hc32l17x.o(.text))
<BR>[Address Reference Count : 1]<UL><LI> startup_hc32l17x.o(RESET)
</UL>
<P><STRONG><a name="[15]"></a>SPI0_I2S0_IRQHandler</STRONG> (Thumb, 0 bytes, Stack size 0 bytes, startup_hc32l17x.o(.text))
<BR>[Address Reference Count : 1]<UL><LI> startup_hc32l17x.o(RESET)
</UL>
<P><STRONG><a name="[16]"></a>SPI1_I2S1_IRQHandler</STRONG> (Thumb, 0 bytes, Stack size 0 bytes, startup_hc32l17x.o(.text))
<BR>[Address Reference Count : 1]<UL><LI> startup_hc32l17x.o(RESET)
</UL>
<P><STRONG><a name="[26]"></a>USBFS_IRQHandler</STRONG> (Thumb, 0 bytes, Stack size 0 bytes, startup_hc32l17x.o(.text))
<BR>[Address Reference Count : 1]<UL><LI> startup_hc32l17x.o(RESET)
</UL>
<P><STRONG><a name="[25]"></a>VC0_1_2_LVD_IRQHandler</STRONG> (Thumb, 0 bytes, Stack size 0 bytes, startup_hc32l17x.o(.text))
<BR>[Address Reference Count : 1]<UL><LI> startup_hc32l17x.o(RESET)
</UL>
<P><STRONG><a name="[2f]"></a>__user_initial_stackheap</STRONG> (Thumb, 0 bytes, Stack size unknown bytes, startup_hc32l17x.o(.text))
<BR><BR>[Called By]<UL><LI><a href="#[41]">&gt;&gt;</a>&nbsp;&nbsp;&nbsp;__user_setup_stackheap
</UL>

<P><STRONG><a name="[4c]"></a>_memset_w</STRONG> (Thumb, 26 bytes, Stack size 0 bytes, rt_memclr.o(.text), UNUSED)
<BR><BR>[Called By]<UL><LI><a href="#[4e]">&gt;&gt;</a>&nbsp;&nbsp;&nbsp;__rt_memclr_w
<LI><a href="#[4b]">&gt;&gt;</a>&nbsp;&nbsp;&nbsp;_memset
</UL>

<P><STRONG><a name="[4b]"></a>_memset</STRONG> (Thumb, 30 bytes, Stack size 0 bytes, rt_memclr.o(.text), UNUSED)
<BR><BR>[Calls]<UL><LI><a href="#[4c]">&gt;&gt;</a>&nbsp;&nbsp;&nbsp;_memset_w
</UL>
<BR>[Called By]<UL><LI><a href="#[4d]">&gt;&gt;</a>&nbsp;&nbsp;&nbsp;__aeabi_memclr
</UL>

<P><STRONG><a name="[4d]"></a>__aeabi_memclr</STRONG> (Thumb, 4 bytes, Stack size 0 bytes, rt_memclr.o(.text), UNUSED)
<BR><BR>[Calls]<UL><LI><a href="#[4b]">&gt;&gt;</a>&nbsp;&nbsp;&nbsp;_memset
</UL>

<P><STRONG><a name="[175]"></a>__rt_memclr</STRONG> (Thumb, 0 bytes, Stack size 0 bytes, rt_memclr.o(.text), UNUSED)

<P><STRONG><a name="[e2]"></a>__aeabi_memclr4</STRONG> (Thumb, 0 bytes, Stack size 0 bytes, rt_memclr.o(.text))
<BR><BR>[Called By]<UL><LI><a href="#[b0]">&gt;&gt;</a>&nbsp;&nbsp;&nbsp;GetPTValue
<LI><a href="#[fb]">&gt;&gt;</a>&nbsp;&nbsp;&nbsp;LCD_Refresh
</UL>

<P><STRONG><a name="[176]"></a>__aeabi_memclr8</STRONG> (Thumb, 0 bytes, Stack size 0 bytes, rt_memclr.o(.text), UNUSED)

<P><STRONG><a name="[4e]"></a>__rt_memclr_w</STRONG> (Thumb, 4 bytes, Stack size 0 bytes, rt_memclr.o(.text), UNUSED)
<BR><BR>[Calls]<UL><LI><a href="#[4c]">&gt;&gt;</a>&nbsp;&nbsp;&nbsp;_memset_w
</UL>

<P><STRONG><a name="[177]"></a>__aeabi_uidiv</STRONG> (Thumb, 0 bytes, Stack size 0 bytes, aeabi_sdiv.o(.text), UNUSED)

<P><STRONG><a name="[69]"></a>__aeabi_uidivmod</STRONG> (Thumb, 20 bytes, Stack size 0 bytes, aeabi_sdiv.o(.text))
<BR><BR>[Called By]<UL><LI><a href="#[30]">&gt;&gt;</a>&nbsp;&nbsp;&nbsp;Adc_IRQHandler
<LI><a href="#[65]">&gt;&gt;</a>&nbsp;&nbsp;&nbsp;delay1ms
<LI><a href="#[71]">&gt;&gt;</a>&nbsp;&nbsp;&nbsp;delay10us
<LI><a href="#[d5]">&gt;&gt;</a>&nbsp;&nbsp;&nbsp;Ethernet_Socket_Create
<LI><a href="#[d1]">&gt;&gt;</a>&nbsp;&nbsp;&nbsp;Ethernet_Server_Ready
<LI><a href="#[c9]">&gt;&gt;</a>&nbsp;&nbsp;&nbsp;Ethernet_Power_On
<LI><a href="#[c3]">&gt;&gt;</a>&nbsp;&nbsp;&nbsp;Ethernet_Judgment
<LI><a href="#[c0]">&gt;&gt;</a>&nbsp;&nbsp;&nbsp;Ethernet_CGATT
<LI><a href="#[bd]">&gt;&gt;</a>&nbsp;&nbsp;&nbsp;Ethernet_ATCSQ
</UL>

<P><STRONG><a name="[178]"></a>__aeabi_idiv</STRONG> (Thumb, 0 bytes, Stack size 8 bytes, aeabi_sdiv.o(.text), UNUSED)

<P><STRONG><a name="[cc]"></a>__aeabi_idivmod</STRONG> (Thumb, 326 bytes, Stack size 8 bytes, aeabi_sdiv.o(.text))
<BR><BR>[Stack]<UL><LI>Max Depth = 8<LI>Call Chain = __aeabi_idivmod
</UL>
<BR>[Called By]<UL><LI><a href="#[b0]">&gt;&gt;</a>&nbsp;&nbsp;&nbsp;GetPTValue
<LI><a href="#[cb]">&gt;&gt;</a>&nbsp;&nbsp;&nbsp;Ethernet_Send_Time
<LI><a href="#[104]">&gt;&gt;</a>&nbsp;&nbsp;&nbsp;LCD_SmallNumber
<LI><a href="#[102]">&gt;&gt;</a>&nbsp;&nbsp;&nbsp;LCD_Range
<LI><a href="#[f6]">&gt;&gt;</a>&nbsp;&nbsp;&nbsp;LCD_Pressure
<LI><a href="#[c2]">&gt;&gt;</a>&nbsp;&nbsp;&nbsp;Number_To_Char
</UL>

<P><STRONG><a name="[179]"></a>__use_two_region_memory</STRONG> (Thumb, 2 bytes, Stack size 0 bytes, heapauxi.o(.text), UNUSED)

<P><STRONG><a name="[17a]"></a>__rt_heap_escrow$2region</STRONG> (Thumb, 2 bytes, Stack size 0 bytes, heapauxi.o(.text), UNUSED)

<P><STRONG><a name="[17b]"></a>__rt_heap_expand$2region</STRONG> (Thumb, 2 bytes, Stack size 0 bytes, heapauxi.o(.text), UNUSED)

<P><STRONG><a name="[e4]"></a>__aeabi_dadd</STRONG> (Thumb, 0 bytes, Stack size 8 bytes, daddsub.o(.text))
<BR><BR>[Stack]<UL><LI>Max Depth = 8<LI>Call Chain = __aeabi_dadd
</UL>
<BR>[Called By]<UL><LI><a href="#[b0]">&gt;&gt;</a>&nbsp;&nbsp;&nbsp;GetPTValue
</UL>

<P><STRONG><a name="[4f]"></a>_dadd</STRONG> (Thumb, 26 bytes, Stack size 8 bytes, daddsub.o(.text), UNUSED)
<BR><BR>[Calls]<UL><LI><a href="#[50]">&gt;&gt;</a>&nbsp;&nbsp;&nbsp;_dsub1
<LI><a href="#[51]">&gt;&gt;</a>&nbsp;&nbsp;&nbsp;_dadd1
</UL>

<P><STRONG><a name="[17c]"></a>__aeabi_dsub</STRONG> (Thumb, 0 bytes, Stack size 8 bytes, daddsub.o(.text), UNUSED)

<P><STRONG><a name="[52]"></a>_dsub</STRONG> (Thumb, 22 bytes, Stack size 8 bytes, daddsub.o(.text), UNUSED)
<BR><BR>[Calls]<UL><LI><a href="#[50]">&gt;&gt;</a>&nbsp;&nbsp;&nbsp;_dsub1
<LI><a href="#[51]">&gt;&gt;</a>&nbsp;&nbsp;&nbsp;_dadd1
</UL>

<P><STRONG><a name="[17d]"></a>__aeabi_drsub</STRONG> (Thumb, 0 bytes, Stack size 16 bytes, daddsub.o(.text), UNUSED)

<P><STRONG><a name="[53]"></a>_drsb</STRONG> (Thumb, 28 bytes, Stack size 16 bytes, daddsub.o(.text), UNUSED)
<BR><BR>[Calls]<UL><LI><a href="#[50]">&gt;&gt;</a>&nbsp;&nbsp;&nbsp;_dsub1
<LI><a href="#[51]">&gt;&gt;</a>&nbsp;&nbsp;&nbsp;_dadd1
</UL>

<P><STRONG><a name="[6a]"></a>__aeabi_ddiv</STRONG> (Thumb, 0 bytes, Stack size 64 bytes, ddiv.o(.text))
<BR><BR>[Stack]<UL><LI>Max Depth = 64<LI>Call Chain = __aeabi_ddiv
</UL>
<BR>[Called By]<UL><LI><a href="#[b0]">&gt;&gt;</a>&nbsp;&nbsp;&nbsp;GetPTValue
<LI><a href="#[30]">&gt;&gt;</a>&nbsp;&nbsp;&nbsp;Adc_IRQHandler
<LI><a href="#[102]">&gt;&gt;</a>&nbsp;&nbsp;&nbsp;LCD_Range
</UL>

<P><STRONG><a name="[55]"></a>_ddiv</STRONG> (Thumb, 1072 bytes, Stack size 64 bytes, ddiv.o(.text), UNUSED)
<BR><BR>[Called By]<UL><LI><a href="#[54]">&gt;&gt;</a>&nbsp;&nbsp;&nbsp;_drdiv
</UL>

<P><STRONG><a name="[54]"></a>_drdiv</STRONG> (Thumb, 20 bytes, Stack size 16 bytes, ddiv.o(.text), UNUSED)
<BR><BR>[Calls]<UL><LI><a href="#[55]">&gt;&gt;</a>&nbsp;&nbsp;&nbsp;_ddiv
</UL>

<P><STRONG><a name="[e5]"></a>__aeabi_d2iz</STRONG> (Thumb, 0 bytes, Stack size 12 bytes, dfixi.o(.text))
<BR><BR>[Stack]<UL><LI>Max Depth = 12<LI>Call Chain = __aeabi_d2iz
</UL>
<BR>[Called By]<UL><LI><a href="#[b0]">&gt;&gt;</a>&nbsp;&nbsp;&nbsp;GetPTValue
</UL>

<P><STRONG><a name="[17e]"></a>_dfix</STRONG> (Thumb, 98 bytes, Stack size 12 bytes, dfixi.o(.text), UNUSED)

<P><STRONG><a name="[6c]"></a>__aeabi_d2uiz</STRONG> (Thumb, 0 bytes, Stack size 8 bytes, dfixui.o(.text))
<BR><BR>[Stack]<UL><LI>Max Depth = 8<LI>Call Chain = __aeabi_d2uiz
</UL>
<BR>[Called By]<UL><LI><a href="#[30]">&gt;&gt;</a>&nbsp;&nbsp;&nbsp;Adc_IRQHandler
<LI><a href="#[102]">&gt;&gt;</a>&nbsp;&nbsp;&nbsp;LCD_Range
</UL>

<P><STRONG><a name="[17f]"></a>_dfixu</STRONG> (Thumb, 68 bytes, Stack size 8 bytes, dfixui.o(.text), UNUSED)

<P><STRONG><a name="[57]"></a>__aeabi_i2d_normalise</STRONG> (Thumb, 66 bytes, Stack size 0 bytes, dflti.o(.text))
<BR><BR>[Called By]<UL><LI><a href="#[58]">&gt;&gt;</a>&nbsp;&nbsp;&nbsp;__aeabi_ui2d
<LI><a href="#[56]">&gt;&gt;</a>&nbsp;&nbsp;&nbsp;__aeabi_i2d
</UL>

<P><STRONG><a name="[56]"></a>__aeabi_i2d</STRONG> (Thumb, 16 bytes, Stack size 0 bytes, dflti.o(.text))
<BR><BR>[Calls]<UL><LI><a href="#[57]">&gt;&gt;</a>&nbsp;&nbsp;&nbsp;__aeabi_i2d_normalise
</UL>
<BR>[Called By]<UL><LI><a href="#[b0]">&gt;&gt;</a>&nbsp;&nbsp;&nbsp;GetPTValue
</UL>

<P><STRONG><a name="[180]"></a>_dflt</STRONG> (Thumb, 0 bytes, Stack size 0 bytes, dflti.o(.text), UNUSED)

<P><STRONG><a name="[58]"></a>__aeabi_ui2d</STRONG> (Thumb, 6 bytes, Stack size 0 bytes, dflti.o(.text))
<BR><BR>[Calls]<UL><LI><a href="#[57]">&gt;&gt;</a>&nbsp;&nbsp;&nbsp;__aeabi_i2d_normalise
</UL>
<BR>[Called By]<UL><LI><a href="#[30]">&gt;&gt;</a>&nbsp;&nbsp;&nbsp;Adc_IRQHandler
<LI><a href="#[102]">&gt;&gt;</a>&nbsp;&nbsp;&nbsp;LCD_Range
</UL>

<P><STRONG><a name="[181]"></a>_dfltu</STRONG> (Thumb, 0 bytes, Stack size 0 bytes, dflti.o(.text), UNUSED)

<P><STRONG><a name="[6b]"></a>__aeabi_dmul</STRONG> (Thumb, 0 bytes, Stack size 56 bytes, dmul.o(.text))
<BR><BR>[Stack]<UL><LI>Max Depth = 56<LI>Call Chain = __aeabi_dmul
</UL>
<BR>[Called By]<UL><LI><a href="#[b0]">&gt;&gt;</a>&nbsp;&nbsp;&nbsp;GetPTValue
<LI><a href="#[30]">&gt;&gt;</a>&nbsp;&nbsp;&nbsp;Adc_IRQHandler
</UL>

<P><STRONG><a name="[182]"></a>_dmul</STRONG> (Thumb, 558 bytes, Stack size 56 bytes, dmul.o(.text), UNUSED)

<P><STRONG><a name="[110]"></a>__aeabi_fdiv</STRONG> (Thumb, 0 bytes, Stack size 20 bytes, fdiv.o(.text))
<BR><BR>[Stack]<UL><LI>Max Depth = 20<LI>Call Chain = __aeabi_fdiv
</UL>
<BR>[Called By]<UL><LI><a href="#[7d]">&gt;&gt;</a>&nbsp;&nbsp;&nbsp;LPUart_Init
</UL>

<P><STRONG><a name="[5a]"></a>_fdiv</STRONG> (Thumb, 334 bytes, Stack size 20 bytes, fdiv.o(.text), UNUSED)
<BR><BR>[Called By]<UL><LI><a href="#[59]">&gt;&gt;</a>&nbsp;&nbsp;&nbsp;_frdiv
</UL>

<P><STRONG><a name="[59]"></a>_frdiv</STRONG> (Thumb, 8 bytes, Stack size 0 bytes, fdiv.o(.text), UNUSED)
<BR><BR>[Calls]<UL><LI><a href="#[5a]">&gt;&gt;</a>&nbsp;&nbsp;&nbsp;_fdiv
</UL>

<P><STRONG><a name="[e7]"></a>__aeabi_f2iz</STRONG> (Thumb, 0 bytes, Stack size 8 bytes, ffixi.o(.text))
<BR><BR>[Stack]<UL><LI>Max Depth = 8<LI>Call Chain = __aeabi_f2iz
</UL>
<BR>[Called By]<UL><LI><a href="#[b0]">&gt;&gt;</a>&nbsp;&nbsp;&nbsp;GetPTValue
</UL>

<P><STRONG><a name="[183]"></a>_ffix</STRONG> (Thumb, 76 bytes, Stack size 8 bytes, ffixi.o(.text), UNUSED)

<P><STRONG><a name="[112]"></a>__aeabi_f2uiz</STRONG> (Thumb, 0 bytes, Stack size 0 bytes, ffixui.o(.text))
<BR><BR>[Called By]<UL><LI><a href="#[7d]">&gt;&gt;</a>&nbsp;&nbsp;&nbsp;LPUart_Init
</UL>

<P><STRONG><a name="[184]"></a>_ffixu</STRONG> (Thumb, 48 bytes, Stack size 0 bytes, ffixui.o(.text), UNUSED)

<P><STRONG><a name="[5c]"></a>__aeabi_i2f_normalise</STRONG> (Thumb, 72 bytes, Stack size 0 bytes, fflti.o(.text))
<BR><BR>[Called By]<UL><LI><a href="#[5d]">&gt;&gt;</a>&nbsp;&nbsp;&nbsp;__aeabi_ui2f
<LI><a href="#[5b]">&gt;&gt;</a>&nbsp;&nbsp;&nbsp;__aeabi_i2f
</UL>

<P><STRONG><a name="[5b]"></a>__aeabi_i2f</STRONG> (Thumb, 16 bytes, Stack size 0 bytes, fflti.o(.text))
<BR><BR>[Calls]<UL><LI><a href="#[5c]">&gt;&gt;</a>&nbsp;&nbsp;&nbsp;__aeabi_i2f_normalise
</UL>
<BR>[Called By]<UL><LI><a href="#[b0]">&gt;&gt;</a>&nbsp;&nbsp;&nbsp;GetPTValue
</UL>

<P><STRONG><a name="[185]"></a>_fflt</STRONG> (Thumb, 0 bytes, Stack size 0 bytes, fflti.o(.text), UNUSED)

<P><STRONG><a name="[5d]"></a>__aeabi_ui2f</STRONG> (Thumb, 6 bytes, Stack size 0 bytes, fflti.o(.text))
<BR><BR>[Calls]<UL><LI><a href="#[5c]">&gt;&gt;</a>&nbsp;&nbsp;&nbsp;__aeabi_i2f_normalise
</UL>
<BR>[Called By]<UL><LI><a href="#[7d]">&gt;&gt;</a>&nbsp;&nbsp;&nbsp;LPUart_Init
</UL>

<P><STRONG><a name="[186]"></a>_ffltu</STRONG> (Thumb, 0 bytes, Stack size 0 bytes, fflti.o(.text), UNUSED)

<P><STRONG><a name="[41]"></a>__user_setup_stackheap</STRONG> (Thumb, 62 bytes, Stack size 8 bytes, sys_stackheap_outer.o(.text))
<BR><BR>[Stack]<UL><LI>Max Depth = 8 + Unknown Stack Size
<LI>Call Chain = __user_setup_stackheap
</UL>
<BR>[Calls]<UL><LI><a href="#[2f]">&gt;&gt;</a>&nbsp;&nbsp;&nbsp;__user_initial_stackheap
<LI><a href="#[5e]">&gt;&gt;</a>&nbsp;&nbsp;&nbsp;__user_perproc_libspace
</UL>
<BR>[Called By]<UL><LI><a href="#[40]">&gt;&gt;</a>&nbsp;&nbsp;&nbsp;__rt_entry_sh
</UL>

<P><STRONG><a name="[46]"></a>exit</STRONG> (Thumb, 12 bytes, Stack size 0 bytes, exit.o(.text))
<BR><BR>[Calls]<UL><LI><a href="#[60]">&gt;&gt;</a>&nbsp;&nbsp;&nbsp;__rt_exit
<LI><a href="#[5f]">&gt;&gt;</a>&nbsp;&nbsp;&nbsp;_call_atexit_fns (Weak Reference)
</UL>
<BR>[Called By]<UL><LI><a href="#[44]">&gt;&gt;</a>&nbsp;&nbsp;&nbsp;__rt_entry_main
</UL>

<P><STRONG><a name="[187]"></a>__user_libspace</STRONG> (Thumb, 8 bytes, Stack size 0 bytes, libspace.o(.text), UNUSED)

<P><STRONG><a name="[5e]"></a>__user_perproc_libspace</STRONG> (Thumb, 0 bytes, Stack size 0 bytes, libspace.o(.text))
<BR><BR>[Called By]<UL><LI><a href="#[41]">&gt;&gt;</a>&nbsp;&nbsp;&nbsp;__user_setup_stackheap
</UL>

<P><STRONG><a name="[188]"></a>__user_perthread_libspace</STRONG> (Thumb, 0 bytes, Stack size 0 bytes, libspace.o(.text), UNUSED)

<P><STRONG><a name="[4a]"></a>_sys_exit</STRONG> (Thumb, 8 bytes, Stack size 0 bytes, sys_exit.o(.text))
<BR><BR>[Called By]<UL><LI><a href="#[49]">&gt;&gt;</a>&nbsp;&nbsp;&nbsp;__rt_exit_exit
</UL>

<P><STRONG><a name="[189]"></a>__I$use$semihosting</STRONG> (Thumb, 0 bytes, Stack size 0 bytes, use_no_semi.o(.text), UNUSED)

<P><STRONG><a name="[18a]"></a>__use_no_semihosting_swi</STRONG> (Thumb, 2 bytes, Stack size 0 bytes, use_no_semi.o(.text), UNUSED)

<P><STRONG><a name="[23]"></a>ADC_DAC_IRQHandler</STRONG> (Thumb, 12 bytes, Stack size 8 bytes, interrupts_hc32l17x.o(i.ADC_DAC_IRQHandler))
<BR><BR>[Stack]<UL><LI>Max Depth = 120<LI>Call Chain = ADC_DAC_IRQHandler &rArr; Adc_IRQHandler &rArr; __aeabi_ddiv
</UL>
<BR>[Calls]<UL><LI><a href="#[30]">&gt;&gt;</a>&nbsp;&nbsp;&nbsp;Adc_IRQHandler
<LI><a href="#[61]">&gt;&gt;</a>&nbsp;&nbsp;&nbsp;Dac_IRQHandler (Weak Reference)
</UL>
<BR>[Address Reference Count : 1]<UL><LI> startup_hc32l17x.o(RESET)
</UL>
<P><STRONG><a name="[18b]"></a>__semihosting_library_function</STRONG> (Thumb, 0 bytes, Stack size 8 bytes, indicate_semi.o(.text), UNUSED)

<P><STRONG><a name="[62]"></a>ADC_User_Start</STRONG> (Thumb, 22 bytes, Stack size 8 bytes, adc_user.o(i.ADC_User_Start))
<BR><BR>[Stack]<UL><LI>Max Depth = 32<LI>Call Chain = ADC_User_Start &rArr; Bgr_BgrEnable &rArr; delay10us
</UL>
<BR>[Calls]<UL><LI><a href="#[63]">&gt;&gt;</a>&nbsp;&nbsp;&nbsp;Bgr_BgrEnable
<LI><a href="#[66]">&gt;&gt;</a>&nbsp;&nbsp;&nbsp;Adc_SGL_Start
<LI><a href="#[64]">&gt;&gt;</a>&nbsp;&nbsp;&nbsp;Adc_Enable
<LI><a href="#[65]">&gt;&gt;</a>&nbsp;&nbsp;&nbsp;delay1ms
</UL>
<BR>[Called By]<UL><LI><a href="#[94]">&gt;&gt;</a>&nbsp;&nbsp;&nbsp;BLE_SysData_Read
<LI><a href="#[b6]">&gt;&gt;</a>&nbsp;&nbsp;&nbsp;Battery_Scan
</UL>

<P><STRONG><a name="[78]"></a>Adc_CfgSglChannel</STRONG> (Thumb, 30 bytes, Stack size 0 bytes, adc.o(i.Adc_CfgSglChannel))
<BR><BR>[Called By]<UL><LI><a href="#[77]">&gt;&gt;</a>&nbsp;&nbsp;&nbsp;App_AdcSglCfg
</UL>

<P><STRONG><a name="[67]"></a>Adc_ClrIrqStatus</STRONG> (Thumb, 12 bytes, Stack size 0 bytes, adc.o(i.Adc_ClrIrqStatus))
<BR><BR>[Called By]<UL><LI><a href="#[30]">&gt;&gt;</a>&nbsp;&nbsp;&nbsp;Adc_IRQHandler
</UL>

<P><STRONG><a name="[6f]"></a>Adc_Disable</STRONG> (Thumb, 14 bytes, Stack size 0 bytes, adc.o(i.Adc_Disable))
<BR><BR>[Called By]<UL><LI><a href="#[30]">&gt;&gt;</a>&nbsp;&nbsp;&nbsp;Adc_IRQHandler
</UL>

<P><STRONG><a name="[64]"></a>Adc_Enable</STRONG> (Thumb, 16 bytes, Stack size 0 bytes, adc.o(i.Adc_Enable))
<BR><BR>[Called By]<UL><LI><a href="#[72]">&gt;&gt;</a>&nbsp;&nbsp;&nbsp;App_AdcInit
<LI><a href="#[62]">&gt;&gt;</a>&nbsp;&nbsp;&nbsp;ADC_User_Start
</UL>

<P><STRONG><a name="[79]"></a>Adc_EnableIrq</STRONG> (Thumb, 18 bytes, Stack size 0 bytes, adc.o(i.Adc_EnableIrq))
<BR><BR>[Called By]<UL><LI><a href="#[77]">&gt;&gt;</a>&nbsp;&nbsp;&nbsp;App_AdcSglCfg
</UL>

<P><STRONG><a name="[68]"></a>Adc_GetSglResult</STRONG> (Thumb, 6 bytes, Stack size 0 bytes, adc.o(i.Adc_GetSglResult))
<BR><BR>[Called By]<UL><LI><a href="#[30]">&gt;&gt;</a>&nbsp;&nbsp;&nbsp;Adc_IRQHandler
</UL>

<P><STRONG><a name="[30]"></a>Adc_IRQHandler</STRONG> (Thumb, 164 bytes, Stack size 48 bytes, adc_user.o(i.Adc_IRQHandler))
<BR><BR>[Stack]<UL><LI>Max Depth = 112<LI>Call Chain = Adc_IRQHandler &rArr; __aeabi_ddiv
</UL>
<BR>[Calls]<UL><LI><a href="#[6e]">&gt;&gt;</a>&nbsp;&nbsp;&nbsp;Bgr_BgrDisable
<LI><a href="#[6d]">&gt;&gt;</a>&nbsp;&nbsp;&nbsp;Adc_SGL_Stop
<LI><a href="#[66]">&gt;&gt;</a>&nbsp;&nbsp;&nbsp;Adc_SGL_Start
<LI><a href="#[68]">&gt;&gt;</a>&nbsp;&nbsp;&nbsp;Adc_GetSglResult
<LI><a href="#[6f]">&gt;&gt;</a>&nbsp;&nbsp;&nbsp;Adc_Disable
<LI><a href="#[67]">&gt;&gt;</a>&nbsp;&nbsp;&nbsp;Adc_ClrIrqStatus
<LI><a href="#[6b]">&gt;&gt;</a>&nbsp;&nbsp;&nbsp;__aeabi_dmul
<LI><a href="#[58]">&gt;&gt;</a>&nbsp;&nbsp;&nbsp;__aeabi_ui2d
<LI><a href="#[6c]">&gt;&gt;</a>&nbsp;&nbsp;&nbsp;__aeabi_d2uiz
<LI><a href="#[6a]">&gt;&gt;</a>&nbsp;&nbsp;&nbsp;__aeabi_ddiv
<LI><a href="#[69]">&gt;&gt;</a>&nbsp;&nbsp;&nbsp;__aeabi_uidivmod
</UL>
<BR>[Called By]<UL><LI><a href="#[23]">&gt;&gt;</a>&nbsp;&nbsp;&nbsp;ADC_DAC_IRQHandler
</UL>

<P><STRONG><a name="[70]"></a>Adc_Init</STRONG> (Thumb, 102 bytes, Stack size 8 bytes, adc.o(i.Adc_Init))
<BR><BR>[Stack]<UL><LI>Max Depth = 24<LI>Call Chain = Adc_Init &rArr; delay10us
</UL>
<BR>[Calls]<UL><LI><a href="#[71]">&gt;&gt;</a>&nbsp;&nbsp;&nbsp;delay10us
</UL>
<BR>[Called By]<UL><LI><a href="#[72]">&gt;&gt;</a>&nbsp;&nbsp;&nbsp;App_AdcInit
</UL>

<P><STRONG><a name="[66]"></a>Adc_SGL_Start</STRONG> (Thumb, 8 bytes, Stack size 0 bytes, adc.o(i.Adc_SGL_Start))
<BR><BR>[Called By]<UL><LI><a href="#[30]">&gt;&gt;</a>&nbsp;&nbsp;&nbsp;Adc_IRQHandler
<LI><a href="#[62]">&gt;&gt;</a>&nbsp;&nbsp;&nbsp;ADC_User_Start
</UL>

<P><STRONG><a name="[6d]"></a>Adc_SGL_Stop</STRONG> (Thumb, 8 bytes, Stack size 0 bytes, adc.o(i.Adc_SGL_Stop))
<BR><BR>[Called By]<UL><LI><a href="#[30]">&gt;&gt;</a>&nbsp;&nbsp;&nbsp;Adc_IRQHandler
</UL>

<P><STRONG><a name="[72]"></a>App_AdcInit</STRONG> (Thumb, 68 bytes, Stack size 16 bytes, adc_user.o(i.App_AdcInit))
<BR><BR>[Stack]<UL><LI>Max Depth = 40<LI>Call Chain = App_AdcInit &rArr; Sysctrl_SetPeripheralGate &rArr; SetBit
</UL>
<BR>[Calls]<UL><LI><a href="#[73]">&gt;&gt;</a>&nbsp;&nbsp;&nbsp;ddl_memclr
<LI><a href="#[74]">&gt;&gt;</a>&nbsp;&nbsp;&nbsp;Sysctrl_SetPeripheralGate
<LI><a href="#[63]">&gt;&gt;</a>&nbsp;&nbsp;&nbsp;Bgr_BgrEnable
<LI><a href="#[70]">&gt;&gt;</a>&nbsp;&nbsp;&nbsp;Adc_Init
<LI><a href="#[64]">&gt;&gt;</a>&nbsp;&nbsp;&nbsp;Adc_Enable
<LI><a href="#[65]">&gt;&gt;</a>&nbsp;&nbsp;&nbsp;delay1ms
</UL>
<BR>[Called By]<UL><LI><a href="#[b5]">&gt;&gt;</a>&nbsp;&nbsp;&nbsp;Battery_Init
</UL>

<P><STRONG><a name="[75]"></a>App_AdcPortInit</STRONG> (Thumb, 20 bytes, Stack size 8 bytes, adc_user.o(i.App_AdcPortInit))
<BR><BR>[Stack]<UL><LI>Max Depth = 32<LI>Call Chain = App_AdcPortInit &rArr; Sysctrl_SetPeripheralGate &rArr; SetBit
</UL>
<BR>[Calls]<UL><LI><a href="#[74]">&gt;&gt;</a>&nbsp;&nbsp;&nbsp;Sysctrl_SetPeripheralGate
<LI><a href="#[76]">&gt;&gt;</a>&nbsp;&nbsp;&nbsp;Gpio_SetAnalogMode
</UL>
<BR>[Called By]<UL><LI><a href="#[b5]">&gt;&gt;</a>&nbsp;&nbsp;&nbsp;Battery_Init
</UL>

<P><STRONG><a name="[77]"></a>App_AdcSglCfg</STRONG> (Thumb, 24 bytes, Stack size 8 bytes, adc_user.o(i.App_AdcSglCfg))
<BR><BR>[Stack]<UL><LI>Max Depth = 32<LI>Call Chain = App_AdcSglCfg &rArr; EnableNvic &rArr; NVIC_SetPriority
</UL>
<BR>[Calls]<UL><LI><a href="#[7a]">&gt;&gt;</a>&nbsp;&nbsp;&nbsp;EnableNvic
<LI><a href="#[79]">&gt;&gt;</a>&nbsp;&nbsp;&nbsp;Adc_EnableIrq
<LI><a href="#[78]">&gt;&gt;</a>&nbsp;&nbsp;&nbsp;Adc_CfgSglChannel
</UL>
<BR>[Called By]<UL><LI><a href="#[b5]">&gt;&gt;</a>&nbsp;&nbsp;&nbsp;Battery_Init
</UL>

<P><STRONG><a name="[7b]"></a>App_LpUart0Cfg</STRONG> (Thumb, 134 bytes, Stack size 24 bytes, uart_user.o(i.App_LpUart0Cfg))
<BR><BR>[Stack]<UL><LI>Max Depth = 96<LI>Call Chain = App_LpUart0Cfg &rArr; LPUart_Init &rArr; LPUart_EnableFunc &rArr; SetBit
</UL>
<BR>[Calls]<UL><LI><a href="#[7c]">&gt;&gt;</a>&nbsp;&nbsp;&nbsp;Sysctrl_GetPClkFreq
<LI><a href="#[7d]">&gt;&gt;</a>&nbsp;&nbsp;&nbsp;LPUart_Init
<LI><a href="#[7f]">&gt;&gt;</a>&nbsp;&nbsp;&nbsp;LPUart_EnableIrq
<LI><a href="#[80]">&gt;&gt;</a>&nbsp;&nbsp;&nbsp;LPUart_DisableIrq
<LI><a href="#[7e]">&gt;&gt;</a>&nbsp;&nbsp;&nbsp;LPUart_ClrStatus
<LI><a href="#[73]">&gt;&gt;</a>&nbsp;&nbsp;&nbsp;ddl_memclr
<LI><a href="#[74]">&gt;&gt;</a>&nbsp;&nbsp;&nbsp;Sysctrl_SetPeripheralGate
<LI><a href="#[7a]">&gt;&gt;</a>&nbsp;&nbsp;&nbsp;EnableNvic
</UL>
<BR>[Called By]<UL><LI><a href="#[ab]">&gt;&gt;</a>&nbsp;&nbsp;&nbsp;BleAnd4GLpUartInit
</UL>

<P><STRONG><a name="[81]"></a>App_LpUart0PortCfg</STRONG> (Thumb, 72 bytes, Stack size 16 bytes, uart_user.o(i.App_LpUart0PortCfg))
<BR><BR>[Stack]<UL><LI>Max Depth = 40<LI>Call Chain = App_LpUart0PortCfg &rArr; Sysctrl_SetPeripheralGate &rArr; SetBit
</UL>
<BR>[Calls]<UL><LI><a href="#[83]">&gt;&gt;</a>&nbsp;&nbsp;&nbsp;Gpio_SetAfMode
<LI><a href="#[73]">&gt;&gt;</a>&nbsp;&nbsp;&nbsp;ddl_memclr
<LI><a href="#[74]">&gt;&gt;</a>&nbsp;&nbsp;&nbsp;Sysctrl_SetPeripheralGate
<LI><a href="#[82]">&gt;&gt;</a>&nbsp;&nbsp;&nbsp;Gpio_Init
</UL>
<BR>[Called By]<UL><LI><a href="#[ab]">&gt;&gt;</a>&nbsp;&nbsp;&nbsp;BleAnd4GLpUartInit
</UL>

<P><STRONG><a name="[84]"></a>App_LpUart1Cfg</STRONG> (Thumb, 144 bytes, Stack size 24 bytes, uart_user.o(i.App_LpUart1Cfg))
<BR><BR>[Stack]<UL><LI>Max Depth = 96<LI>Call Chain = App_LpUart1Cfg &rArr; LPUart_Init &rArr; LPUart_EnableFunc &rArr; SetBit
</UL>
<BR>[Calls]<UL><LI><a href="#[7c]">&gt;&gt;</a>&nbsp;&nbsp;&nbsp;Sysctrl_GetPClkFreq
<LI><a href="#[7d]">&gt;&gt;</a>&nbsp;&nbsp;&nbsp;LPUart_Init
<LI><a href="#[7f]">&gt;&gt;</a>&nbsp;&nbsp;&nbsp;LPUart_EnableIrq
<LI><a href="#[80]">&gt;&gt;</a>&nbsp;&nbsp;&nbsp;LPUart_DisableIrq
<LI><a href="#[7e]">&gt;&gt;</a>&nbsp;&nbsp;&nbsp;LPUart_ClrStatus
<LI><a href="#[73]">&gt;&gt;</a>&nbsp;&nbsp;&nbsp;ddl_memclr
<LI><a href="#[74]">&gt;&gt;</a>&nbsp;&nbsp;&nbsp;Sysctrl_SetPeripheralGate
<LI><a href="#[7a]">&gt;&gt;</a>&nbsp;&nbsp;&nbsp;EnableNvic
</UL>
<BR>[Called By]<UL><LI><a href="#[ab]">&gt;&gt;</a>&nbsp;&nbsp;&nbsp;BleAnd4GLpUartInit
</UL>

<P><STRONG><a name="[85]"></a>App_LpUart1DeInit</STRONG> (Thumb, 66 bytes, Stack size 16 bytes, uart_user.o(i.App_LpUart1DeInit))
<BR><BR>[Stack]<UL><LI>Max Depth = 40<LI>Call Chain = App_LpUart1DeInit &rArr; Sysctrl_SetPeripheralGate &rArr; SetBit
</UL>
<BR>[Calls]<UL><LI><a href="#[73]">&gt;&gt;</a>&nbsp;&nbsp;&nbsp;ddl_memclr
<LI><a href="#[74]">&gt;&gt;</a>&nbsp;&nbsp;&nbsp;Sysctrl_SetPeripheralGate
<LI><a href="#[82]">&gt;&gt;</a>&nbsp;&nbsp;&nbsp;Gpio_Init
</UL>
<BR>[Called By]<UL><LI><a href="#[cb]">&gt;&gt;</a>&nbsp;&nbsp;&nbsp;Ethernet_Send_Time
<LI><a href="#[c7]">&gt;&gt;</a>&nbsp;&nbsp;&nbsp;Ethernet_Init
</UL>

<P><STRONG><a name="[86]"></a>App_LpUart1PortCfg</STRONG> (Thumb, 88 bytes, Stack size 16 bytes, uart_user.o(i.App_LpUart1PortCfg))
<BR><BR>[Stack]<UL><LI>Max Depth = 40<LI>Call Chain = App_LpUart1PortCfg &rArr; Sysctrl_SetPeripheralGate &rArr; SetBit
</UL>
<BR>[Calls]<UL><LI><a href="#[83]">&gt;&gt;</a>&nbsp;&nbsp;&nbsp;Gpio_SetAfMode
<LI><a href="#[73]">&gt;&gt;</a>&nbsp;&nbsp;&nbsp;ddl_memclr
<LI><a href="#[74]">&gt;&gt;</a>&nbsp;&nbsp;&nbsp;Sysctrl_SetPeripheralGate
<LI><a href="#[82]">&gt;&gt;</a>&nbsp;&nbsp;&nbsp;Gpio_Init
</UL>
<BR>[Called By]<UL><LI><a href="#[ab]">&gt;&gt;</a>&nbsp;&nbsp;&nbsp;BleAnd4GLpUartInit
</UL>

<P><STRONG><a name="[90]"></a>BLE_Analysis</STRONG> (Thumb, 300 bytes, Stack size 8 bytes, ble_user.o(i.BLE_Analysis))
<BR><BR>[Stack]<UL><LI>Max Depth = 200<LI>Call Chain = BLE_Analysis &rArr; BLE_PData_Read &rArr; GetPTValue &rArr; GetPTADC &rArr; ReadSensor &rArr; Sensor_GetByte &rArr; Sensor_SDA_OUT &rArr; Gpio_Init &rArr; SetBit
</UL>
<BR>[Calls]<UL><LI><a href="#[9e]">&gt;&gt;</a>&nbsp;&nbsp;&nbsp;Default_Setting
<LI><a href="#[93]">&gt;&gt;</a>&nbsp;&nbsp;&nbsp;__ARM_common_switch8
<LI><a href="#[9b]">&gt;&gt;</a>&nbsp;&nbsp;&nbsp;BLE_Start
<LI><a href="#[9f]">&gt;&gt;</a>&nbsp;&nbsp;&nbsp;BLE_ID_Set
<LI><a href="#[9c]">&gt;&gt;</a>&nbsp;&nbsp;&nbsp;BLE_DEEPSLEEP
<LI><a href="#[9d]">&gt;&gt;</a>&nbsp;&nbsp;&nbsp;BLE_ZeroOffset_Write
<LI><a href="#[94]">&gt;&gt;</a>&nbsp;&nbsp;&nbsp;BLE_SysData_Read
<LI><a href="#[9a]">&gt;&gt;</a>&nbsp;&nbsp;&nbsp;BLE_Sensor_Write
<LI><a href="#[95]">&gt;&gt;</a>&nbsp;&nbsp;&nbsp;BLE_PData_Read
<LI><a href="#[a4]">&gt;&gt;</a>&nbsp;&nbsp;&nbsp;BLE_OutAT
<LI><a href="#[a3]">&gt;&gt;</a>&nbsp;&nbsp;&nbsp;BLE_Link
<LI><a href="#[91]">&gt;&gt;</a>&nbsp;&nbsp;&nbsp;BLE_LED_State
<LI><a href="#[a1]">&gt;&gt;</a>&nbsp;&nbsp;&nbsp;BLE_LCD_WakeUpTime_Write
<LI><a href="#[a0]">&gt;&gt;</a>&nbsp;&nbsp;&nbsp;BLE_LCD_Flag_Write
<LI><a href="#[99]">&gt;&gt;</a>&nbsp;&nbsp;&nbsp;BLE_IP2_Write
<LI><a href="#[98]">&gt;&gt;</a>&nbsp;&nbsp;&nbsp;BLE_IP1_Write
<LI><a href="#[96]">&gt;&gt;</a>&nbsp;&nbsp;&nbsp;BLE_ID_Write
<LI><a href="#[a2]">&gt;&gt;</a>&nbsp;&nbsp;&nbsp;BLE_ERROR_Return
<LI><a href="#[92]">&gt;&gt;</a>&nbsp;&nbsp;&nbsp;BLE_Clear_Buffer
<LI><a href="#[97]">&gt;&gt;</a>&nbsp;&nbsp;&nbsp;BLE_AutoTime_Write
<LI><a href="#[65]">&gt;&gt;</a>&nbsp;&nbsp;&nbsp;delay1ms
</UL>
<BR>[Called By]<UL><LI><a href="#[cb]">&gt;&gt;</a>&nbsp;&nbsp;&nbsp;Ethernet_Send_Time
<LI><a href="#[45]">&gt;&gt;</a>&nbsp;&nbsp;&nbsp;main
</UL>

<P><STRONG><a name="[9c]"></a>BLE_DEEPSLEEP</STRONG> (Thumb, 20 bytes, Stack size 24 bytes, ble_user.o(i.BLE_DEEPSLEEP))
<BR><BR>[Stack]<UL><LI>Max Depth = 104<LI>Call Chain = BLE_DEEPSLEEP &rArr; BLE_Judgment &rArr; BLE_SendData &rArr; LPUart_SendData &rArr; LPUart_ClrStatus &rArr; SetBit
</UL>
<BR>[Calls]<UL><LI><a href="#[8e]">&gt;&gt;</a>&nbsp;&nbsp;&nbsp;BLE_Judgment
</UL>
<BR>[Called By]<UL><LI><a href="#[a9]">&gt;&gt;</a>&nbsp;&nbsp;&nbsp;BLE_Init
<LI><a href="#[90]">&gt;&gt;</a>&nbsp;&nbsp;&nbsp;BLE_Analysis
<LI><a href="#[bf]">&gt;&gt;</a>&nbsp;&nbsp;&nbsp;Ethernet_Analysis
</UL>

<P><STRONG><a name="[9f]"></a>BLE_ID_Set</STRONG> (Thumb, 94 bytes, Stack size 32 bytes, ble_user.o(i.BLE_ID_Set))
<BR><BR>[Stack]<UL><LI>Max Depth = 120<LI>Call Chain = BLE_ID_Set &rArr; BLE_Start &rArr; BLE_Judgment &rArr; BLE_SendData &rArr; LPUart_SendData &rArr; LPUart_ClrStatus &rArr; SetBit
</UL>
<BR>[Calls]<UL><LI><a href="#[a8]">&gt;&gt;</a>&nbsp;&nbsp;&nbsp;BLE_WAKE
<LI><a href="#[9b]">&gt;&gt;</a>&nbsp;&nbsp;&nbsp;BLE_Start
<LI><a href="#[8f]">&gt;&gt;</a>&nbsp;&nbsp;&nbsp;BLE_Restart
<LI><a href="#[8e]">&gt;&gt;</a>&nbsp;&nbsp;&nbsp;BLE_Judgment
<LI><a href="#[a7]">&gt;&gt;</a>&nbsp;&nbsp;&nbsp;__aeabi_memcpy4
</UL>
<BR>[Called By]<UL><LI><a href="#[96]">&gt;&gt;</a>&nbsp;&nbsp;&nbsp;BLE_ID_Write
<LI><a href="#[a9]">&gt;&gt;</a>&nbsp;&nbsp;&nbsp;BLE_Init
<LI><a href="#[90]">&gt;&gt;</a>&nbsp;&nbsp;&nbsp;BLE_Analysis
<LI><a href="#[bf]">&gt;&gt;</a>&nbsp;&nbsp;&nbsp;Ethernet_Analysis
</UL>

<P><STRONG><a name="[a9]"></a>BLE_Init</STRONG> (Thumb, 110 bytes, Stack size 16 bytes, ble_user.o(i.BLE_Init))
<BR><BR>[Stack]<UL><LI>Max Depth = 136<LI>Call Chain = BLE_Init &rArr; BLE_ID_Set &rArr; BLE_Start &rArr; BLE_Judgment &rArr; BLE_SendData &rArr; LPUart_SendData &rArr; LPUart_ClrStatus &rArr; SetBit
</UL>
<BR>[Calls]<UL><LI><a href="#[9b]">&gt;&gt;</a>&nbsp;&nbsp;&nbsp;BLE_Start
<LI><a href="#[9f]">&gt;&gt;</a>&nbsp;&nbsp;&nbsp;BLE_ID_Set
<LI><a href="#[9c]">&gt;&gt;</a>&nbsp;&nbsp;&nbsp;BLE_DEEPSLEEP
<LI><a href="#[aa]">&gt;&gt;</a>&nbsp;&nbsp;&nbsp;BLE_Uart
<LI><a href="#[ae]">&gt;&gt;</a>&nbsp;&nbsp;&nbsp;BLE_TPL
<LI><a href="#[ac]">&gt;&gt;</a>&nbsp;&nbsp;&nbsp;BLE_SMode
<LI><a href="#[ad]">&gt;&gt;</a>&nbsp;&nbsp;&nbsp;BLE_Passen
<LI><a href="#[91]">&gt;&gt;</a>&nbsp;&nbsp;&nbsp;BLE_LED_State
<LI><a href="#[8d]">&gt;&gt;</a>&nbsp;&nbsp;&nbsp;BLE_ADPTIM
<LI><a href="#[73]">&gt;&gt;</a>&nbsp;&nbsp;&nbsp;ddl_memclr
<LI><a href="#[82]">&gt;&gt;</a>&nbsp;&nbsp;&nbsp;Gpio_Init
<LI><a href="#[65]">&gt;&gt;</a>&nbsp;&nbsp;&nbsp;delay1ms
<LI><a href="#[ab]">&gt;&gt;</a>&nbsp;&nbsp;&nbsp;BleAnd4GLpUartInit
</UL>
<BR>[Called By]<UL><LI><a href="#[45]">&gt;&gt;</a>&nbsp;&nbsp;&nbsp;main
</UL>

<P><STRONG><a name="[116]"></a>BLE_Link_Timeout</STRONG> (Thumb, 24 bytes, Stack size 0 bytes, ble_user.o(i.BLE_Link_Timeout))
<BR><BR>[Called By]<UL><LI><a href="#[32]">&gt;&gt;</a>&nbsp;&nbsp;&nbsp;LpTim0_IRQHandler
</UL>

<P><STRONG><a name="[9b]"></a>BLE_Start</STRONG> (Thumb, 18 bytes, Stack size 8 bytes, ble_user.o(i.BLE_Start))
<BR><BR>[Stack]<UL><LI>Max Depth = 88<LI>Call Chain = BLE_Start &rArr; BLE_Judgment &rArr; BLE_SendData &rArr; LPUart_SendData &rArr; LPUart_ClrStatus &rArr; SetBit
</UL>
<BR>[Calls]<UL><LI><a href="#[8e]">&gt;&gt;</a>&nbsp;&nbsp;&nbsp;BLE_Judgment
</UL>
<BR>[Called By]<UL><LI><a href="#[9f]">&gt;&gt;</a>&nbsp;&nbsp;&nbsp;BLE_ID_Set
<LI><a href="#[a9]">&gt;&gt;</a>&nbsp;&nbsp;&nbsp;BLE_Init
<LI><a href="#[90]">&gt;&gt;</a>&nbsp;&nbsp;&nbsp;BLE_Analysis
<LI><a href="#[bf]">&gt;&gt;</a>&nbsp;&nbsp;&nbsp;Ethernet_Analysis
</UL>

<P><STRONG><a name="[a8]"></a>BLE_WAKE</STRONG> (Thumb, 26 bytes, Stack size 8 bytes, ble_user.o(i.BLE_WAKE))
<BR><BR>[Stack]<UL><LI>Max Depth = 32<LI>Call Chain = BLE_WAKE &rArr; Gpio_SetIO &rArr; SetBit
</UL>
<BR>[Calls]<UL><LI><a href="#[b4]">&gt;&gt;</a>&nbsp;&nbsp;&nbsp;Gpio_SetIO
<LI><a href="#[b3]">&gt;&gt;</a>&nbsp;&nbsp;&nbsp;Gpio_ClrIO
<LI><a href="#[65]">&gt;&gt;</a>&nbsp;&nbsp;&nbsp;delay1ms
</UL>
<BR>[Called By]<UL><LI><a href="#[9f]">&gt;&gt;</a>&nbsp;&nbsp;&nbsp;BLE_ID_Set
</UL>

<P><STRONG><a name="[b5]"></a>Battery_Init</STRONG> (Thumb, 22 bytes, Stack size 8 bytes, adc_user.o(i.Battery_Init))
<BR><BR>[Stack]<UL><LI>Max Depth = 48<LI>Call Chain = Battery_Init &rArr; App_AdcInit &rArr; Sysctrl_SetPeripheralGate &rArr; SetBit
</UL>
<BR>[Calls]<UL><LI><a href="#[77]">&gt;&gt;</a>&nbsp;&nbsp;&nbsp;App_AdcSglCfg
<LI><a href="#[75]">&gt;&gt;</a>&nbsp;&nbsp;&nbsp;App_AdcPortInit
<LI><a href="#[72]">&gt;&gt;</a>&nbsp;&nbsp;&nbsp;App_AdcInit
</UL>
<BR>[Called By]<UL><LI><a href="#[45]">&gt;&gt;</a>&nbsp;&nbsp;&nbsp;main
</UL>

<P><STRONG><a name="[b6]"></a>Battery_Scan</STRONG> (Thumb, 34 bytes, Stack size 8 bytes, adc_user.o(i.Battery_Scan))
<BR><BR>[Stack]<UL><LI>Max Depth = 40<LI>Call Chain = Battery_Scan &rArr; ADC_User_Start &rArr; Bgr_BgrEnable &rArr; delay10us
</UL>
<BR>[Calls]<UL><LI><a href="#[62]">&gt;&gt;</a>&nbsp;&nbsp;&nbsp;ADC_User_Start
</UL>
<BR>[Called By]<UL><LI><a href="#[cb]">&gt;&gt;</a>&nbsp;&nbsp;&nbsp;Ethernet_Send_Time
<LI><a href="#[45]">&gt;&gt;</a>&nbsp;&nbsp;&nbsp;main
</UL>

<P><STRONG><a name="[6e]"></a>Bgr_BgrDisable</STRONG> (Thumb, 14 bytes, Stack size 0 bytes, bgr.o(i.Bgr_BgrDisable))
<BR><BR>[Called By]<UL><LI><a href="#[30]">&gt;&gt;</a>&nbsp;&nbsp;&nbsp;Adc_IRQHandler
</UL>

<P><STRONG><a name="[63]"></a>Bgr_BgrEnable</STRONG> (Thumb, 22 bytes, Stack size 8 bytes, bgr.o(i.Bgr_BgrEnable))
<BR><BR>[Stack]<UL><LI>Max Depth = 24<LI>Call Chain = Bgr_BgrEnable &rArr; delay10us
</UL>
<BR>[Calls]<UL><LI><a href="#[71]">&gt;&gt;</a>&nbsp;&nbsp;&nbsp;delay10us
</UL>
<BR>[Called By]<UL><LI><a href="#[72]">&gt;&gt;</a>&nbsp;&nbsp;&nbsp;App_AdcInit
<LI><a href="#[62]">&gt;&gt;</a>&nbsp;&nbsp;&nbsp;ADC_User_Start
</UL>

<P><STRONG><a name="[ab]"></a>BleAnd4GLpUartInit</STRONG> (Thumb, 34 bytes, Stack size 16 bytes, uart_user.o(i.BleAnd4GLpUartInit))
<BR><BR>[Stack]<UL><LI>Max Depth = 112<LI>Call Chain = BleAnd4GLpUartInit &rArr; App_LpUart1Cfg &rArr; LPUart_Init &rArr; LPUart_EnableFunc &rArr; SetBit
</UL>
<BR>[Calls]<UL><LI><a href="#[86]">&gt;&gt;</a>&nbsp;&nbsp;&nbsp;App_LpUart1PortCfg
<LI><a href="#[84]">&gt;&gt;</a>&nbsp;&nbsp;&nbsp;App_LpUart1Cfg
<LI><a href="#[81]">&gt;&gt;</a>&nbsp;&nbsp;&nbsp;App_LpUart0PortCfg
<LI><a href="#[7b]">&gt;&gt;</a>&nbsp;&nbsp;&nbsp;App_LpUart0Cfg
</UL>
<BR>[Called By]<UL><LI><a href="#[cb]">&gt;&gt;</a>&nbsp;&nbsp;&nbsp;Ethernet_Send_Time
<LI><a href="#[c7]">&gt;&gt;</a>&nbsp;&nbsp;&nbsp;Ethernet_Init
<LI><a href="#[a9]">&gt;&gt;</a>&nbsp;&nbsp;&nbsp;BLE_Init
<LI><a href="#[45]">&gt;&gt;</a>&nbsp;&nbsp;&nbsp;main
</UL>

<P><STRONG><a name="[13e]"></a>Bt_ClearIntFlag</STRONG> (Thumb, 22 bytes, Stack size 12 bytes, bt.o(i.Bt_ClearIntFlag))
<BR><BR>[Stack]<UL><LI>Max Depth = 12<LI>Call Chain = Bt_ClearIntFlag
</UL>
<BR>[Called By]<UL><LI><a href="#[33]">&gt;&gt;</a>&nbsp;&nbsp;&nbsp;Tim0_IRQHandler
<LI><a href="#[140]">&gt;&gt;</a>&nbsp;&nbsp;&nbsp;Timer0Init
</UL>

<P><STRONG><a name="[142]"></a>Bt_M0_ARRSet</STRONG> (Thumb, 26 bytes, Stack size 12 bytes, bt.o(i.Bt_M0_ARRSet))
<BR><BR>[Stack]<UL><LI>Max Depth = 12<LI>Call Chain = Bt_M0_ARRSet
</UL>
<BR>[Called By]<UL><LI><a href="#[140]">&gt;&gt;</a>&nbsp;&nbsp;&nbsp;Timer0Init
</UL>

<P><STRONG><a name="[143]"></a>Bt_M0_Cnt16Set</STRONG> (Thumb, 26 bytes, Stack size 12 bytes, bt.o(i.Bt_M0_Cnt16Set))
<BR><BR>[Stack]<UL><LI>Max Depth = 12<LI>Call Chain = Bt_M0_Cnt16Set
</UL>
<BR>[Called By]<UL><LI><a href="#[140]">&gt;&gt;</a>&nbsp;&nbsp;&nbsp;Timer0Init
</UL>

<P><STRONG><a name="[145]"></a>Bt_M0_Run</STRONG> (Thumb, 24 bytes, Stack size 8 bytes, bt.o(i.Bt_M0_Run))
<BR><BR>[Stack]<UL><LI>Max Depth = 8<LI>Call Chain = Bt_M0_Run
</UL>
<BR>[Called By]<UL><LI><a href="#[140]">&gt;&gt;</a>&nbsp;&nbsp;&nbsp;Timer0Init
</UL>

<P><STRONG><a name="[144]"></a>Bt_Mode0_EnableIrq</STRONG> (Thumb, 24 bytes, Stack size 8 bytes, bt.o(i.Bt_Mode0_EnableIrq))
<BR><BR>[Stack]<UL><LI>Max Depth = 8<LI>Call Chain = Bt_Mode0_EnableIrq
</UL>
<BR>[Called By]<UL><LI><a href="#[140]">&gt;&gt;</a>&nbsp;&nbsp;&nbsp;Timer0Init
</UL>

<P><STRONG><a name="[141]"></a>Bt_Mode0_Init</STRONG> (Thumb, 148 bytes, Stack size 16 bytes, bt.o(i.Bt_Mode0_Init))
<BR><BR>[Stack]<UL><LI>Max Depth = 16<LI>Call Chain = Bt_Mode0_Init
</UL>
<BR>[Called By]<UL><LI><a href="#[140]">&gt;&gt;</a>&nbsp;&nbsp;&nbsp;Timer0Init
</UL>

<P><STRONG><a name="[36]"></a>CLKTRIM_IRQHandler</STRONG> (Thumb, 8 bytes, Stack size 8 bytes, interrupts_hc32l17x.o(i.CLKTRIM_IRQHandler), UNUSED, KEPT)
<BR><BR>[Stack]<UL><LI>Max Depth = 8<LI>Call Chain = CLKTRIM_IRQHandler
</UL>
<BR>[Calls]<UL><LI><a href="#[b7]">&gt;&gt;</a>&nbsp;&nbsp;&nbsp;ClkTrim_IRQHandler (Weak Reference)
</UL>

<P><STRONG><a name="[ce]"></a>CRC16</STRONG> (Thumb, 46 bytes, Stack size 16 bytes, uart_user.o(i.CRC16))
<BR><BR>[Stack]<UL><LI>Max Depth = 16<LI>Call Chain = CRC16
</UL>
<BR>[Called By]<UL><LI><a href="#[cb]">&gt;&gt;</a>&nbsp;&nbsp;&nbsp;Ethernet_Send_Time
</UL>

<P><STRONG><a name="[f]"></a>DMAC_IRQHandler</STRONG> (Thumb, 8 bytes, Stack size 8 bytes, interrupts_hc32l17x.o(i.DMAC_IRQHandler))
<BR><BR>[Stack]<UL><LI>Max Depth = 8<LI>Call Chain = DMAC_IRQHandler
</UL>
<BR>[Calls]<UL><LI><a href="#[b8]">&gt;&gt;</a>&nbsp;&nbsp;&nbsp;Dmac_IRQHandler (Weak Reference)
</UL>
<BR>[Address Reference Count : 1]<UL><LI> startup_hc32l17x.o(RESET)
</UL>
<P><STRONG><a name="[9e]"></a>Default_Setting</STRONG> (Thumb, 218 bytes, Stack size 16 bytes, flash_user.o(i.Default_Setting))
<BR><BR>[Stack]<UL><LI>Max Depth = 124<LI>Call Chain = Default_Setting &rArr; Flash_User_Write &rArr; Flash_WriteWord
</UL>
<BR>[Calls]<UL><LI><a href="#[bb]">&gt;&gt;</a>&nbsp;&nbsp;&nbsp;Flash_WriteByte
<LI><a href="#[ba]">&gt;&gt;</a>&nbsp;&nbsp;&nbsp;Flash_SectorErase
<LI><a href="#[a5]">&gt;&gt;</a>&nbsp;&nbsp;&nbsp;Flash_User_Write
<LI><a href="#[b9]">&gt;&gt;</a>&nbsp;&nbsp;&nbsp;GetK
</UL>
<BR>[Called By]<UL><LI><a href="#[da]">&gt;&gt;</a>&nbsp;&nbsp;&nbsp;Flash_Power_Init
<LI><a href="#[90]">&gt;&gt;</a>&nbsp;&nbsp;&nbsp;BLE_Analysis
</UL>

<P><STRONG><a name="[7a]"></a>EnableNvic</STRONG> (Thumb, 76 bytes, Stack size 16 bytes, interrupts_hc32l17x.o(i.EnableNvic))
<BR><BR>[Stack]<UL><LI>Max Depth = 24<LI>Call Chain = EnableNvic &rArr; NVIC_SetPriority
</UL>
<BR>[Calls]<UL><LI><a href="#[bc]">&gt;&gt;</a>&nbsp;&nbsp;&nbsp;NVIC_SetPriority
</UL>
<BR>[Called By]<UL><LI><a href="#[84]">&gt;&gt;</a>&nbsp;&nbsp;&nbsp;App_LpUart1Cfg
<LI><a href="#[7b]">&gt;&gt;</a>&nbsp;&nbsp;&nbsp;App_LpUart0Cfg
<LI><a href="#[87]">&gt;&gt;</a>&nbsp;&nbsp;&nbsp;App_SwitchInit
<LI><a href="#[77]">&gt;&gt;</a>&nbsp;&nbsp;&nbsp;App_AdcSglCfg
<LI><a href="#[140]">&gt;&gt;</a>&nbsp;&nbsp;&nbsp;Timer0Init
<LI><a href="#[109]">&gt;&gt;</a>&nbsp;&nbsp;&nbsp;LPTimer0Init
</UL>

<P><STRONG><a name="[bf]"></a>Ethernet_Analysis</STRONG> (Thumb, 294 bytes, Stack size 8 bytes, ethernet_user.o(i.Ethernet_Analysis))
<BR><BR>[Stack]<UL><LI>Max Depth = 128<LI>Call Chain = Ethernet_Analysis &rArr; BLE_ID_Set &rArr; BLE_Start &rArr; BLE_Judgment &rArr; BLE_SendData &rArr; LPUart_SendData &rArr; LPUart_ClrStatus &rArr; SetBit
</UL>
<BR>[Calls]<UL><LI><a href="#[a5]">&gt;&gt;</a>&nbsp;&nbsp;&nbsp;Flash_User_Write
<LI><a href="#[9b]">&gt;&gt;</a>&nbsp;&nbsp;&nbsp;BLE_Start
<LI><a href="#[9f]">&gt;&gt;</a>&nbsp;&nbsp;&nbsp;BLE_ID_Set
<LI><a href="#[9c]">&gt;&gt;</a>&nbsp;&nbsp;&nbsp;BLE_DEEPSLEEP
</UL>
<BR>[Called By]<UL><LI><a href="#[cb]">&gt;&gt;</a>&nbsp;&nbsp;&nbsp;Ethernet_Send_Time
</UL>

<P><STRONG><a name="[c7]"></a>Ethernet_Init</STRONG> (Thumb, 166 bytes, Stack size 8 bytes, ethernet_user.o(i.Ethernet_Init))
<BR><BR>[Stack]<UL><LI>Max Depth = 148<LI>Call Chain = Ethernet_Init &rArr; Ethernet_IMSI &rArr; Flash_User_Write &rArr; Flash_WriteWord
</UL>
<BR>[Calls]<UL><LI><a href="#[85]">&gt;&gt;</a>&nbsp;&nbsp;&nbsp;App_LpUart1DeInit
<LI><a href="#[ab]">&gt;&gt;</a>&nbsp;&nbsp;&nbsp;BleAnd4GLpUartInit
<LI><a href="#[ca]">&gt;&gt;</a>&nbsp;&nbsp;&nbsp;Ethernet_Uart
<LI><a href="#[c9]">&gt;&gt;</a>&nbsp;&nbsp;&nbsp;Ethernet_Power_On
<LI><a href="#[c8]">&gt;&gt;</a>&nbsp;&nbsp;&nbsp;Ethernet_LED_State
<LI><a href="#[c6]">&gt;&gt;</a>&nbsp;&nbsp;&nbsp;Ethernet_IMSI
<LI><a href="#[c4]">&gt;&gt;</a>&nbsp;&nbsp;&nbsp;Ethernet_IMEI
<LI><a href="#[c0]">&gt;&gt;</a>&nbsp;&nbsp;&nbsp;Ethernet_CGATT
<LI><a href="#[bd]">&gt;&gt;</a>&nbsp;&nbsp;&nbsp;Ethernet_ATCSQ
</UL>
<BR>[Called By]<UL><LI><a href="#[45]">&gt;&gt;</a>&nbsp;&nbsp;&nbsp;main
</UL>

<P><STRONG><a name="[cb]"></a>Ethernet_Send_Time</STRONG> (Thumb, 1222 bytes, Stack size 40 bytes, ethernet_user.o(i.Ethernet_Send_Time))
<BR><BR>[Stack]<UL><LI>Max Depth = 240<LI>Call Chain = Ethernet_Send_Time &rArr; LCD_General &rArr; GetPTValue &rArr; GetPTADC &rArr; ReadSensor &rArr; Sensor_GetByte &rArr; Sensor_SDA_OUT &rArr; Gpio_Init &rArr; SetBit
</UL>
<BR>[Calls]<UL><LI><a href="#[ce]">&gt;&gt;</a>&nbsp;&nbsp;&nbsp;CRC16
<LI><a href="#[85]">&gt;&gt;</a>&nbsp;&nbsp;&nbsp;App_LpUart1DeInit
<LI><a href="#[cd]">&gt;&gt;</a>&nbsp;&nbsp;&nbsp;Flash_PData_Read
<LI><a href="#[93]">&gt;&gt;</a>&nbsp;&nbsp;&nbsp;__ARM_common_switch8
<LI><a href="#[65]">&gt;&gt;</a>&nbsp;&nbsp;&nbsp;delay1ms
<LI><a href="#[d3]">&gt;&gt;</a>&nbsp;&nbsp;&nbsp;SensorScan
<LI><a href="#[d4]">&gt;&gt;</a>&nbsp;&nbsp;&nbsp;LCD_General
<LI><a href="#[ab]">&gt;&gt;</a>&nbsp;&nbsp;&nbsp;BleAnd4GLpUartInit
<LI><a href="#[b6]">&gt;&gt;</a>&nbsp;&nbsp;&nbsp;Battery_Scan
<LI><a href="#[90]">&gt;&gt;</a>&nbsp;&nbsp;&nbsp;BLE_Analysis
<LI><a href="#[bf]">&gt;&gt;</a>&nbsp;&nbsp;&nbsp;Ethernet_Analysis
<LI><a href="#[ca]">&gt;&gt;</a>&nbsp;&nbsp;&nbsp;Ethernet_Uart
<LI><a href="#[d2]">&gt;&gt;</a>&nbsp;&nbsp;&nbsp;Ethernet_TTMode_Exit
<LI><a href="#[cf]">&gt;&gt;</a>&nbsp;&nbsp;&nbsp;Ethernet_Set_Socket
<LI><a href="#[d1]">&gt;&gt;</a>&nbsp;&nbsp;&nbsp;Ethernet_Server_Ready
<LI><a href="#[d0]">&gt;&gt;</a>&nbsp;&nbsp;&nbsp;Ethernet_Senddata_Success
<LI><a href="#[be]">&gt;&gt;</a>&nbsp;&nbsp;&nbsp;Ethernet_SendDataFun
<LI><a href="#[c9]">&gt;&gt;</a>&nbsp;&nbsp;&nbsp;Ethernet_Power_On
<LI><a href="#[c8]">&gt;&gt;</a>&nbsp;&nbsp;&nbsp;Ethernet_LED_State
<LI><a href="#[c6]">&gt;&gt;</a>&nbsp;&nbsp;&nbsp;Ethernet_IMSI
<LI><a href="#[c4]">&gt;&gt;</a>&nbsp;&nbsp;&nbsp;Ethernet_IMEI
<LI><a href="#[c1]">&gt;&gt;</a>&nbsp;&nbsp;&nbsp;Ethernet_Close_Socket
<LI><a href="#[c0]">&gt;&gt;</a>&nbsp;&nbsp;&nbsp;Ethernet_CGATT
<LI><a href="#[bd]">&gt;&gt;</a>&nbsp;&nbsp;&nbsp;Ethernet_ATCSQ
<LI><a href="#[cc]">&gt;&gt;</a>&nbsp;&nbsp;&nbsp;__aeabi_idivmod
</UL>
<BR>[Called By]<UL><LI><a href="#[45]">&gt;&gt;</a>&nbsp;&nbsp;&nbsp;main
</UL>

<P><STRONG><a name="[29]"></a>FLASH_RAM_IRQHandler</STRONG> (Thumb, 12 bytes, Stack size 8 bytes, interrupts_hc32l17x.o(i.FLASH_RAM_IRQHandler))
<BR><BR>[Stack]<UL><LI>Max Depth = 8<LI>Call Chain = FLASH_RAM_IRQHandler
</UL>
<BR>[Calls]<UL><LI><a href="#[d7]">&gt;&gt;</a>&nbsp;&nbsp;&nbsp;Ram_IRQHandler (Weak Reference)
<LI><a href="#[d6]">&gt;&gt;</a>&nbsp;&nbsp;&nbsp;Flash_IRQHandler (Weak Reference)
</UL>
<BR>[Address Reference Count : 1]<UL><LI> startup_hc32l17x.o(RESET)
</UL>
<P><STRONG><a name="[db]"></a>Flash_Init</STRONG> (Thumb, 164 bytes, Stack size 24 bytes, flash.o(i.Flash_Init))
<BR><BR>[Stack]<UL><LI>Max Depth = 24<LI>Call Chain = Flash_Init
</UL>
<BR>[Called By]<UL><LI><a href="#[da]">&gt;&gt;</a>&nbsp;&nbsp;&nbsp;Flash_Power_Init
</UL>

<P><STRONG><a name="[de]"></a>Flash_LockAll</STRONG> (Thumb, 28 bytes, Stack size 0 bytes, flash.o(i.Flash_LockAll))
<BR><BR>[Called By]<UL><LI><a href="#[df]">&gt;&gt;</a>&nbsp;&nbsp;&nbsp;Flash_WriteWord
<LI><a href="#[d9]">&gt;&gt;</a>&nbsp;&nbsp;&nbsp;Flash_WriteHalfWord
<LI><a href="#[bb]">&gt;&gt;</a>&nbsp;&nbsp;&nbsp;Flash_WriteByte
<LI><a href="#[ba]">&gt;&gt;</a>&nbsp;&nbsp;&nbsp;Flash_SectorErase
</UL>

<P><STRONG><a name="[cd]"></a>Flash_PData_Read</STRONG> (Thumb, 28 bytes, Stack size 0 bytes, flash_user.o(i.Flash_PData_Read))
<BR><BR>[Called By]<UL><LI><a href="#[cb]">&gt;&gt;</a>&nbsp;&nbsp;&nbsp;Ethernet_Send_Time
</UL>

<P><STRONG><a name="[d8]"></a>Flash_PData_Write</STRONG> (Thumb, 92 bytes, Stack size 16 bytes, flash_user.o(i.Flash_PData_Write))
<BR><BR>[Stack]<UL><LI>Max Depth = 28<LI>Call Chain = Flash_PData_Write &rArr; Flash_WriteHalfWord
</UL>
<BR>[Calls]<UL><LI><a href="#[d9]">&gt;&gt;</a>&nbsp;&nbsp;&nbsp;Flash_WriteHalfWord
<LI><a href="#[ba]">&gt;&gt;</a>&nbsp;&nbsp;&nbsp;Flash_SectorErase
</UL>
<BR>[Called By]<UL><LI><a href="#[d3]">&gt;&gt;</a>&nbsp;&nbsp;&nbsp;SensorScan
</UL>

<P><STRONG><a name="[da]"></a>Flash_Power_Init</STRONG> (Thumb, 38 bytes, Stack size 8 bytes, flash_user.o(i.Flash_Power_Init))
<BR><BR>[Stack]<UL><LI>Max Depth = 132<LI>Call Chain = Flash_Power_Init &rArr; Default_Setting &rArr; Flash_User_Write &rArr; Flash_WriteWord
</UL>
<BR>[Calls]<UL><LI><a href="#[db]">&gt;&gt;</a>&nbsp;&nbsp;&nbsp;Flash_Init
<LI><a href="#[dc]">&gt;&gt;</a>&nbsp;&nbsp;&nbsp;Flash_User_Read
<LI><a href="#[9e]">&gt;&gt;</a>&nbsp;&nbsp;&nbsp;Default_Setting
</UL>
<BR>[Called By]<UL><LI><a href="#[45]">&gt;&gt;</a>&nbsp;&nbsp;&nbsp;main
</UL>

<P><STRONG><a name="[ba]"></a>Flash_SectorErase</STRONG> (Thumb, 158 bytes, Stack size 8 bytes, flash.o(i.Flash_SectorErase))
<BR><BR>[Stack]<UL><LI>Max Depth = 8<LI>Call Chain = Flash_SectorErase
</UL>
<BR>[Calls]<UL><LI><a href="#[dd]">&gt;&gt;</a>&nbsp;&nbsp;&nbsp;Flash_UnlockAll
<LI><a href="#[de]">&gt;&gt;</a>&nbsp;&nbsp;&nbsp;Flash_LockAll
</UL>
<BR>[Called By]<UL><LI><a href="#[d8]">&gt;&gt;</a>&nbsp;&nbsp;&nbsp;Flash_PData_Write
<LI><a href="#[a5]">&gt;&gt;</a>&nbsp;&nbsp;&nbsp;Flash_User_Write
<LI><a href="#[9e]">&gt;&gt;</a>&nbsp;&nbsp;&nbsp;Default_Setting
</UL>

<P><STRONG><a name="[dd]"></a>Flash_UnlockAll</STRONG> (Thumb, 32 bytes, Stack size 0 bytes, flash.o(i.Flash_UnlockAll))
<BR><BR>[Called By]<UL><LI><a href="#[df]">&gt;&gt;</a>&nbsp;&nbsp;&nbsp;Flash_WriteWord
<LI><a href="#[d9]">&gt;&gt;</a>&nbsp;&nbsp;&nbsp;Flash_WriteHalfWord
<LI><a href="#[bb]">&gt;&gt;</a>&nbsp;&nbsp;&nbsp;Flash_WriteByte
<LI><a href="#[ba]">&gt;&gt;</a>&nbsp;&nbsp;&nbsp;Flash_SectorErase
</UL>

<P><STRONG><a name="[dc]"></a>Flash_User_Read</STRONG> (Thumb, 52 bytes, Stack size 96 bytes, flash_user.o(i.Flash_User_Read))
<BR><BR>[Stack]<UL><LI>Max Depth = 96<LI>Call Chain = Flash_User_Read
</UL>
<BR>[Calls]<UL><LI><a href="#[a7]">&gt;&gt;</a>&nbsp;&nbsp;&nbsp;__aeabi_memcpy4
</UL>
<BR>[Called By]<UL><LI><a href="#[da]">&gt;&gt;</a>&nbsp;&nbsp;&nbsp;Flash_Power_Init
</UL>

<P><STRONG><a name="[a5]"></a>Flash_User_Write</STRONG> (Thumb, 56 bytes, Stack size 96 bytes, flash_user.o(i.Flash_User_Write))
<BR><BR>[Stack]<UL><LI>Max Depth = 108<LI>Call Chain = Flash_User_Write &rArr; Flash_WriteWord
</UL>
<BR>[Calls]<UL><LI><a href="#[df]">&gt;&gt;</a>&nbsp;&nbsp;&nbsp;Flash_WriteWord
<LI><a href="#[ba]">&gt;&gt;</a>&nbsp;&nbsp;&nbsp;Flash_SectorErase
<LI><a href="#[a7]">&gt;&gt;</a>&nbsp;&nbsp;&nbsp;__aeabi_memcpy4
</UL>
<BR>[Called By]<UL><LI><a href="#[9e]">&gt;&gt;</a>&nbsp;&nbsp;&nbsp;Default_Setting
<LI><a href="#[9d]">&gt;&gt;</a>&nbsp;&nbsp;&nbsp;BLE_ZeroOffset_Write
<LI><a href="#[9a]">&gt;&gt;</a>&nbsp;&nbsp;&nbsp;BLE_Sensor_Write
<LI><a href="#[a1]">&gt;&gt;</a>&nbsp;&nbsp;&nbsp;BLE_LCD_WakeUpTime_Write
<LI><a href="#[a0]">&gt;&gt;</a>&nbsp;&nbsp;&nbsp;BLE_LCD_Flag_Write
<LI><a href="#[99]">&gt;&gt;</a>&nbsp;&nbsp;&nbsp;BLE_IP2_Write
<LI><a href="#[98]">&gt;&gt;</a>&nbsp;&nbsp;&nbsp;BLE_IP1_Write
<LI><a href="#[96]">&gt;&gt;</a>&nbsp;&nbsp;&nbsp;BLE_ID_Write
<LI><a href="#[97]">&gt;&gt;</a>&nbsp;&nbsp;&nbsp;BLE_AutoTime_Write
<LI><a href="#[bf]">&gt;&gt;</a>&nbsp;&nbsp;&nbsp;Ethernet_Analysis
<LI><a href="#[c6]">&gt;&gt;</a>&nbsp;&nbsp;&nbsp;Ethernet_IMSI
<LI><a href="#[c4]">&gt;&gt;</a>&nbsp;&nbsp;&nbsp;Ethernet_IMEI
</UL>

<P><STRONG><a name="[bb]"></a>Flash_WriteByte</STRONG> (Thumb, 158 bytes, Stack size 12 bytes, flash.o(i.Flash_WriteByte))
<BR><BR>[Stack]<UL><LI>Max Depth = 12<LI>Call Chain = Flash_WriteByte
</UL>
<BR>[Calls]<UL><LI><a href="#[dd]">&gt;&gt;</a>&nbsp;&nbsp;&nbsp;Flash_UnlockAll
<LI><a href="#[de]">&gt;&gt;</a>&nbsp;&nbsp;&nbsp;Flash_LockAll
</UL>
<BR>[Called By]<UL><LI><a href="#[9e]">&gt;&gt;</a>&nbsp;&nbsp;&nbsp;Default_Setting
</UL>

<P><STRONG><a name="[d9]"></a>Flash_WriteHalfWord</STRONG> (Thumb, 158 bytes, Stack size 12 bytes, flash.o(i.Flash_WriteHalfWord))
<BR><BR>[Stack]<UL><LI>Max Depth = 12<LI>Call Chain = Flash_WriteHalfWord
</UL>
<BR>[Calls]<UL><LI><a href="#[dd]">&gt;&gt;</a>&nbsp;&nbsp;&nbsp;Flash_UnlockAll
<LI><a href="#[de]">&gt;&gt;</a>&nbsp;&nbsp;&nbsp;Flash_LockAll
</UL>
<BR>[Called By]<UL><LI><a href="#[d8]">&gt;&gt;</a>&nbsp;&nbsp;&nbsp;Flash_PData_Write
</UL>

<P><STRONG><a name="[df]"></a>Flash_WriteWord</STRONG> (Thumb, 158 bytes, Stack size 12 bytes, flash.o(i.Flash_WriteWord))
<BR><BR>[Stack]<UL><LI>Max Depth = 12<LI>Call Chain = Flash_WriteWord
</UL>
<BR>[Calls]<UL><LI><a href="#[dd]">&gt;&gt;</a>&nbsp;&nbsp;&nbsp;Flash_UnlockAll
<LI><a href="#[de]">&gt;&gt;</a>&nbsp;&nbsp;&nbsp;Flash_LockAll
</UL>
<BR>[Called By]<UL><LI><a href="#[a5]">&gt;&gt;</a>&nbsp;&nbsp;&nbsp;Flash_User_Write
</UL>

<P><STRONG><a name="[eb]"></a>GetBit</STRONG> (Thumb, 12 bytes, Stack size 0 bytes, ddl.o(i.GetBit))
<BR><BR>[Called By]<UL><LI><a href="#[114]">&gt;&gt;</a>&nbsp;&nbsp;&nbsp;Lptim_GetItStatus
<LI><a href="#[ec]">&gt;&gt;</a>&nbsp;&nbsp;&nbsp;Gpio_GetIrqStatus
<LI><a href="#[ea]">&gt;&gt;</a>&nbsp;&nbsp;&nbsp;Gpio_GetInputIO
<LI><a href="#[10f]">&gt;&gt;</a>&nbsp;&nbsp;&nbsp;LPUart_GetStatus
</UL>

<P><STRONG><a name="[b9]"></a>GetK</STRONG> (Thumb, 8 bytes, Stack size 0 bytes, sensor_user.o(i.GetK))
<BR><BR>[Called By]<UL><LI><a href="#[9e]">&gt;&gt;</a>&nbsp;&nbsp;&nbsp;Default_Setting
<LI><a href="#[45]">&gt;&gt;</a>&nbsp;&nbsp;&nbsp;main
</UL>

<P><STRONG><a name="[b0]"></a>GetPTValue</STRONG> (Thumb, 186 bytes, Stack size 96 bytes, sensor_user.o(i.GetPTValue))
<BR><BR>[Stack]<UL><LI>Max Depth = 184<LI>Call Chain = GetPTValue &rArr; GetPTADC &rArr; ReadSensor &rArr; Sensor_GetByte &rArr; Sensor_SDA_OUT &rArr; Gpio_Init &rArr; SetBit
</UL>
<BR>[Calls]<UL><LI><a href="#[e3]">&gt;&gt;</a>&nbsp;&nbsp;&nbsp;bubbleSort_Signed
<LI><a href="#[e0]">&gt;&gt;</a>&nbsp;&nbsp;&nbsp;GetPTADC
<LI><a href="#[6b]">&gt;&gt;</a>&nbsp;&nbsp;&nbsp;__aeabi_dmul
<LI><a href="#[56]">&gt;&gt;</a>&nbsp;&nbsp;&nbsp;__aeabi_i2d
<LI><a href="#[e5]">&gt;&gt;</a>&nbsp;&nbsp;&nbsp;__aeabi_d2iz
<LI><a href="#[6a]">&gt;&gt;</a>&nbsp;&nbsp;&nbsp;__aeabi_ddiv
<LI><a href="#[e4]">&gt;&gt;</a>&nbsp;&nbsp;&nbsp;__aeabi_dadd
<LI><a href="#[cc]">&gt;&gt;</a>&nbsp;&nbsp;&nbsp;__aeabi_idivmod
<LI><a href="#[e2]">&gt;&gt;</a>&nbsp;&nbsp;&nbsp;__aeabi_memclr4
<LI><a href="#[e6]">&gt;&gt;</a>&nbsp;&nbsp;&nbsp;__aeabi_fmul
<LI><a href="#[5b]">&gt;&gt;</a>&nbsp;&nbsp;&nbsp;__aeabi_i2f
<LI><a href="#[e7]">&gt;&gt;</a>&nbsp;&nbsp;&nbsp;__aeabi_f2iz
</UL>
<BR>[Called By]<UL><LI><a href="#[95]">&gt;&gt;</a>&nbsp;&nbsp;&nbsp;BLE_PData_Read
<LI><a href="#[d3]">&gt;&gt;</a>&nbsp;&nbsp;&nbsp;SensorScan
<LI><a href="#[d4]">&gt;&gt;</a>&nbsp;&nbsp;&nbsp;LCD_General
</UL>

<P><STRONG><a name="[e8]"></a>Gpio_ClearIrq</STRONG> (Thumb, 22 bytes, Stack size 16 bytes, gpio.o(i.Gpio_ClearIrq))
<BR><BR>[Stack]<UL><LI>Max Depth = 24<LI>Call Chain = Gpio_ClearIrq &rArr; SetBit
</UL>
<BR>[Calls]<UL><LI><a href="#[e9]">&gt;&gt;</a>&nbsp;&nbsp;&nbsp;SetBit
</UL>
<BR>[Called By]<UL><LI><a href="#[31]">&gt;&gt;</a>&nbsp;&nbsp;&nbsp;PortB_IRQHandler
</UL>

<P><STRONG><a name="[b3]"></a>Gpio_ClrIO</STRONG> (Thumb, 22 bytes, Stack size 16 bytes, gpio.o(i.Gpio_ClrIO))
<BR><BR>[Stack]<UL><LI>Max Depth = 24<LI>Call Chain = Gpio_ClrIO &rArr; SetBit
</UL>
<BR>[Calls]<UL><LI><a href="#[e9]">&gt;&gt;</a>&nbsp;&nbsp;&nbsp;SetBit
</UL>
<BR>[Called By]<UL><LI><a href="#[123]">&gt;&gt;</a>&nbsp;&nbsp;&nbsp;Sensor_Stop
<LI><a href="#[120]">&gt;&gt;</a>&nbsp;&nbsp;&nbsp;Sensor_Start
<LI><a href="#[121]">&gt;&gt;</a>&nbsp;&nbsp;&nbsp;Sensor_SendByte
<LI><a href="#[125]">&gt;&gt;</a>&nbsp;&nbsp;&nbsp;Sensor_SendAsk
<LI><a href="#[124]">&gt;&gt;</a>&nbsp;&nbsp;&nbsp;Sensor_GetByte
<LI><a href="#[122]">&gt;&gt;</a>&nbsp;&nbsp;&nbsp;Sensor_CheckAsk
<LI><a href="#[107]">&gt;&gt;</a>&nbsp;&nbsp;&nbsp;LCD_Stop
<LI><a href="#[106]">&gt;&gt;</a>&nbsp;&nbsp;&nbsp;LCD_Start
<LI><a href="#[103]">&gt;&gt;</a>&nbsp;&nbsp;&nbsp;LCD_SendByte
<LI><a href="#[f2]">&gt;&gt;</a>&nbsp;&nbsp;&nbsp;LCD_CheckAsk
<LI><a href="#[a8]">&gt;&gt;</a>&nbsp;&nbsp;&nbsp;BLE_WAKE
</UL>

<P><STRONG><a name="[88]"></a>Gpio_EnableIrq</STRONG> (Thumb, 30 bytes, Stack size 24 bytes, gpio.o(i.Gpio_EnableIrq))
<BR><BR>[Stack]<UL><LI>Max Depth = 32<LI>Call Chain = Gpio_EnableIrq &rArr; SetBit
</UL>
<BR>[Calls]<UL><LI><a href="#[e9]">&gt;&gt;</a>&nbsp;&nbsp;&nbsp;SetBit
</UL>
<BR>[Called By]<UL><LI><a href="#[87]">&gt;&gt;</a>&nbsp;&nbsp;&nbsp;App_SwitchInit
</UL>

<P><STRONG><a name="[ea]"></a>Gpio_GetInputIO</STRONG> (Thumb, 18 bytes, Stack size 16 bytes, gpio.o(i.Gpio_GetInputIO))
<BR><BR>[Stack]<UL><LI>Max Depth = 16<LI>Call Chain = Gpio_GetInputIO
</UL>
<BR>[Calls]<UL><LI><a href="#[eb]">&gt;&gt;</a>&nbsp;&nbsp;&nbsp;GetBit
</UL>
<BR>[Called By]<UL><LI><a href="#[124]">&gt;&gt;</a>&nbsp;&nbsp;&nbsp;Sensor_GetByte
<LI><a href="#[122]">&gt;&gt;</a>&nbsp;&nbsp;&nbsp;Sensor_CheckAsk
<LI><a href="#[f2]">&gt;&gt;</a>&nbsp;&nbsp;&nbsp;LCD_CheckAsk
<LI><a href="#[d4]">&gt;&gt;</a>&nbsp;&nbsp;&nbsp;LCD_General
</UL>

<P><STRONG><a name="[ec]"></a>Gpio_GetIrqStatus</STRONG> (Thumb, 18 bytes, Stack size 16 bytes, gpio.o(i.Gpio_GetIrqStatus))
<BR><BR>[Stack]<UL><LI>Max Depth = 16<LI>Call Chain = Gpio_GetIrqStatus
</UL>
<BR>[Calls]<UL><LI><a href="#[eb]">&gt;&gt;</a>&nbsp;&nbsp;&nbsp;GetBit
</UL>
<BR>[Called By]<UL><LI><a href="#[31]">&gt;&gt;</a>&nbsp;&nbsp;&nbsp;PortB_IRQHandler
</UL>

<P><STRONG><a name="[82]"></a>Gpio_Init</STRONG> (Thumb, 144 bytes, Stack size 16 bytes, gpio.o(i.Gpio_Init))
<BR><BR>[Stack]<UL><LI>Max Depth = 24<LI>Call Chain = Gpio_Init &rArr; SetBit
</UL>
<BR>[Calls]<UL><LI><a href="#[e9]">&gt;&gt;</a>&nbsp;&nbsp;&nbsp;SetBit
</UL>
<BR>[Called By]<UL><LI><a href="#[86]">&gt;&gt;</a>&nbsp;&nbsp;&nbsp;App_LpUart1PortCfg
<LI><a href="#[85]">&gt;&gt;</a>&nbsp;&nbsp;&nbsp;App_LpUart1DeInit
<LI><a href="#[81]">&gt;&gt;</a>&nbsp;&nbsp;&nbsp;App_LpUart0PortCfg
<LI><a href="#[87]">&gt;&gt;</a>&nbsp;&nbsp;&nbsp;App_SwitchInit
<LI><a href="#[f0]">&gt;&gt;</a>&nbsp;&nbsp;&nbsp;LCDIICInit
<LI><a href="#[ef]">&gt;&gt;</a>&nbsp;&nbsp;&nbsp;LCDIICDeInit
<LI><a href="#[129]">&gt;&gt;</a>&nbsp;&nbsp;&nbsp;Sensor_SDA_OUT
<LI><a href="#[128]">&gt;&gt;</a>&nbsp;&nbsp;&nbsp;Sensor_SDA_IN
<LI><a href="#[f4]">&gt;&gt;</a>&nbsp;&nbsp;&nbsp;LCD_SDA_OUT
<LI><a href="#[f3]">&gt;&gt;</a>&nbsp;&nbsp;&nbsp;LCD_SDA_IN
<LI><a href="#[af]">&gt;&gt;</a>&nbsp;&nbsp;&nbsp;SensorIICInit
<LI><a href="#[b1]">&gt;&gt;</a>&nbsp;&nbsp;&nbsp;SensorIICDeInit
<LI><a href="#[91]">&gt;&gt;</a>&nbsp;&nbsp;&nbsp;BLE_LED_State
<LI><a href="#[a9]">&gt;&gt;</a>&nbsp;&nbsp;&nbsp;BLE_Init
<LI><a href="#[c8]">&gt;&gt;</a>&nbsp;&nbsp;&nbsp;Ethernet_LED_State
</UL>

<P><STRONG><a name="[83]"></a>Gpio_SetAfMode</STRONG> (Thumb, 16 bytes, Stack size 8 bytes, gpio.o(i.Gpio_SetAfMode))
<BR><BR>[Stack]<UL><LI>Max Depth = 8<LI>Call Chain = Gpio_SetAfMode
</UL>
<BR>[Called By]<UL><LI><a href="#[86]">&gt;&gt;</a>&nbsp;&nbsp;&nbsp;App_LpUart1PortCfg
<LI><a href="#[81]">&gt;&gt;</a>&nbsp;&nbsp;&nbsp;App_LpUart0PortCfg
</UL>

<P><STRONG><a name="[76]"></a>Gpio_SetAnalogMode</STRONG> (Thumb, 22 bytes, Stack size 16 bytes, gpio.o(i.Gpio_SetAnalogMode))
<BR><BR>[Stack]<UL><LI>Max Depth = 24<LI>Call Chain = Gpio_SetAnalogMode &rArr; SetBit
</UL>
<BR>[Calls]<UL><LI><a href="#[e9]">&gt;&gt;</a>&nbsp;&nbsp;&nbsp;SetBit
</UL>
<BR>[Called By]<UL><LI><a href="#[75]">&gt;&gt;</a>&nbsp;&nbsp;&nbsp;App_AdcPortInit
</UL>

<P><STRONG><a name="[b4]"></a>Gpio_SetIO</STRONG> (Thumb, 22 bytes, Stack size 16 bytes, gpio.o(i.Gpio_SetIO))
<BR><BR>[Stack]<UL><LI>Max Depth = 24<LI>Call Chain = Gpio_SetIO &rArr; SetBit
</UL>
<BR>[Calls]<UL><LI><a href="#[e9]">&gt;&gt;</a>&nbsp;&nbsp;&nbsp;SetBit
</UL>
<BR>[Called By]<UL><LI><a href="#[123]">&gt;&gt;</a>&nbsp;&nbsp;&nbsp;Sensor_Stop
<LI><a href="#[120]">&gt;&gt;</a>&nbsp;&nbsp;&nbsp;Sensor_Start
<LI><a href="#[121]">&gt;&gt;</a>&nbsp;&nbsp;&nbsp;Sensor_SendByte
<LI><a href="#[125]">&gt;&gt;</a>&nbsp;&nbsp;&nbsp;Sensor_SendAsk
<LI><a href="#[124]">&gt;&gt;</a>&nbsp;&nbsp;&nbsp;Sensor_GetByte
<LI><a href="#[122]">&gt;&gt;</a>&nbsp;&nbsp;&nbsp;Sensor_CheckAsk
<LI><a href="#[107]">&gt;&gt;</a>&nbsp;&nbsp;&nbsp;LCD_Stop
<LI><a href="#[106]">&gt;&gt;</a>&nbsp;&nbsp;&nbsp;LCD_Start
<LI><a href="#[103]">&gt;&gt;</a>&nbsp;&nbsp;&nbsp;LCD_SendByte
<LI><a href="#[f2]">&gt;&gt;</a>&nbsp;&nbsp;&nbsp;LCD_CheckAsk
<LI><a href="#[a8]">&gt;&gt;</a>&nbsp;&nbsp;&nbsp;BLE_WAKE
</UL>

<P><STRONG><a name="[7]"></a>HardFault_Handler</STRONG> (Thumb, 16 bytes, Stack size 8 bytes, interrupts_hc32l17x.o(i.HardFault_Handler))
<BR><BR>[Stack]<UL><LI>Max Depth = 8<LI>Call Chain = HardFault_Handler
</UL>
<BR>[Address Reference Count : 1]<UL><LI> startup_hc32l17x.o(RESET)
</UL>
<P><STRONG><a name="[17]"></a>I2C0_IRQHandler</STRONG> (Thumb, 8 bytes, Stack size 8 bytes, interrupts_hc32l17x.o(i.I2C0_IRQHandler))
<BR><BR>[Stack]<UL><LI>Max Depth = 8<LI>Call Chain = I2C0_IRQHandler
</UL>
<BR>[Calls]<UL><LI><a href="#[ed]">&gt;&gt;</a>&nbsp;&nbsp;&nbsp;I2c0_IRQHandler (Weak Reference)
</UL>
<BR>[Address Reference Count : 1]<UL><LI> startup_hc32l17x.o(RESET)
</UL>
<P><STRONG><a name="[18]"></a>I2C1_IRQHandler</STRONG> (Thumb, 8 bytes, Stack size 8 bytes, interrupts_hc32l17x.o(i.I2C1_IRQHandler))
<BR><BR>[Stack]<UL><LI>Max Depth = 8<LI>Call Chain = I2C1_IRQHandler
</UL>
<BR>[Calls]<UL><LI><a href="#[ee]">&gt;&gt;</a>&nbsp;&nbsp;&nbsp;I2c1_IRQHandler (Weak Reference)
</UL>
<BR>[Address Reference Count : 1]<UL><LI> startup_hc32l17x.o(RESET)
</UL>
<P><STRONG><a name="[ef]"></a>LCDIICDeInit</STRONG> (Thumb, 50 bytes, Stack size 16 bytes, iic_user.o(i.LCDIICDeInit))
<BR><BR>[Stack]<UL><LI>Max Depth = 40<LI>Call Chain = LCDIICDeInit &rArr; Gpio_Init &rArr; SetBit
</UL>
<BR>[Calls]<UL><LI><a href="#[73]">&gt;&gt;</a>&nbsp;&nbsp;&nbsp;ddl_memclr
<LI><a href="#[82]">&gt;&gt;</a>&nbsp;&nbsp;&nbsp;Gpio_Init
</UL>
<BR>[Called By]<UL><LI><a href="#[d4]">&gt;&gt;</a>&nbsp;&nbsp;&nbsp;LCD_General
</UL>

<P><STRONG><a name="[f0]"></a>LCDIICInit</STRONG> (Thumb, 52 bytes, Stack size 16 bytes, iic_user.o(i.LCDIICInit))
<BR><BR>[Stack]<UL><LI>Max Depth = 40<LI>Call Chain = LCDIICInit &rArr; Gpio_Init &rArr; SetBit
</UL>
<BR>[Calls]<UL><LI><a href="#[73]">&gt;&gt;</a>&nbsp;&nbsp;&nbsp;ddl_memclr
<LI><a href="#[82]">&gt;&gt;</a>&nbsp;&nbsp;&nbsp;Gpio_Init
</UL>
<BR>[Called By]<UL><LI><a href="#[f5]">&gt;&gt;</a>&nbsp;&nbsp;&nbsp;LCD_Init
</UL>

<P><STRONG><a name="[f9]"></a>LCD_4GSignal</STRONG> (Thumb, 70 bytes, Stack size 0 bytes, lcd_user.o(i.LCD_4GSignal))
<BR><BR>[Called By]<UL><LI><a href="#[d4]">&gt;&gt;</a>&nbsp;&nbsp;&nbsp;LCD_General
</UL>

<P><STRONG><a name="[f8]"></a>LCD_Battery</STRONG> (Thumb, 70 bytes, Stack size 0 bytes, lcd_user.o(i.LCD_Battery))
<BR><BR>[Called By]<UL><LI><a href="#[d4]">&gt;&gt;</a>&nbsp;&nbsp;&nbsp;LCD_General
</UL>

<P><STRONG><a name="[f1]"></a>LCD_BigNumber</STRONG> (Thumb, 98 bytes, Stack size 4 bytes, lcd_user.o(i.LCD_BigNumber))
<BR><BR>[Stack]<UL><LI>Max Depth = 12<LI>Call Chain = LCD_BigNumber &rArr; __ARM_common_switch8
</UL>
<BR>[Calls]<UL><LI><a href="#[93]">&gt;&gt;</a>&nbsp;&nbsp;&nbsp;__ARM_common_switch8
</UL>
<BR>[Called By]<UL><LI><a href="#[f6]">&gt;&gt;</a>&nbsp;&nbsp;&nbsp;LCD_Pressure
</UL>

<P><STRONG><a name="[d4]"></a>LCD_General</STRONG> (Thumb, 226 bytes, Stack size 16 bytes, lcd_user.o(i.LCD_General))
<BR><BR>[Stack]<UL><LI>Max Depth = 200<LI>Call Chain = LCD_General &rArr; GetPTValue &rArr; GetPTADC &rArr; ReadSensor &rArr; Sensor_GetByte &rArr; Sensor_SDA_OUT &rArr; Gpio_Init &rArr; SetBit
</UL>
<BR>[Calls]<UL><LI><a href="#[ea]">&gt;&gt;</a>&nbsp;&nbsp;&nbsp;Gpio_GetInputIO
<LI><a href="#[ef]">&gt;&gt;</a>&nbsp;&nbsp;&nbsp;LCDIICDeInit
<LI><a href="#[af]">&gt;&gt;</a>&nbsp;&nbsp;&nbsp;SensorIICInit
<LI><a href="#[b1]">&gt;&gt;</a>&nbsp;&nbsp;&nbsp;SensorIICDeInit
<LI><a href="#[b0]">&gt;&gt;</a>&nbsp;&nbsp;&nbsp;GetPTValue
<LI><a href="#[65]">&gt;&gt;</a>&nbsp;&nbsp;&nbsp;delay1ms
<LI><a href="#[f7]">&gt;&gt;</a>&nbsp;&nbsp;&nbsp;LCD_Temperature
<LI><a href="#[fa]">&gt;&gt;</a>&nbsp;&nbsp;&nbsp;LCD_Symbols
<LI><a href="#[f6]">&gt;&gt;</a>&nbsp;&nbsp;&nbsp;LCD_Pressure
<LI><a href="#[f5]">&gt;&gt;</a>&nbsp;&nbsp;&nbsp;LCD_Init
<LI><a href="#[f8]">&gt;&gt;</a>&nbsp;&nbsp;&nbsp;LCD_Battery
<LI><a href="#[f9]">&gt;&gt;</a>&nbsp;&nbsp;&nbsp;LCD_4GSignal
<LI><a href="#[fb]">&gt;&gt;</a>&nbsp;&nbsp;&nbsp;LCD_Refresh
</UL>
<BR>[Called By]<UL><LI><a href="#[cb]">&gt;&gt;</a>&nbsp;&nbsp;&nbsp;Ethernet_Send_Time
<LI><a href="#[45]">&gt;&gt;</a>&nbsp;&nbsp;&nbsp;main
</UL>

<P><STRONG><a name="[28]"></a>LCD_IRQHandler</STRONG> (Thumb, 8 bytes, Stack size 8 bytes, interrupts_hc32l17x.o(i.LCD_IRQHandler))
<BR><BR>[Stack]<UL><LI>Max Depth = 8<LI>Call Chain = LCD_IRQHandler
</UL>
<BR>[Calls]<UL><LI><a href="#[fc]">&gt;&gt;</a>&nbsp;&nbsp;&nbsp;Lcd_IRQHandler (Weak Reference)
</UL>
<BR>[Address Reference Count : 1]<UL><LI> startup_hc32l17x.o(RESET)
</UL>
<P><STRONG><a name="[f5]"></a>LCD_Init</STRONG> (Thumb, 72 bytes, Stack size 8 bytes, lcd_user.o(i.LCD_Init))
<BR><BR>[Stack]<UL><LI>Max Depth = 112<LI>Call Chain = LCD_Init &rArr; LCD_Refresh &rArr; LCD_Write &rArr; LCD_CheckAsk &rArr; LCD_SDA_OUT &rArr; Gpio_Init &rArr; SetBit
</UL>
<BR>[Calls]<UL><LI><a href="#[fd]">&gt;&gt;</a>&nbsp;&nbsp;&nbsp;LCD_Write
<LI><a href="#[f0]">&gt;&gt;</a>&nbsp;&nbsp;&nbsp;LCDIICInit
<LI><a href="#[65]">&gt;&gt;</a>&nbsp;&nbsp;&nbsp;delay1ms
<LI><a href="#[fb]">&gt;&gt;</a>&nbsp;&nbsp;&nbsp;LCD_Refresh
</UL>
<BR>[Called By]<UL><LI><a href="#[d4]">&gt;&gt;</a>&nbsp;&nbsp;&nbsp;LCD_General
</UL>

<P><STRONG><a name="[ff]"></a>LCD_Mizi_Number</STRONG> (Thumb, 318 bytes, Stack size 16 bytes, lcd_user.o(i.LCD_Mizi_Number))
<BR><BR>[Stack]<UL><LI>Max Depth = 28<LI>Call Chain = LCD_Mizi_Number &rArr; LCD_Mizi_One &rArr; __ARM_common_switch8
</UL>
<BR>[Calls]<UL><LI><a href="#[93]">&gt;&gt;</a>&nbsp;&nbsp;&nbsp;__ARM_common_switch8
<LI><a href="#[100]">&gt;&gt;</a>&nbsp;&nbsp;&nbsp;LCD_Mizi_One
<LI><a href="#[fe]">&gt;&gt;</a>&nbsp;&nbsp;&nbsp;LCD_Mizi_Four
</UL>
<BR>[Called By]<UL><LI><a href="#[104]">&gt;&gt;</a>&nbsp;&nbsp;&nbsp;LCD_SmallNumber
</UL>

<P><STRONG><a name="[105]"></a>LCD_Mizi_Point</STRONG> (Thumb, 82 bytes, Stack size 0 bytes, lcd_user.o(i.LCD_Mizi_Point))
<BR><BR>[Called By]<UL><LI><a href="#[104]">&gt;&gt;</a>&nbsp;&nbsp;&nbsp;LCD_SmallNumber
</UL>

<P><STRONG><a name="[f6]"></a>LCD_Pressure</STRONG> (Thumb, 338 bytes, Stack size 24 bytes, lcd_user.o(i.LCD_Pressure))
<BR><BR>[Stack]<UL><LI>Max Depth = 120<LI>Call Chain = LCD_Pressure &rArr; LCD_Range &rArr; __aeabi_ddiv
</UL>
<BR>[Calls]<UL><LI><a href="#[101]">&gt;&gt;</a>&nbsp;&nbsp;&nbsp;LCD_Unit
<LI><a href="#[102]">&gt;&gt;</a>&nbsp;&nbsp;&nbsp;LCD_Range
<LI><a href="#[f1]">&gt;&gt;</a>&nbsp;&nbsp;&nbsp;LCD_BigNumber
<LI><a href="#[cc]">&gt;&gt;</a>&nbsp;&nbsp;&nbsp;__aeabi_idivmod
</UL>
<BR>[Called By]<UL><LI><a href="#[d4]">&gt;&gt;</a>&nbsp;&nbsp;&nbsp;LCD_General
</UL>

<P><STRONG><a name="[102]"></a>LCD_Range</STRONG> (Thumb, 388 bytes, Stack size 32 bytes, lcd_user.o(i.LCD_Range))
<BR><BR>[Stack]<UL><LI>Max Depth = 96<LI>Call Chain = LCD_Range &rArr; __aeabi_ddiv
</UL>
<BR>[Calls]<UL><LI><a href="#[58]">&gt;&gt;</a>&nbsp;&nbsp;&nbsp;__aeabi_ui2d
<LI><a href="#[6c]">&gt;&gt;</a>&nbsp;&nbsp;&nbsp;__aeabi_d2uiz
<LI><a href="#[6a]">&gt;&gt;</a>&nbsp;&nbsp;&nbsp;__aeabi_ddiv
<LI><a href="#[cc]">&gt;&gt;</a>&nbsp;&nbsp;&nbsp;__aeabi_idivmod
</UL>
<BR>[Called By]<UL><LI><a href="#[f6]">&gt;&gt;</a>&nbsp;&nbsp;&nbsp;LCD_Pressure
</UL>

<P><STRONG><a name="[104]"></a>LCD_SmallNumber</STRONG> (Thumb, 568 bytes, Stack size 16 bytes, lcd_user.o(i.LCD_SmallNumber))
<BR><BR>[Stack]<UL><LI>Max Depth = 44<LI>Call Chain = LCD_SmallNumber &rArr; LCD_Mizi_Number &rArr; LCD_Mizi_One &rArr; __ARM_common_switch8
</UL>
<BR>[Calls]<UL><LI><a href="#[105]">&gt;&gt;</a>&nbsp;&nbsp;&nbsp;LCD_Mizi_Point
<LI><a href="#[ff]">&gt;&gt;</a>&nbsp;&nbsp;&nbsp;LCD_Mizi_Number
<LI><a href="#[cc]">&gt;&gt;</a>&nbsp;&nbsp;&nbsp;__aeabi_idivmod
</UL>
<BR>[Called By]<UL><LI><a href="#[f7]">&gt;&gt;</a>&nbsp;&nbsp;&nbsp;LCD_Temperature
</UL>

<P><STRONG><a name="[fa]"></a>LCD_Symbols</STRONG> (Thumb, 142 bytes, Stack size 0 bytes, lcd_user.o(i.LCD_Symbols))
<BR><BR>[Called By]<UL><LI><a href="#[d4]">&gt;&gt;</a>&nbsp;&nbsp;&nbsp;LCD_General
</UL>

<P><STRONG><a name="[f7]"></a>LCD_Temperature</STRONG> (Thumb, 20 bytes, Stack size 16 bytes, lcd_user.o(i.LCD_Temperature))
<BR><BR>[Stack]<UL><LI>Max Depth = 60<LI>Call Chain = LCD_Temperature &rArr; LCD_SmallNumber &rArr; LCD_Mizi_Number &rArr; LCD_Mizi_One &rArr; __ARM_common_switch8
</UL>
<BR>[Calls]<UL><LI><a href="#[101]">&gt;&gt;</a>&nbsp;&nbsp;&nbsp;LCD_Unit
<LI><a href="#[104]">&gt;&gt;</a>&nbsp;&nbsp;&nbsp;LCD_SmallNumber
</UL>
<BR>[Called By]<UL><LI><a href="#[d4]">&gt;&gt;</a>&nbsp;&nbsp;&nbsp;LCD_General
</UL>

<P><STRONG><a name="[115]"></a>LCD_Timeout</STRONG> (Thumb, 48 bytes, Stack size 0 bytes, lcd_user.o(i.LCD_Timeout))
<BR><BR>[Called By]<UL><LI><a href="#[32]">&gt;&gt;</a>&nbsp;&nbsp;&nbsp;LpTim0_IRQHandler
</UL>

[...]
<BR><BR>[Stack]<UL><LI>Max Depth = 72<LI>Call Chain = Ethernet_ATCSQ &rArr; Ethernet_SendDataFun &rArr; LPUart_SendData &rArr; LPUart_ClrStatus &rArr; SetBit
</UL>
<BR>[Calls]<UL><LI><a href="#[be]">&gt;&gt;</a>&nbsp;&nbsp;&nbsp;Ethernet_SendDataFun
<LI><a href="#[69]">&gt;&gt;</a>&nbsp;&nbsp;&nbsp;__aeabi_uidivmod
</UL>
<BR>[Called By]<UL><LI><a href="#[cb]">&gt;&gt;</a>&nbsp;&nbsp;&nbsp;Ethernet_Send_Time
<LI><a href="#[c7]">&gt;&gt;</a>&nbsp;&nbsp;&nbsp;Ethernet_Init
</UL>

<P><STRONG><a name="[c0]"></a>Ethernet_CGATT</STRONG> (Thumb, 150 bytes, Stack size 24 bytes, ethernet_user.o(i.Ethernet_CGATT))
<BR><BR>[Stack]<UL><LI>Max Depth = 80<LI>Call Chain = Ethernet_CGATT &rArr; Ethernet_SendDataFun &rArr; LPUart_SendData &rArr; LPUart_ClrStatus &rArr; SetBit
</UL>
<BR>[Calls]<UL><LI><a href="#[be]">&gt;&gt;</a>&nbsp;&nbsp;&nbsp;Ethernet_SendDataFun
<LI><a href="#[69]">&gt;&gt;</a>&nbsp;&nbsp;&nbsp;__aeabi_uidivmod
</UL>
<BR>[Called By]<UL><LI><a href="#[cb]">&gt;&gt;</a>&nbsp;&nbsp;&nbsp;Ethernet_Send_Time
<LI><a href="#[c7]">&gt;&gt;</a>&nbsp;&nbsp;&nbsp;Ethernet_Init
</UL>

<P><STRONG><a name="[c5]"></a>Ethernet_Clear_Buffer</STRONG> (Thumb, 22 bytes, Stack size 0 bytes, ethernet_user.o(i.Ethernet_Clear_Buffer))
<BR><BR>[Called By]<UL><LI><a href="#[d0]">&gt;&gt;</a>&nbsp;&nbsp;&nbsp;Ethernet_Senddata_Success
<LI><a href="#[c6]">&gt;&gt;</a>&nbsp;&nbsp;&nbsp;Ethernet_IMSI
<LI><a href="#[c4]">&gt;&gt;</a>&nbsp;&nbsp;&nbsp;Ethernet_IMEI
</UL>

<P><STRONG><a name="[c1]"></a>Ethernet_Close_Socket</STRONG> (Thumb, 52 bytes, Stack size 32 bytes, ethernet_user.o(i.Ethernet_Close_Socket))
<BR><BR>[Stack]<UL><LI>Max Depth = 104<LI>Call Chain = Ethernet_Close_Socket &rArr; Ethernet_Judgment &rArr; Ethernet_SendDataFun &rArr; LPUart_SendData &rArr; LPUart_ClrStatus &rArr; SetBit
</UL>
<BR>[Calls]<UL><LI><a href="#[c2]">&gt;&gt;</a>&nbsp;&nbsp;&nbsp;Number_To_Char
<LI><a href="#[c3]">&gt;&gt;</a>&nbsp;&nbsp;&nbsp;Ethernet_Judgment
</UL>
<BR>[Called By]<UL><LI><a href="#[cb]">&gt;&gt;</a>&nbsp;&nbsp;&nbsp;Ethernet_Send_Time
</UL>

<P><STRONG><a name="[c4]"></a>Ethernet_IMEI</STRONG> (Thumb, 150 bytes, Stack size 32 bytes, ethernet_user.o(i.Ethernet_IMEI))
<BR><BR>[Stack]<UL><LI>Max Depth = 140<LI>Call Chain = Ethernet_IMEI &rArr; Flash_User_Write &rArr; Flash_WriteWord
</UL>
<BR>[Calls]<UL><LI><a href="#[a5]">&gt;&gt;</a>&nbsp;&nbsp;&nbsp;Flash_User_Write
<LI><a href="#[65]">&gt;&gt;</a>&nbsp;&nbsp;&nbsp;delay1ms
<LI><a href="#[be]">&gt;&gt;</a>&nbsp;&nbsp;&nbsp;Ethernet_SendDataFun
<LI><a href="#[c5]">&gt;&gt;</a>&nbsp;&nbsp;&nbsp;Ethernet_Clear_Buffer
</UL>
<BR>[Called By]<UL><LI><a href="#[cb]">&gt;&gt;</a>&nbsp;&nbsp;&nbsp;Ethernet_Send_Time
<LI><a href="#[c7]">&gt;&gt;</a>&nbsp;&nbsp;&nbsp;Ethernet_Init
</UL>

<P><STRONG><a name="[c6]"></a>Ethernet_IMSI</STRONG> (Thumb, 114 bytes, Stack size 32 bytes, ethernet_user.o(i.Ethernet_IMSI))
<BR><BR>[Stack]<UL><LI>Max Depth = 140<LI>Call Chain = Ethernet_IMSI &rArr; Flash_User_Write &rArr; Flash_WriteWord
</UL>
<BR>[Calls]<UL><LI><a href="#[a5]">&gt;&gt;</a>&nbsp;&nbsp;&nbsp;Flash_User_Write
<LI><a href="#[65]">&gt;&gt;</a>&nbsp;&nbsp;&nbsp;delay1ms
<LI><a href="#[be]">&gt;&gt;</a>&nbsp;&nbsp;&nbsp;Ethernet_SendDataFun
<LI><a href="#[c5]">&gt;&gt;</a>&nbsp;&nbsp;&nbsp;Ethernet_Clear_Buffer
</UL>
<BR>[Called By]<UL><LI><a href="#[cb]">&gt;&gt;</a>&nbsp;&nbsp;&nbsp;Ethernet_Send_Time
<LI><a href="#[c7]">&gt;&gt;</a>&nbsp;&nbsp;&nbsp;Ethernet_Init
</UL>

<P><STRONG><a name="[c3]"></a>Ethernet_Judgment</STRONG> (Thumb, 146 bytes, Stack size 16 bytes, ethernet_user.o(i.Ethernet_Judgment))
<BR><BR>[Stack]<UL><LI>Max Depth = 72<LI>Call Chain = Ethernet_Judgment &rArr; Ethernet_SendDataFun &rArr; LPUart_SendData &rArr; LPUart_ClrStatus &rArr; SetBit
</UL>
<BR>[Calls]<UL><LI><a href="#[be]">&gt;&gt;</a>&nbsp;&nbsp;&nbsp;Ethernet_SendDataFun
<LI><a href="#[69]">&gt;&gt;</a>&nbsp;&nbsp;&nbsp;__aeabi_uidivmod
</UL>
<BR>[Called By]<UL><LI><a href="#[ca]">&gt;&gt;</a>&nbsp;&nbsp;&nbsp;Ethernet_Uart
<LI><a href="#[d2]">&gt;&gt;</a>&nbsp;&nbsp;&nbsp;Ethernet_TTMode_Exit
<LI><a href="#[c1]">&gt;&gt;</a>&nbsp;&nbsp;&nbsp;Ethernet_Close_Socket
</UL>

<P><STRONG><a name="[c8]"></a>Ethernet_LED_State</STRONG> (Thumb, 48 bytes, Stack size 16 bytes, ethernet_user.o(i.Ethernet_LED_State))
<BR><BR>[Stack]<UL><LI>Max Depth = 40<LI>Call Chain = Ethernet_LED_State &rArr; Gpio_Init &rArr; SetBit
</UL>
<BR>[Calls]<UL><LI><a href="#[73]">&gt;&gt;</a>&nbsp;&nbsp;&nbsp;ddl_memclr
<LI><a href="#[82]">&gt;&gt;</a>&nbsp;&nbsp;&nbsp;Gpio_Init
</UL>
<BR>[Called By]<UL><LI><a href="#[cb]">&gt;&gt;</a>&nbsp;&nbsp;&nbsp;Ethernet_Send_Time
<LI><a href="#[c7]">&gt;&gt;</a>&nbsp;&nbsp;&nbsp;Ethernet_Init
</UL>

<P><STRONG><a name="[c9]"></a>Ethernet_Power_On</STRONG> (Thumb, 114 bytes, Stack size 8 bytes, ethernet_user.o(i.Ethernet_Power_On))
<BR><BR>[Stack]<UL><LI>Max Depth = 8<LI>Call Chain = Ethernet_Power_On
</UL>
<BR>[Calls]<UL><LI><a href="#[69]">&gt;&gt;</a>&nbsp;&nbsp;&nbsp;__aeabi_uidivmod
</UL>
<BR>[Called By]<UL><LI><a href="#[cb]">&gt;&gt;</a>&nbsp;&nbsp;&nbsp;Ethernet_Send_Time
<LI><a href="#[c7]">&gt;&gt;</a>&nbsp;&nbsp;&nbsp;Ethernet_Init
</UL>

<P><STRONG><a name="[be]"></a>Ethernet_SendDataFun</STRONG> (Thumb, 28 bytes, Stack size 16 bytes, ethernet_user.o(i.Ethernet_SendDataFun))
<BR><BR>[Stack]<UL><LI>Max Depth = 56<LI>Call Chain = Ethernet_SendDataFun &rArr; LPUart_SendData &rArr; LPUart_ClrStatus &rArr; SetBit
</UL>
<BR>[Calls]<UL><LI><a href="#[b2]">&gt;&gt;</a>&nbsp;&nbsp;&nbsp;LPUart_SendData
</UL>
<BR>[Called By]<UL><LI><a href="#[cb]">&gt;&gt;</a>&nbsp;&nbsp;&nbsp;Ethernet_Send_Time
<LI><a href="#[cf]">&gt;&gt;</a>&nbsp;&nbsp;&nbsp;Ethernet_Set_Socket
<LI><a href="#[c3]">&gt;&gt;</a>&nbsp;&nbsp;&nbsp;Ethernet_Judgment
<LI><a href="#[c6]">&gt;&gt;</a>&nbsp;&nbsp;&nbsp;Ethernet_IMSI
<LI><a href="#[c4]">&gt;&gt;</a>&nbsp;&nbsp;&nbsp;Ethernet_IMEI
<LI><a href="#[c0]">&gt;&gt;</a>&nbsp;&nbsp;&nbsp;Ethernet_CGATT
<LI><a href="#[bd]">&gt;&gt;</a>&nbsp;&nbsp;&nbsp;Ethernet_ATCSQ
</UL>

<P><STRONG><a name="[d0]"></a>Ethernet_Senddata_Success</STRONG> (Thumb, 72 bytes, Stack size 16 bytes, ethernet_user.o(i.Ethernet_Senddata_Success))
<BR><BR>[Stack]<UL><LI>Max Depth = 16<LI>Call Chain = Ethernet_Senddata_Success
</UL>
<BR>[Calls]<UL><LI><a href="#[c5]">&gt;&gt;</a>&nbsp;&nbsp;&nbsp;Ethernet_Clear_Buffer
</UL>
<BR>[Called By]<UL><LI><a href="#[cb]">&gt;&gt;</a>&nbsp;&nbsp;&nbsp;Ethernet_Send_Time
</UL>

<P><STRONG><a name="[d1]"></a>Ethernet_Server_Ready</STRONG> (Thumb, 80 bytes, Stack size 8 bytes, ethernet_user.o(i.Ethernet_Server_Ready))
<BR><BR>[Stack]<UL><LI>Max Depth = 8<LI>Call Chain = Ethernet_Server_Ready
</UL>
<BR>[Calls]<UL><LI><a href="#[69]">&gt;&gt;</a>&nbsp;&nbsp;&nbsp;__aeabi_uidivmod
</UL>
<BR>[Called By]<UL><LI><a href="#[cb]">&gt;&gt;</a>&nbsp;&nbsp;&nbsp;Ethernet_Send_Time
</UL>

<P><STRONG><a name="[cf]"></a>Ethernet_Set_Socket</STRONG> (Thumb, 200 bytes, Stack size 72 bytes, ethernet_user.o(i.Ethernet_Set_Socket))
<BR><BR>[Stack]<UL><LI>Max Depth = 128<LI>Call Chain = Ethernet_Set_Socket &rArr; Ethernet_SendDataFun &rArr; LPUart_SendData &rArr; LPUart_ClrStatus &rArr; SetBit
</UL>
<BR>[Calls]<UL><LI><a href="#[c2]">&gt;&gt;</a>&nbsp;&nbsp;&nbsp;Number_To_Char
<LI><a href="#[d5]">&gt;&gt;</a>&nbsp;&nbsp;&nbsp;Ethernet_Socket_Create
<LI><a href="#[be]">&gt;&gt;</a>&nbsp;&nbsp;&nbsp;Ethernet_SendDataFun
<LI><a href="#[a7]">&gt;&gt;</a>&nbsp;&nbsp;&nbsp;__aeabi_memcpy4
</UL>
<BR>[Called By]<UL><LI><a href="#[cb]">&gt;&gt;</a>&nbsp;&nbsp;&nbsp;Ethernet_Send_Time
</UL>

<P><STRONG><a name="[d5]"></a>Ethernet_Socket_Create</STRONG> (Thumb, 122 bytes, Stack size 8 bytes, ethernet_user.o(i.Ethernet_Socket_Create))
<BR><BR>[Stack]<UL><LI>Max Depth = 8<LI>Call Chain = Ethernet_Socket_Create
</UL>
<BR>[Calls]<UL><LI><a href="#[69]">&gt;&gt;</a>&nbsp;&nbsp;&nbsp;__aeabi_uidivmod
</UL>
<BR>[Called By]<UL><LI><a href="#[cf]">&gt;&gt;</a>&nbsp;&nbsp;&nbsp;Ethernet_Set_Socket
</UL>

<P><STRONG><a name="[d2]"></a>Ethernet_TTMode_Exit</STRONG> (Thumb, 24 bytes, Stack size 8 bytes, ethernet_user.o(i.Ethernet_TTMode_Exit))
<BR><BR>[Stack]<UL><LI>Max Depth = 80<LI>Call Chain = Ethernet_TTMode_Exit &rArr; Ethernet_Judgment &rArr; Ethernet_SendDataFun &rArr; LPUart_SendData &rArr; LPUart_ClrStatus &rArr; SetBit
</UL>
<BR>[Calls]<UL><LI><a href="#[c3]">&gt;&gt;</a>&nbsp;&nbsp;&nbsp;Ethernet_Judgment
</UL>
<BR>[Called By]<UL><LI><a href="#[cb]">&gt;&gt;</a>&nbsp;&nbsp;&nbsp;Ethernet_Send_Time
</UL>

<P><STRONG><a name="[ca]"></a>Ethernet_Uart</STRONG> (Thumb, 20 bytes, Stack size 24 bytes, ethernet_user.o(i.Ethernet_Uart))
<BR><BR>[Stack]<UL><LI>Max Depth = 96<LI>Call Chain = Ethernet_Uart &rArr; Ethernet_Judgment &rArr; Ethernet_SendDataFun &rArr; LPUart_SendData &rArr; LPUart_ClrStatus &rArr; SetBit
</UL>
<BR>[Calls]<UL><LI><a href="#[c3]">&gt;&gt;</a>&nbsp;&nbsp;&nbsp;Ethernet_Judgment
</UL>
<BR>[Called By]<UL><LI><a href="#[cb]">&gt;&gt;</a>&nbsp;&nbsp;&nbsp;Ethernet_Send_Time
<LI><a href="#[c7]">&gt;&gt;</a>&nbsp;&nbsp;&nbsp;Ethernet_Init
</UL>

<P><STRONG><a name="[c2]"></a>Number_To_Char</STRONG> (Thumb, 278 bytes, Stack size 24 bytes, ethernet_user.o(i.Number_To_Char))
<BR><BR>[Stack]<UL><LI>Max Depth = 32<LI>Call Chain = Number_To_Char &rArr; __aeabi_idivmod
</UL>
<BR>[Calls]<UL><LI><a href="#[cc]">&gt;&gt;</a>&nbsp;&nbsp;&nbsp;__aeabi_idivmod
</UL>
<BR>[Called By]<UL><LI><a href="#[cf]">&gt;&gt;</a>&nbsp;&nbsp;&nbsp;Ethernet_Set_Socket
<LI><a href="#[c1]">&gt;&gt;</a>&nbsp;&nbsp;&nbsp;Ethernet_Close_Socket
</UL>

<P><STRONG><a name="[fe]"></a>LCD_Mizi_Four</STRONG> (Thumb, 370 bytes, Stack size 4 bytes, lcd_user.o(i.LCD_Mizi_Four))
<BR><BR>[Stack]<UL><LI>Max Depth = 12<LI>Call Chain = LCD_Mizi_Four &rArr; __ARM_common_switch8
</UL>
<BR>[Calls]<UL><LI><a href="#[93]">&gt;&gt;</a>&nbsp;&nbsp;&nbsp;__ARM_common_switch8
</UL>
<BR>[Called By]<UL><LI><a href="#[ff]">&gt;&gt;</a>&nbsp;&nbsp;&nbsp;LCD_Mizi_Number
</UL>

<P><STRONG><a name="[100]"></a>LCD_Mizi_One</STRONG> (Thumb, 370 bytes, Stack size 4 bytes, lcd_user.o(i.LCD_Mizi_One))
<BR><BR>[Stack]<UL><LI>Max Depth = 12<LI>Call Chain = LCD_Mizi_One &rArr; __ARM_common_switch8
</UL>
<BR>[Calls]<UL><LI><a href="#[93]">&gt;&gt;</a>&nbsp;&nbsp;&nbsp;__ARM_common_switch8
</UL>
<BR>[Called By]<UL><LI><a href="#[ff]">&gt;&gt;</a>&nbsp;&nbsp;&nbsp;LCD_Mizi_Number
</UL>

<P><STRONG><a name="[fb]"></a>LCD_Refresh</STRONG> (Thumb, 52 bytes, Stack size 32 bytes, lcd_user.o(i.LCD_Refresh))
<BR><BR>[Stack]<UL><LI>Max Depth = 104<LI>Call Chain = LCD_Refresh &rArr; LCD_Write &rArr; LCD_CheckAsk &rArr; LCD_SDA_OUT &rArr; Gpio_Init &rArr; SetBit
</UL>
<BR>[Calls]<UL><LI><a href="#[fd]">&gt;&gt;</a>&nbsp;&nbsp;&nbsp;LCD_Write
<LI><a href="#[e2]">&gt;&gt;</a>&nbsp;&nbsp;&nbsp;__aeabi_memclr4
</UL>
<BR>[Called By]<UL><LI><a href="#[d4]">&gt;&gt;</a>&nbsp;&nbsp;&nbsp;LCD_General
<LI><a href="#[f5]">&gt;&gt;</a>&nbsp;&nbsp;&nbsp;LCD_Init
</UL>

<P><STRONG><a name="[135]"></a>_SysctrlUnlock</STRONG> (Thumb, 12 bytes, Stack size 0 bytes, sysctrl.o(i._SysctrlUnlock))
<BR><BR>[Called By]<UL><LI><a href="#[8c]">&gt;&gt;</a>&nbsp;&nbsp;&nbsp;Sysctrl_ClkSourceEnable
<LI><a href="#[132]">&gt;&gt;</a>&nbsp;&nbsp;&nbsp;Sysctrl_SysClkSwitch
<LI><a href="#[134]">&gt;&gt;</a>&nbsp;&nbsp;&nbsp;Sysctrl_SetPCLKDiv
<LI><a href="#[133]">&gt;&gt;</a>&nbsp;&nbsp;&nbsp;Sysctrl_SetHCLKDiv
</UL>

<P><STRONG><a name="[bc]"></a>NVIC_SetPriority</STRONG> (Thumb, 110 bytes, Stack size 8 bytes, interrupts_hc32l17x.o(i.NVIC_SetPriority))
<BR><BR>[Stack]<UL><LI>Max Depth = 8<LI>Call Chain = NVIC_SetPriority
</UL>
<BR>[Called By]<UL><LI><a href="#[7a]">&gt;&gt;</a>&nbsp;&nbsp;&nbsp;EnableNvic
</UL>

<P><STRONG><a name="[51]"></a>_dadd1</STRONG> (Thumb, 290 bytes, Stack size 20 bytes, daddsub.o(.text), UNUSED)
<BR><BR>[Called By]<UL><LI><a href="#[53]">&gt;&gt;</a>&nbsp;&nbsp;&nbsp;_drsb
<LI><a href="#[52]">&gt;&gt;</a>&nbsp;&nbsp;&nbsp;_dsub
<LI><a href="#[4f]">&gt;&gt;</a>&nbsp;&nbsp;&nbsp;_dadd
</UL>

<P><STRONG><a name="[50]"></a>_dsub1</STRONG> (Thumb, 470 bytes, Stack size 40 bytes, daddsub.o(.text), UNUSED)
<BR><BR>[Called By]<UL><LI><a href="#[53]">&gt;&gt;</a>&nbsp;&nbsp;&nbsp;_drsb
<LI><a href="#[52]">&gt;&gt;</a>&nbsp;&nbsp;&nbsp;_dsub
<LI><a href="#[4f]">&gt;&gt;</a>&nbsp;&nbsp;&nbsp;_dadd
</UL>

<P><STRONG><a name="[151]"></a>_fadd1</STRONG> (Thumb, 0 bytes, Stack size unknown bytes, faddsub.o(x$fpl$fadd), UNUSED)
<BR><BR>[Called By]<UL><LI><a href="#[150]">&gt;&gt;</a>&nbsp;&nbsp;&nbsp;_fsub
</UL>

<P><STRONG><a name="[14f]"></a>_fsub1</STRONG> (Thumb, 0 bytes, Stack size unknown bytes, faddsub.o(x$fpl$fsub), UNUSED)
<BR><BR>[Called By]<UL><LI><a href="#[14e]">&gt;&gt;</a>&nbsp;&nbsp;&nbsp;_fadd
</UL>
<P>
<H3>
Undefined Global Symbols
</H3>
<P><STRONG><a name="[b7]"></a>ClkTrim_IRQHandler</STRONG> (ARM, 0 bytes, Stack size 0 bytes, UNDEFINED, UNUSED, KEPT)
<BR><BR>[Called By]<UL><LI><a href="#[36]">&gt;&gt;</a>&nbsp;&nbsp;&nbsp;CLKTRIM_IRQHandler
</UL>

<P><STRONG><a name="[61]"></a>Dac_IRQHandler</STRONG> (ARM, 0 bytes, Stack size 0 bytes, UNDEFINED)
<BR><BR>[Called By]<UL><LI><a href="#[23]">&gt;&gt;</a>&nbsp;&nbsp;&nbsp;ADC_DAC_IRQHandler
</UL>

<P><STRONG><a name="[b8]"></a>Dmac_IRQHandler</STRONG> (ARM, 0 bytes, Stack size 0 bytes, UNDEFINED)
<BR><BR>[Called By]<UL><LI><a href="#[f]">&gt;&gt;</a>&nbsp;&nbsp;&nbsp;DMAC_IRQHandler
</UL>

<P><STRONG><a name="[d6]"></a>Flash_IRQHandler</STRONG> (ARM, 0 bytes, Stack size 0 bytes, UNDEFINED)
<BR><BR>[Called By]<UL><LI><a href="#[29]">&gt;&gt;</a>&nbsp;&nbsp;&nbsp;FLASH_RAM_IRQHandler
</UL>

<P><STRONG><a name="[ed]"></a>I2c0_IRQHandler</STRONG> (ARM, 0 bytes, Stack size 0 bytes, UNDEFINED)
<BR><BR>[Called By]<UL><LI><a href="#[17]">&gt;&gt;</a>&nbsp;&nbsp;&nbsp;I2C0_IRQHandler
</UL>

<P><STRONG><a name="[ee]"></a>I2c1_IRQHandler</STRONG> (ARM, 0 bytes, Stack size 0 bytes, UNDEFINED)
<BR><BR>[Called By]<UL><LI><a href="#[18]">&gt;&gt;</a>&nbsp;&nbsp;&nbsp;I2C1_IRQHandler
</UL>

<P><STRONG><a name="[fc]"></a>Lcd_IRQHandler</STRONG> (ARM, 0 bytes, Stack size 0 bytes, UNDEFINED)
<BR><BR>[Called By]<UL><LI><a href="#[28]">&gt;&gt;</a>&nbsp;&nbsp;&nbsp;LCD_IRQHandler
</UL>

<P><STRONG><a name="[108]"></a>LpTim1_IRQHandler</STRONG> (ARM, 0 bytes, Stack size 0 bytes, UNDEFINED)
<BR><BR>[Called By]<UL><LI><a href="#[1c]">&gt;&gt;</a>&nbsp;&nbsp;&nbsp;LPTIM0_1_IRQHandler
</UL>

<P><STRONG><a name="[113]"></a>Lvd_IRQHandler</STRONG> (ARM, 0 bytes, Stack size 0 bytes, UNDEFINED, UNUSED, KEPT)
<BR><BR>[Called By]<UL><LI><a href="#[37]">&gt;&gt;</a>&nbsp;&nbsp;&nbsp;LVD_IRQHandler
</UL>

<P><STRONG><a name="[118]"></a>Pca_IRQHandler</STRONG> (ARM, 0 bytes, Stack size 0 bytes, UNDEFINED)
<BR><BR>[Called By]<UL><LI><a href="#[20]">&gt;&gt;</a>&nbsp;&nbsp;&nbsp;PCA_IRQHandler
</UL>

<P><STRONG><a name="[119]"></a>Pcnt_IRQHandler</STRONG> (ARM, 0 bytes, Stack size 0 bytes, UNDEFINED)
<BR><BR>[Called By]<UL><LI><a href="#[24]">&gt;&gt;</a>&nbsp;&nbsp;&nbsp;PCNT_IRQHandler
</UL>

<P><STRONG><a name="[11a]"></a>PortA_IRQHandler</STRONG> (ARM, 0 bytes, Stack size 0 bytes, UNDEFINED)
<BR><BR>[Called By]<UL><LI><a href="#[b]">&gt;&gt;</a>&nbsp;&nbsp;&nbsp;PORTA_IRQHandler
</UL>

<P><STRONG><a name="[11b]"></a>PortC_IRQHandler</STRONG> (ARM, 0 bytes, Stack size 0 bytes, UNDEFINED)
<BR><BR>[Called By]<UL><LI><a href="#[d]">&gt;&gt;</a>&nbsp;&nbsp;&nbsp;PORTC_E_IRQHandler
</UL>

<P><STRONG><a name="[11d]"></a>PortD_IRQHandler</STRONG> (ARM, 0 bytes, Stack size 0 bytes, UNDEFINED)
<BR><BR>[Called By]<UL><LI><a href="#[e]">&gt;&gt;</a>&nbsp;&nbsp;&nbsp;PORTD_F_IRQHandler
</UL>

<P><STRONG><a name="[11c]"></a>PortE_IRQHandler</STRONG> (ARM, 0 bytes, Stack size 0 bytes, UNDEFINED)
<BR><BR>[Called By]<UL><LI><a href="#[d]">&gt;&gt;</a>&nbsp;&nbsp;&nbsp;PORTC_E_IRQHandler
</UL>

<P><STRONG><a name="[11e]"></a>PortF_IRQHandler</STRONG> (ARM, 0 bytes, Stack size 0 bytes, UNDEFINED)
<BR><BR>[Called By]<UL><LI><a href="#[e]">&gt;&gt;</a>&nbsp;&nbsp;&nbsp;PORTD_F_IRQHandler
</UL>

<P><STRONG><a name="[d7]"></a>Ram_IRQHandler</STRONG> (ARM, 0 bytes, Stack size 0 bytes, UNDEFINED)
<BR><BR>[Called By]<UL><LI><a href="#[29]">&gt;&gt;</a>&nbsp;&nbsp;&nbsp;FLASH_RAM_IRQHandler
</UL>

<P><STRONG><a name="[11f]"></a>Rtc_IRQHandler</STRONG> (ARM, 0 bytes, Stack size 0 bytes, UNDEFINED)
<BR><BR>[Called By]<UL><LI><a href="#[22]">&gt;&gt;</a>&nbsp;&nbsp;&nbsp;RTC_IRQHandler
</UL>

<P><STRONG><a name="[126]"></a>Spi0_IRQHandler</STRONG> (ARM, 0 bytes, Stack size 0 bytes, UNDEFINED, UNUSED, KEPT)
<BR><BR>[Called By]<UL><LI><a href="#[38]">&gt;&gt;</a>&nbsp;&nbsp;&nbsp;SPI0_IRQHandler
</UL>

<P><STRONG><a name="[127]"></a>Spi1_IRQHandler</STRONG> (ARM, 0 bytes, Stack size 0 bytes, UNDEFINED, UNUSED, KEPT)
<BR><BR>[Called By]<UL><LI><a href="#[39]">&gt;&gt;</a>&nbsp;&nbsp;&nbsp;SPI1_IRQHandler
</UL>

<P><STRONG><a name="[12b]"></a>SysTick_IRQHandler</STRONG> (ARM, 0 bytes, Stack size 0 bytes, UNDEFINED)
<BR><BR>[Called By]<UL><LI><a href="#[a]">&gt;&gt;</a>&nbsp;&nbsp;&nbsp;SysTick_Handler
</UL>

<P><STRONG><a name="[138]"></a>Tim1_IRQHandler</STRONG> (ARM, 0 bytes, Stack size 0 bytes, UNDEFINED)
<BR><BR>[Called By]<UL><LI><a href="#[1a]">&gt;&gt;</a>&nbsp;&nbsp;&nbsp;TIM1_IRQHandler
</UL>

<P><STRONG><a name="[139]"></a>Tim2_IRQHandler</STRONG> (ARM, 0 bytes, Stack size 0 bytes, UNDEFINED)
<BR><BR>[Called By]<UL><LI><a href="#[1b]">&gt;&gt;</a>&nbsp;&nbsp;&nbsp;TIM2_IRQHandler
</UL>

<P><STRONG><a name="[13a]"></a>Tim3_IRQHandler</STRONG> (ARM, 0 bytes, Stack size 0 bytes, UNDEFINED)
<BR><BR>[Called By]<UL><LI><a href="#[10]">&gt;&gt;</a>&nbsp;&nbsp;&nbsp;TIM3_IRQHandler
</UL>

<P><STRONG><a name="[13b]"></a>Tim4_IRQHandler</STRONG> (ARM, 0 bytes, Stack size 0 bytes, UNDEFINED)
<BR><BR>[Called By]<UL><LI><a href="#[1d]">&gt;&gt;</a>&nbsp;&nbsp;&nbsp;TIM4_IRQHandler
</UL>

<P><STRONG><a name="[13c]"></a>Tim5_IRQHandler</STRONG> (ARM, 0 bytes, Stack size 0 bytes, UNDEFINED)
<BR><BR>[Called By]<UL><LI><a href="#[1e]">&gt;&gt;</a>&nbsp;&nbsp;&nbsp;TIM5_IRQHandler
</UL>

<P><STRONG><a name="[13d]"></a>Tim6_IRQHandler</STRONG> (ARM, 0 bytes, Stack size 0 bytes, UNDEFINED)
<BR><BR>[Called By]<UL><LI><a href="#[1f]">&gt;&gt;</a>&nbsp;&nbsp;&nbsp;TIM6_IRQHandler
</UL>

<P><STRONG><a name="[146]"></a>Uart0_IRQHandler</STRONG> (ARM, 0 bytes, Stack size 0 bytes, UNDEFINED)
<BR><BR>[Called By]<UL><LI><a href="#[11]">&gt;&gt;</a>&nbsp;&nbsp;&nbsp;UART0_2_IRQHandler
</UL>

<P><STRONG><a name="[148]"></a>Uart1_IRQHandler</STRONG> (ARM, 0 bytes, Stack size 0 bytes, UNDEFINED)
<BR><BR>[Called By]<UL><LI><a href="#[12]">&gt;&gt;</a>&nbsp;&nbsp;&nbsp;UART1_3_IRQHandler
</UL>

<P><STRONG><a name="[147]"></a>Uart2_IRQHandler</STRONG> (ARM, 0 bytes, Stack size 0 bytes, UNDEFINED)
<BR><BR>[Called By]<UL><LI><a href="#[11]">&gt;&gt;</a>&nbsp;&nbsp;&nbsp;UART0_2_IRQHandler
</UL>

<P><STRONG><a name="[149]"></a>Uart3_IRQHandler</STRONG> (ARM, 0 bytes, Stack size 0 bytes, UNDEFINED)
<BR><BR>[Called By]<UL><LI><a href="#[12]">&gt;&gt;</a>&nbsp;&nbsp;&nbsp;UART1_3_IRQHandler
</UL>

<P><STRONG><a name="[14a]"></a>Vc0_IRQHandler</STRONG> (ARM, 0 bytes, Stack size 0 bytes, UNDEFINED, UNUSED, KEPT)
<BR><BR>[Called By]<UL><LI><a href="#[3a]">&gt;&gt;</a>&nbsp;&nbsp;&nbsp;VC0_IRQHandler
</UL>

<P><STRONG><a name="[14b]"></a>Vc1_IRQHandler</STRONG> (ARM, 0 bytes, Stack size 0 bytes, UNDEFINED, UNUSED, KEPT)
<BR><BR>[Called By]<UL><LI><a href="#[3b]">&gt;&gt;</a>&nbsp;&nbsp;&nbsp;VC1_2_IRQHandler
</UL>

<P><STRONG><a name="[14c]"></a>Vc2_IRQHandler</STRONG> (ARM, 0 bytes, Stack size 0 bytes, UNDEFINED, UNUSED, KEPT)
<BR><BR>[Called By]<UL><LI><a href="#[3b]">&gt;&gt;</a>&nbsp;&nbsp;&nbsp;VC1_2_IRQHandler
</UL>

<P><STRONG><a name="[14d]"></a>Wdt_IRQHandler</STRONG> (ARM, 0 bytes, Stack size 0 bytes, UNDEFINED)
<BR><BR>[Called By]<UL><LI><a href="#[21]">&gt;&gt;</a>&nbsp;&nbsp;&nbsp;WDT_IRQHandler
</UL>

<P><STRONG><a name="[5f]"></a>_call_atexit_fns</STRONG> (ARM, 0 bytes, Stack size 0 bytes, UNDEFINED)
<BR><BR>[Called By]<UL><LI><a href="#[46]">&gt;&gt;</a>&nbsp;&nbsp;&nbsp;exit
</UL>
<HR></body></html>
