<html>
<body>
<pre>
<h1>µVision Build Log</h1>
<h2>Tool Versions:</h2>
IDE-Version: ¦ÌVision V5.15
Copyright (C) 2015 ARM Ltd and ARM Germany GmbH. All rights reserved.
License Information: wu dongyang, 1, LIC=----
 
Tool Versions:
Toolchain:       MDK-Lite  Version: 5.15.0
Toolchain Path:  D:\keil\ARM\ARMCC\Bin
C Compiler:      Armcc.exe V5.05 update 2 (build 169)
Assembler:       Armasm.exe V5.05 update 2 (build 169)
Linker/Locator:  ArmLink.exe V5.05 update 2 (build 169)
Library Manager: ArmAr.exe V5.05 update 2 (build 169)
Hex Converter:   FromElf.exe V5.05 update 2 (build 169)
CPU DLL:         SARMCM3.DLL V5.15.0
Dialog DLL:      DARMCM1.DLL V1.12.0.0
Target DLL:      Segger\JL2CM3.dll V2.99.15.0
Dialog DLL:      TARMCM1.DLL V1.9.0.0
 
<h2>Project:</h2>
D:\project\8_Ô¶´«±íÍ·\Working_Test\Remote_meter_V1.0_150\Remote_meter.uvprojx
Project File Date:  08/09/2023

<h2>Output:</h2>
*** Using Compiler 'V5.05 update 2 (build 169)', folder: 'D:\keil\ARM\ARMCC\Bin'
Rebuild target 'main'
compiling main.c...
compiling adc_user.c...
..\driver\inc\adc.h(237): warning:  #66-D: enumeration value is out of "int" range
      AdcMskTrigPC15       =  1u<<31,        /*!<é€?æ‹?PC15ä¸?æ–?æº?ï¼?è‡?åŠ?è§?å?ADCé‡?æ ?*/
src\adc_user.c(49): warning:  #177-D: function "App_AdcPortDeInit" was declared but never referenced
  static void App_AdcPortDeInit(void)
src\adc_user.c: 2 warnings, 0 errors
compiling ble_user.c...
..\driver\inc\adc.h(237): warning:  #66-D: enumeration value is out of "int" range
      AdcMskTrigPC15       =  1u<<31,        /*!<é€?æ‹?PC15ä¸?æ–?æº?ï¼?è‡?åŠ?è§?å?ADCé‡?æ ?*/
src\ble_user.c: 1 warning, 0 errors
compiling flash_user.c...
compiling iic_user.c...
compiling key_user.c...
compiling pwm_user.c...
compiling sys_user.c...
compiling timer_user.c...
compiling uart_user.c...
compiling sensor_user.c...
compiling ethernet_user.c...
src\ethernet_user.c(381): warning:  #177-D: function "Ethernet_SleepAuto" was declared but never referenced
  static void Ethernet_SleepAuto(void)
src\ethernet_user.c(389): warning:  #177-D: function "Ethernet_Mini_Mode" was declared but never referenced
  static void Ethernet_Mini_Mode(void)
src\ethernet_user.c(397): warning:  #177-D: function "Ethernet_Func_Mode" was declared but never referenced
  static void Ethernet_Func_Mode(void)
src\ethernet_user.c: 3 warnings, 0 errors
compiling lcd_user.c...
compiling adc.c...
..\driver\inc\adc.h(237): warning:  #66-D: enumeration value is out of "int" range
      AdcMskTrigPC15       =  1u<<31,        /*!<é€?æ‹?PC15ä¸?æ–?æº?ï¼?è‡?åŠ?è§?å?ADCé‡?æ ?*/
..\driver\src\adc.c: 1 warning, 0 errors
compiling adt.c...
compiling aes.c...
compiling bgr.c...
compiling bt.c...
compiling crc.c...
compiling dac.c...
compiling ddl.c...
compiling debug.c...
compiling dmac.c...
compiling flash.c...
compiling gpio.c...
compiling i2c.c...
compiling lcd.c...
compiling lpm.c...
compiling lptim.c...
compiling lpuart.c...
compiling lvd.c...
compiling opa.c...
compiling pca.c...
compiling pcnt.c...
compiling ram.c...
compiling reset.c...
compiling rtc.c...
compiling spi.c...
compiling sysctrl.c...
compiling timer3.c...
compiling trim.c...
compiling trng.c...
compiling uart.c...
compiling vc.c...
compiling wdt.c...
compiling interrupts_hc32l17x.c...
assembling startup_hc32l17x.s...
compiling system_hc32l17x.c...
linking...
Program Size: Code=23104 RO-data=1084 RW-data=8 ZI-data=3192  
FromELF: creating hex file...
".\Objects\Remote_meter.axf" - 0 Error(s), 7 Warning(s).

<h2>Software Packages used:</h2>

Package Vendor: ARM
                http://www.keil.com/pack/ARM.CMSIS.4.3.0.pack
                ARM::CMSIS:DSP:1.4.5
                CMSIS (Cortex Microcontroller Software Interface Standard)
   * Component: DSP Version: 1.4.5
   * Component: CORE Version: 4.1.0

Package Vendor: HDSC
                https://raw.githubusercontent.com/hdscmcu/pack/master/HDSC.HC32L17X.1.0.0.pack
                HDSC::Device:Startup:1.0.0
                HC32L17X ARM Cortex-M0+ Device Family Pack
   * Component: Startup Version: 1.0.0

<h2>Collection of Component include folders:</h2>
  D:\project\8_Ô¶´«±íÍ·\Working_Test\Remote_meter_V1.0_150\RTE
  D:\project\8_Ô¶´«±íÍ·\Working_Test\Remote_meter_V1.0_150\RTE\Device\HC32L170JATA
  D:\keil\PACK\ARM\CMSIS\4.3.0\CMSIS\Include
  D:\keil\PACK\HDSC\HC32L17X\1.0.0\Device\Include

<h2>Collection of Component Files used:</h2>

   * Component: ARM::CMSIS:DSP:1.4.5
      Library file:  CMSIS\Lib\ARM\arm_cortexM0l_math.lib
      Include file:  CMSIS\Include\arm_math.h

   * Component: ARM::CMSIS:CORE:4.1.0

   * Component: HDSC::Device:Startup:1.0.0
      Include file:  Device\Include\HC32L170JATA.h
      Source file:   Device\Source\ARM\startup_hc32l17x.s
      Source file:   Device\Source\system_hc32l17x.c
      Include file:  Device\Include\system_hc32l17x.h
</pre>
</body>
</html>
